 num     #instances         #bytes  class name (module)
-------------------------------------------------------
   1:       3047701      124427864  [B (java.base@17.0.5)
   2:       3010041       96321312  java.util.HashMap$Node (java.base@17.0.5)
   3:       3046124       73106976  java.lang.String (java.base@17.0.5)
   4:       3000000       72000000  narif.poc.memoryleaks.model.BadPerson
   5:          4009       17124104  [Ljava.util.HashMap$Node; (java.base@17.0.5)
   6:          8368         993008  java.lang.Class (java.base@17.0.5)
   7:         23536         753152  java.util.concurrent.ConcurrentHashMap$Node (java.base@17.0.5)
   8:          8126         434168  [Ljava.lang.Object; (java.base@17.0.5)
   9:          8490         339600  java.util.LinkedHashMap$Entry (java.base@17.0.5)
  10:          3673         336232  [I (java.base@17.0.5)
  11:          2928         257664  java.lang.reflect.Method (java.base@17.0.5)
  12:          4284         239904  java.util.LinkedHashMap (java.base@17.0.5)
  13:           267         235504  [Ljava.util.concurrent.ConcurrentHashMap$Node; (java.base@17.0.5)
  14:         10423         166768  java.lang.Object (java.base@17.0.5)
  15:          2512         120576  java.lang.invoke.MemberName (java.base@17.0.5)
  16:          2983         119320  java.lang.ref.SoftReference (java.base@17.0.5)
  17:           311          93344  [C (java.base@17.0.5)
  18:          3702          87624  [Ljava.lang.Class; (java.base@17.0.5)
  19:          2077          83080  java.lang.invoke.MethodType (java.base@17.0.5)
  20:          1985          79400  sun.util.locale.LocaleObjectCache$CacheEntry (java.base@17.0.5)
  21:          2115          77040  [Ljava.lang.String; (java.base@17.0.5)
  22:          2870          68880  java.util.ArrayList (java.base@17.0.5)
  23:          2093          66976  java.lang.invoke.MethodType$ConcurrentWeakInternSet$WeakEntry (java.base@17.0.5)
  24:          1388          66624  java.util.HashMap (java.base@17.0.5)
  25:           875          56000  java.util.concurrent.ConcurrentHashMap (java.base@17.0.5)
  26:          2229          53496  java.util.ImmutableCollections$List12 (java.base@17.0.5)
  27:           733          52776  java.lang.reflect.Constructor (java.base@17.0.5)
  28:          1049          50352  org.springframework.core.ResolvableType
  29:           232          44544  org.springframework.context.annotation.ConfigurationClassBeanDefinitionReader$ConfigurationClassBeanDefinition
  30:          1828          43872  java.lang.invoke.ResolvedMethodName (java.base@17.0.5)
  31:          1420          34080  jdk.jfr.AnnotationElement (jdk.jfr@17.0.5)
  32:          1365          32760  jdk.jfr.internal.AnnotationConstruct (jdk.jfr@17.0.5)
  33:          1011          32352  sun.util.locale.BaseLocale (java.base@17.0.5)
  34:           992          31744  sun.util.locale.BaseLocale$Key (java.base@17.0.5)
  35:           406          30856  [Ljava.lang.ref.SoftReference; (java.base@17.0.5)
  36:           488          27328  org.springframework.core.annotation.TypeMappedAnnotation
  37:           678          27120  java.util.TreeMap$Entry (java.base@17.0.5)
  38:          1119          26856  sun.reflect.annotation.AnnotationInvocationHandler (java.base@17.0.5)
  39:           608          24320  org.springframework.util.ConcurrentReferenceHashMap$Segment
  40:           137          24112  org.springframework.beans.factory.support.RootBeanDefinition
  41:           744          23808  jdk.jfr.ValueDescriptor (jdk.jfr@17.0.5)
  42:           608          23552  [Lorg.springframework.util.ConcurrentReferenceHashMap$Reference;
  43:           724          23168  java.lang.ref.ReferenceQueue (java.base@17.0.5)
  44:           721          23072  java.lang.ref.WeakReference (java.base@17.0.5)
  45:           697          22304  java.lang.invoke.DirectMethodHandle (java.base@17.0.5)
  46:           549          21960  java.lang.invoke.DirectMethodHandle$Constructor (java.base@17.0.5)
  47:           909          21816  java.util.concurrent.ConcurrentLinkedDeque$Node (java.base@17.0.5)
  48:           443          21264  org.springframework.util.ConcurrentReferenceHashMap$SoftEntryReference
  49:           641          20512  java.util.concurrent.locks.ReentrantLock$NonfairSync (java.base@17.0.5)
  50:           853          20472  java.util.concurrent.CopyOnWriteArrayList (java.base@17.0.5)
  51:           628          20096  java.lang.invoke.LambdaForm$Name (java.base@17.0.5)
  52:          1194          19104  java.util.LinkedHashSet (java.base@17.0.5)
  53:           767          18408  sun.reflect.generics.tree.SimpleClassTypeSignature (java.base@17.0.5)
  54:           361          17328  ch.qos.logback.classic.Logger
  55:           718          17232  java.lang.Class$AnnotationData (java.base@17.0.5)
  56:           428          17120  java.math.BigInteger (java.base@17.0.5)
  57:           707          16968  java.security.Provider$ServiceKey (java.base@17.0.5)
  58:           397          15880  java.lang.Package$VersionInfo (java.base@17.0.5)
  59:           245          15680  java.security.Provider$Service (java.base@17.0.5)
  60:           167          14696  jdk.jfr.internal.PlatformEventType (jdk.jfr@17.0.5)
  61:           608          14592  org.springframework.util.ConcurrentReferenceHashMap$ReferenceManager
  62:           358          14320  [Ljava.util.HashSet; (java.base@17.0.5)
  63:           358          14320  jdk.jfr.internal.Control (jdk.jfr@17.0.5)
  64:           767          14144  [Lsun.reflect.generics.tree.TypeArgument; (java.base@17.0.5)
  65:           432          13824  java.lang.Package (java.base@17.0.5)
  66:           402          12864  java.lang.invoke.BoundMethodHandle$Species_L (java.base@17.0.5)
  67:           219          12264  java.lang.Module (java.base@17.0.5)
  68:           750          12000  sun.reflect.generics.tree.ClassTypeSignature (java.base@17.0.5)
  69:           729          11664  java.util.LinkedHashMap$LinkedKeySet (java.base@17.0.5)
  70:            53          11640  [Ljava.lang.invoke.MethodHandle; (java.base@17.0.5)
  71:           726          11616  java.lang.ref.ReferenceQueue$Lock (java.base@17.0.5)
  72:           106          11608  [Z (java.base@17.0.5)
  73:           358          11456  jdk.jfr.SettingDescriptor (jdk.jfr@17.0.5)
  74:           143          11440  jdk.internal.reflect.DelegatingClassLoader (java.base@17.0.5)
  75:           341          10912  jdk.internal.math.FDBigInteger (java.base@17.0.5)
  76:           445          10680  java.lang.Long (java.base@17.0.5)
  77:           216          10368  java.util.logging.LogManager$LoggerWeakRef (java.logging@17.0.5)
  78:           431          10344  org.apache.commons.logging.LogAdapter$Slf4jLocationAwareLog
  79:           644          10304  java.lang.Integer (java.base@17.0.5)
  80:           428          10272  org.springframework.boot.autoconfigure.condition.ConditionEvaluationReport$ConditionAndOutcome
  81:           428          10272  org.springframework.boot.autoconfigure.condition.ConditionOutcome
  82:           640          10240  java.util.concurrent.atomic.AtomicInteger (java.base@17.0.5)
  83:           209          10032  java.lang.invoke.LambdaForm (java.base@17.0.5)
  84:           416           9984  org.springframework.beans.BeanMetadataAttribute
  85:           411           9864  org.springframework.core.convert.converter.GenericConverter$ConvertiblePair
  86:           410           9840  org.springframework.beans.factory.annotation.InjectionMetadata
  87:           409           9816  java.util.concurrent.ConcurrentLinkedDeque (java.base@17.0.5)
  88:           430           9776  [Lorg.springframework.core.ResolvableType;
  89:           412           9768  [Ljava.lang.reflect.Type; (java.base@17.0.5)
  90:           214           9656  [Ljava.lang.invoke.LambdaForm$Name; (java.base@17.0.5)
  91:           389           9336  java.util.ImmutableCollections$ListN (java.base@17.0.5)
  92:           220           8800  java.security.CodeSource (java.base@17.0.5)
  93:           364           8736  java.lang.module.ModuleDescriptor$Exports (java.base@17.0.5)
  94:           358           8592  jdk.jfr.internal.EventControl$NamedControl (jdk.jfr@17.0.5)
  95:           267           8544  jdk.internal.reflect.NativeConstructorAccessorImpl (java.base@17.0.5)
  96:            90           8448  [Ljava.util.WeakHashMap$Entry; (java.base@17.0.5)
  97:           262           8384  sun.security.util.KnownOIDs (java.base@17.0.5)
  98:           128           8192  org.springframework.core.MethodParameter
  99:           126           8064  java.net.URL (java.base@17.0.5)
 100:           197           7880  java.security.ProtectionDomain (java.base@17.0.5)
 101:           246           7872  java.lang.invoke.MethodTypeForm (java.base@17.0.5)
 102:           325           7800  java.util.Collections$UnmodifiableRandomAccessList (java.base@17.0.5)
 103:            21           7728  java.lang.Thread (java.base@17.0.5)
 104:            69           7728  org.springframework.beans.factory.annotation.AnnotatedGenericBeanDefinition
 105:           466           7456  java.util.LinkedHashMap$LinkedValues (java.base@17.0.5)
 106:           450           7200  java.util.concurrent.CopyOnWriteArraySet (java.base@17.0.5)
 107:           443           7088  org.springframework.beans.factory.support.MethodOverrides
 108:           293           7032  java.lang.invoke.LambdaForm$NamedFunction (java.base@17.0.5)
 109:           428           6848  org.springframework.boot.autoconfigure.condition.ConditionMessage
 110:           408           6528  org.springframework.core.convert.support.GenericConversionService$ConvertersForPair
 111:           269           6456  java.util.ImmutableCollections$Set12 (java.base@17.0.5)
 112:           160           6400  java.util.WeakHashMap$Entry (java.base@17.0.5)
 113:           259           6216  java.security.Provider$UString (java.base@17.0.5)
 114:           193           6176  jdk.internal.reflect.NativeMethodAccessorImpl (java.base@17.0.5)
 115:           379           6064  java.util.HashSet (java.base@17.0.5)
 116:           252           6048  javax.management.ImmutableDescriptor (java.management@17.0.5)
 117:           151           6040  java.lang.invoke.DirectMethodHandle$Special (java.base@17.0.5)
 118:           186           5952  java.util.logging.LogManager$LogNode (java.logging@17.0.5)
 119:           372           5952  org.springframework.boot.autoconfigure.condition.ConditionEvaluationReport$ConditionAndOutcomes
 120:           147           5880  java.lang.reflect.Parameter (java.base@17.0.5)
 121:           214           5824  [Lorg.springframework.core.annotation.AnnotationTypeMappings;
 122:           213           5800  [Lorg.springframework.core.annotation.MergedAnnotation;
 123:           142           5680  org.springframework.core.type.classreading.SimpleMethodMetadata
 124:           141           5640  java.io.ObjectStreamField (java.base@17.0.5)
 125:           349           5584  org.springframework.core.ResolvableType$DefaultVariableResolver
 126:           167           5344  jdk.jfr.internal.EventControl (jdk.jfr@17.0.5)
 127:           167           5344  jdk.jfr.internal.settings.EnabledSetting (jdk.jfr@17.0.5)
 128:            95           5320  java.util.logging.Logger (java.logging@17.0.5)
 129:           166           5312  sun.reflect.generics.repository.ClassRepository (java.base@17.0.5)
 130:           219           5256  org.springframework.beans.MutablePropertyValues
 131:           163           5216  org.springframework.core.convert.support.GenericConversionService$ConverterAdapter
 132:           217           5208  jdk.jfr.internal.settings.BooleanValue (jdk.jfr@17.0.5)
 133:            65           5200  java.net.URI (java.base@17.0.5)
 134:            72           5184  org.springframework.core.annotation.AnnotationTypeMapping
 135:           161           5152  sun.security.pkcs11.SunPKCS11$Descriptor (jdk.crypto.cryptoki@17.0.5)
 136:           213           5112  org.springframework.core.annotation.MergedAnnotationsCollection
 137:            49           5096  java.util.jar.JarFile$JarFileEntry (java.base@17.0.5)
 138:            80           5072  [J (java.base@17.0.5)
 139:           211           5064  sun.reflect.generics.factory.CoreReflectionFactory (java.base@17.0.5)
 140:           211           5064  sun.reflect.generics.reflectiveObjects.ParameterizedTypeImpl (java.base@17.0.5)
 141:            70           5040  java.lang.reflect.Field (java.base@17.0.5)
 142:           107           5008  [Ljava.lang.reflect.Method; (java.base@17.0.5)
 143:           104           4992  jdk.internal.ref.CleanerImpl$PhantomCleanableRef (java.base@17.0.5)
 144:           155           4960  com.sun.jmx.mbeanserver.ConvertingMethod (java.management@17.0.5)
 145:           205           4920  java.util.LinkedList$Node (java.base@17.0.5)
 146:           152           4864  jdk.internal.loader.NativeLibraries (java.base@17.0.5)
 147:           303           4848  jdk.internal.reflect.DelegatingConstructorAccessorImpl (java.base@17.0.5)
 148:           198           4752  jdk.internal.loader.AbstractClassLoaderValue$Sub (java.base@17.0.5)
 149:           192           4608  jdk.internal.module.ServicesCatalog$ServiceProvider (java.base@17.0.5)
 150:            96           4608  jdk.jfr.internal.Type (jdk.jfr@17.0.5)
 151:           142           4544  org.springframework.core.type.classreading.SimpleMethodMetadataReadingVisitor$Source
 152:           281           4496  jdk.internal.reflect.DelegatingMethodAccessorImpl (java.base@17.0.5)
 153:           135           4320  java.lang.module.ModuleDescriptor$Requires (java.base@17.0.5)
 154:           176           4224  org.springframework.boot.web.server.MimeMappings$Mapping
 155:            65           4160  java.lang.module.ModuleDescriptor (java.base@17.0.5)
 156:           172           4128  com.fasterxml.jackson.databind.type.ClassKey
 157:           256           4096  java.lang.Byte (java.base@17.0.5)
 158:           256           4096  java.lang.Short (java.base@17.0.5)
 159:            85           4080  java.util.WeakHashMap (java.base@17.0.5)
 160:           167           4008  jdk.jfr.EventType (jdk.jfr@17.0.5)
 161:           166           3984  sun.reflect.generics.scope.ClassScope (java.base@17.0.5)
 162:           166           3984  sun.reflect.generics.tree.ClassSignature (java.base@17.0.5)
 163:            71           3976  org.springframework.core.type.classreading.SimpleAnnotationMetadata
 164:           240           3840  java.util.HashMap$EntrySet (java.base@17.0.5)
 165:            96           3840  java.util.logging.Logger$ConfigurationData (java.logging@17.0.5)
 166:           212           3808  [Lsun.reflect.generics.tree.FormalTypeParameter; (java.base@17.0.5)
 167:           119           3808  org.springframework.core.SerializableTypeWrapper$MethodParameterTypeProvider
 168:           166           3736  [Lsun.reflect.generics.tree.ClassTypeSignature; (java.base@17.0.5)
 169:            63           3528  jdk.internal.module.ModuleReferenceImpl (java.base@17.0.5)
 170:            88           3520  io.micrometer.core.instrument.Meter$Id
 171:           143           3432  java.util.ImmutableCollections$SetN (java.base@17.0.5)
 172:           107           3424  java.util.Collections$UnmodifiableMap (java.base@17.0.5)
 173:            85           3400  java.lang.invoke.DirectMethodHandle$Interface (java.base@17.0.5)
 174:           125           3376  [Ljavax.management.ObjectName$Property; (java.management@17.0.5)
 175:           140           3360  javax.management.ObjectName$Property (java.management@17.0.5)
 176:           166           3320  [Lcom.sun.jmx.mbeanserver.MXBeanMapping; (java.management@17.0.5)
 177:            69           3312  org.apache.tomcat.util.buf.ByteChunk
 178:            81           3240  com.sun.management.internal.DiagnosticCommandArgumentInfo (jdk.management@17.0.5)
 179:            50           3200  java.util.zip.Inflater (java.base@17.0.5)
 180:           197           3152  [Ljava.security.Principal; (java.base@17.0.5)
 181:           197           3152  java.security.ProtectionDomain$Key (java.base@17.0.5)
 182:            49           3136  javax.management.openmbean.OpenMBeanAttributeInfoSupport (java.management@17.0.5)
 183:            39           3120  java.util.zip.ZipFile$Source (java.base@17.0.5)
 184:            38           3040  [Lorg.springframework.util.ConcurrentReferenceHashMap$Segment;
 185:            25           3000  java.io.ObjectStreamClass (java.base@17.0.5)
 186:           140           2984  [Lsun.reflect.generics.tree.FieldTypeSignature; (java.base@17.0.5)
 187:            61           2928  java.util.TreeMap (java.base@17.0.5)
 188:            55           2888  [Ljavax.management.MBeanAttributeInfo; (java.management@17.0.5)
 189:            72           2880  org.springframework.core.annotation.TypeMappedAnnotations
 190:            90           2880  sun.reflect.annotation.AnnotationType (java.base@17.0.5)
 191:            56           2688  org.apache.tomcat.util.buf.CharChunk
 192:            55           2640  org.apache.tomcat.util.buf.MessageBytes
 193:             7           2632  org.apache.tomcat.util.threads.TaskThread
 194:            36           2592  java.util.ResourceBundle$CacheKey (java.base@17.0.5)
 195:            54           2592  javax.management.MBeanInfo (java.management@17.0.5)
 196:            97           2568  [Ljava.lang.annotation.ElementType; (java.base@17.0.5)
 197:            39           2496  sun.nio.fs.WindowsFileAttributes (java.base@17.0.5)
 198:            62           2480  java.lang.invoke.BoundMethodHandle$Species_LL (java.base@17.0.5)
 199:           103           2472  [[C (java.base@17.0.5)
 200:           103           2472  java.lang.RuntimePermission (java.base@17.0.5)
 201:            72           2304  java.util.ResourceBundle$KeyElementReference (java.base@17.0.5)
 202:            57           2280  sun.nio.fs.WindowsPath (java.base@17.0.5)
 203:            71           2272  jdk.jfr.internal.settings.PeriodSetting (jdk.jfr@17.0.5)
 204:            71           2272  org.springframework.core.type.StandardAnnotationMetadata
 205:            25           2200  java.util.regex.Pattern (java.base@17.0.5)
 206:            39           2184  java.io.FileCleanable (java.base@17.0.5)
 207:            39           2184  java.util.jar.JarFile (java.base@17.0.5)
 208:            68           2176  java.lang.invoke.LambdaForm$Kind (java.base@17.0.5)
 209:            68           2176  jdk.jfr.internal.settings.ThresholdSetting (jdk.jfr@17.0.5)
 210:            68           2176  org.springframework.http.HttpStatus
 211:            54           2160  com.sun.beans.util.Cache$Kind$Soft (java.desktop@17.0.5)
 212:           135           2160  java.util.Collections$UnmodifiableSet (java.base@17.0.5)
 213:            89           2136  org.springframework.boot.autoconfigure.condition.OnBeanCondition
 214:            53           2120  sun.security.util.NamedCurve (java.base@17.0.5)
 215:            65           2080  javax.management.MBeanAttributeInfo (java.management@17.0.5)
 216:            79           2056  [Ljava.lang.reflect.Parameter; (java.base@17.0.5)
 217:            79           2056  [Lorg.springframework.core.annotation.AnnotationTypeMapping$MirrorSets$MirrorSet;
 218:           128           2048  java.lang.Character (java.base@17.0.5)
 219:            51           2040  java.io.FileDescriptor (java.base@17.0.5)
 220:            42           2016  com.sun.management.internal.DiagnosticCommandInfo (jdk.management@17.0.5)
 221:            84           2016  java.util.regex.Pattern$BmpCharProperty (java.base@17.0.5)
 222:            63           2016  javax.management.ObjectName (java.management@17.0.5)
 223:            62           1984  jdk.internal.loader.BuiltinClassLoader$LoadedModule (java.base@17.0.5)
 224:           122           1952  jdk.proxy2.$Proxy30 (jdk.proxy2)
 225:            61           1952  org.springframework.asm.Type
 226:            72           1896  [Lorg.springframework.core.annotation.AnnotationTypeMapping;
 227:            47           1880  java.lang.invoke.DirectMethodHandle$Accessor (java.base@17.0.5)
 228:            13           1872  java.text.DecimalFormat (java.base@17.0.5)
 229:            39           1872  jdk.internal.loader.URLClassPath$JarLoader (java.base@17.0.5)
 230:            58           1856  sun.reflect.generics.reflectiveObjects.TypeVariableImpl (java.base@17.0.5)
 231:            85           1832  [Ljava.lang.reflect.TypeVariable; (java.base@17.0.5)
 232:            76           1824  org.springframework.boot.autoconfigure.condition.OnClassCondition
 233:            75           1800  java.util.Collections$SetFromMap (java.base@17.0.5)
 234:            56           1792  java.io.File (java.base@17.0.5)
 235:            71           1784  [Lorg.springframework.core.type.MethodMetadata;
 236:            55           1760  jdk.jfr.internal.RequestEngine$RequestHook (jdk.jfr@17.0.5)
 237:            44           1760  sun.reflect.generics.repository.MethodRepository (java.base@17.0.5)
 238:            12           1728  [Ljava.lang.invoke.MemberName; (java.base@17.0.5)
 239:            72           1728  org.springframework.core.annotation.AnnotationTypeMapping$MirrorSets
 240:            53           1696  java.security.spec.EllipticCurve (java.base@17.0.5)
 241:            53           1696  sun.security.util.ObjectIdentifier (java.base@17.0.5)
 242:            30           1680  org.apache.tomcat.util.res.StringManager$1
 243:            41           1640  java.security.AccessControlContext (java.base@17.0.5)
 244:            68           1632  java.util.Collections$SingletonList (java.base@17.0.5)
 245:            51           1632  org.springframework.format.support.FormattingConversionService$AnnotationParserConverter
 246:            51           1632  org.springframework.format.support.FormattingConversionService$AnnotationPrinterConverter
 247:            29           1624  java.nio.HeapByteBuffer (java.base@17.0.5)
 248:            94           1616  [Ljava.lang.reflect.Constructor; (java.base@17.0.5)
 249:            57           1608  [Ljava.io.ObjectStreamField; (java.base@17.0.5)
 250:            67           1608  org.springframework.core.convert.TypeDescriptor
 251:            67           1608  org.springframework.core.convert.TypeDescriptor$AnnotatedElementAdapter
 252:            50           1600  jdk.jfr.internal.settings.StackTraceSetting (jdk.jfr@17.0.5)
 253:            33           1584  java.time.temporal.ValueRange (java.base@17.0.5)
 254:            49           1568  java.util.zip.ZipFile$CleanableResource (java.base@17.0.5)
 255:            49           1568  org.springframework.http.MediaType
 256:            65           1560  io.micrometer.core.instrument.internal.DefaultGauge
 257:            65           1560  org.springframework.cglib.core.Signature
 258:            96           1536  jdk.proxy1.$Proxy0 (jdk.proxy1)
 259:            38           1520  javax.management.MBeanOperationInfo (java.management@17.0.5)
 260:            95           1520  jdk.proxy1.$Proxy3 (jdk.proxy1)
 261:            38           1520  org.springframework.util.ConcurrentReferenceHashMap
 262:            63           1512  java.lang.module.ModuleDescriptor$Provides (java.base@17.0.5)
 263:            63           1512  java.lang.module.ResolvedModule (java.base@17.0.5)
 264:            63           1512  java.util.Arrays$ArrayList (java.base@17.0.5)
 265:            63           1512  jdk.internal.module.SystemModuleFinders$2 (java.base@17.0.5)
 266:            63           1512  jdk.internal.module.SystemModuleFinders$SystemModuleReader (java.base@17.0.5)
 267:            46           1472  sun.reflect.generics.tree.MethodTypeSignature (java.base@17.0.5)
 268:            13           1456  java.util.GregorianCalendar (java.base@17.0.5)
 269:             1           1448  [[B (java.base@17.0.5)
 270:            36           1440  java.util.ResourceBundle$BundleReference (java.base@17.0.5)
 271:            45           1440  org.springframework.format.support.FormattingConversionService$PrinterConverter
 272:            42           1416  [Ljava.time.format.DateTimeFormatterBuilder$DateTimePrinterParser; (java.base@17.0.5)
 273:            59           1416  sun.reflect.generics.tree.FormalTypeParameter (java.base@17.0.5)
 274:            22           1408  sun.security.ec.SunEC$ProviderServiceA (jdk.crypto.ec@17.0.5)
 275:            22           1400  [Ljava.util.Hashtable$Entry; (java.base@17.0.5)
 276:            35           1400  java.lang.invoke.VarHandle$AccessDescriptor (java.base@17.0.5)
 277:            58           1392  org.springframework.core.io.ClassPathResource
 278:             1           1376  [Ljdk.internal.math.FDBigInteger; (java.base@17.0.5)
 279:            57           1368  java.util.concurrent.atomic.AtomicLong (java.base@17.0.5)
 280:            42           1344  com.sun.management.internal.DiagnosticCommandImpl$Wrapper (jdk.management@17.0.5)
 281:            56           1344  io.micrometer.core.instrument.ImmutableTag
 282:            42           1344  javax.management.MBeanParameterInfo (java.management@17.0.5)
 283:            45           1336  [Ljavax.management.MBeanOperationInfo; (java.management@17.0.5)
 284:            83           1328  org.springframework.expression.common.LiteralExpression
 285:            33           1320  java.lang.invoke.MethodHandleImpl$AsVarargsCollector (java.base@17.0.5)
 286:            41           1312  java.util.PropertyPermission (java.base@17.0.5)
 287:            54           1296  java.security.spec.ECPoint (java.base@17.0.5)
 288:            54           1296  java.util.ArrayDeque (java.base@17.0.5)
 289:            39           1280  [Ljava.math.BigInteger; (java.base@17.0.5)
 290:            40           1280  java.io.ObjectStreamClass$WeakClassKey (java.base@17.0.5)
 291:            40           1280  java.util.Hashtable$Entry (java.base@17.0.5)
 292:            32           1280  java.util.PropertyResourceBundle (java.base@17.0.5)
 293:            20           1280  sun.security.ec.SunEC$ProviderService (jdk.crypto.ec@17.0.5)
 294:            39           1248  java.io.RandomAccessFile (java.base@17.0.5)
 295:            39           1248  java.time.format.DateTimeFormatterBuilder$NumberPrinterParser (java.base@17.0.5)
 296:            39           1248  org.springframework.core.annotation.AttributeMethods
 297:            13           1248  sun.util.calendar.Gregorian$Date (java.base@17.0.5)
 298:            14           1232  java.text.DecimalFormatSymbols (java.base@17.0.5)
 299:            30           1200  java.time.format.DateTimeFormatter (java.base@17.0.5)
 300:            30           1200  java.time.temporal.ChronoField (java.base@17.0.5)
 301:            50           1200  java.util.zip.Inflater$InflaterZStreamRef (java.base@17.0.5)
 302:            21           1176  javax.management.openmbean.CompositeType (java.management@17.0.5)
 303:            36           1152  org.apache.catalina.util.ManifestResource
 304:            71           1136  org.springframework.core.type.classreading.SimpleAnnotationMetadataReadingVisitor$Source
 305:            47           1128  java.security.Permissions (java.base@17.0.5)
 306:            47           1128  org.apache.coyote.ActionCode
 307:            46           1120  [Lsun.reflect.generics.tree.TypeSignature; (java.base@17.0.5)
 308:            35           1120  java.lang.ThreadLocal$ThreadLocalMap$Entry (java.base@17.0.5)
 309:            28           1120  java.math.BigDecimal (java.base@17.0.5)
 310:            70           1120  org.apache.juli.logging.DirectJDKLog
 311:             2           1104  [Ljava.lang.Integer; (java.base@17.0.5)
 312:             1           1104  [Lsun.security.util.KnownOIDs; (java.base@17.0.5)
 313:            69           1104  jdk.proxy2.$Proxy26 (jdk.proxy2)
 314:            34           1088  java.util.LinkedList (java.base@17.0.5)
 315:            68           1088  jdk.proxy2.$Proxy13 (jdk.proxy2)
 316:            45           1080  org.springframework.format.support.FormattingConversionService$ParserConverter
 317:            67           1072  jdk.proxy1.$Proxy4 (jdk.proxy1)
 318:            22           1056  java.util.Hashtable (java.base@17.0.5)
 319:            44           1056  sun.reflect.generics.scope.MethodScope (java.base@17.0.5)
 320:            42           1048  [Lcom.sun.management.internal.DiagnosticCommandArgumentInfo; (jdk.management@17.0.5)
 321:             1           1040  [Ljava.lang.Byte; (java.base@17.0.5)
 322:             1           1040  [Ljava.lang.Long; (java.base@17.0.5)
 323:             1           1040  [Ljava.lang.Short; (java.base@17.0.5)
 324:            26           1040  org.springframework.web.util.pattern.LiteralPathElement
 325:            32           1024  com.fasterxml.jackson.databind.MapperFeature
 326:            42           1008  java.time.format.DateTimeFormatterBuilder$CompositePrinterParser (java.base@17.0.5)
 327:            21           1008  java.util.concurrent.locks.ReentrantReadWriteLock$NonfairSync (java.base@17.0.5)
 328:            31            992  java.lang.invoke.VarHandle$AccessMode (java.base@17.0.5)
 329:            41            984  com.sun.jmx.mbeanserver.PerInterface$MethodAndSig (java.management@17.0.5)
 330:            61            976  jdk.internal.module.SystemModuleFinders$3 (java.base@17.0.5)
 331:            24            960  com.sun.jmx.mbeanserver.MXBeanSupport (java.management@17.0.5)
 332:            24            960  java.lang.invoke.VarHandleReferences$FieldInstanceReadWrite (java.base@17.0.5)
 333:            30            960  java.security.Provider$EngineDescription (java.base@17.0.5)
 334:            17            952  sun.util.calendar.ZoneInfo (java.base@17.0.5)
 335:            39            936  java.util.zip.ZipFile$Source$Key (java.base@17.0.5)
 336:            39            936  sun.security.util.LazyCodeSourcePermissionCollection (java.base@17.0.5)
 337:            19            912  javax.management.openmbean.ArrayType (java.management@17.0.5)
 338:            37            904  [Ljavax.management.MBeanParameterInfo; (java.management@17.0.5)
 339:             9            896  [D (java.base@17.0.5)
 340:            28            896  com.fasterxml.jackson.databind.DeserializationFeature
 341:            37            888  java.lang.management.ManagementPermission (java.management@17.0.5)
 342:            55            880  jdk.internal.reflect.BootstrapConstructorAccessorImpl (java.base@17.0.5)
 343:            22            880  org.springframework.core.log.CompositeLog
 344:            27            864  com.sun.beans.util.Cache$CacheEntry (java.desktop@17.0.5)
 345:            36            864  java.time.Duration (java.base@17.0.5)
 346:            54            864  java.util.LinkedHashMap$LinkedEntrySet (java.base@17.0.5)
 347:            35            840  java.lang.invoke.Invokers (java.base@17.0.5)
 348:            26            832  com.fasterxml.jackson.databind.SerializationFeature
 349:            26            832  java.util.Locale (java.base@17.0.5)
 350:            13            832  org.jcp.xml.dsig.internal.dom.XMLDSigRI$ProviderService (java.xml.crypto@17.0.5)
 351:            26            832  org.springframework.web.util.pattern.SeparatorPathElement
 352:            34            816  java.security.BasicPermissionCollection (java.base@17.0.5)
 353:            51            816  java.util.WeakHashMap$KeySet (java.base@17.0.5)
 354:            17            816  org.springframework.web.util.pattern.PathPattern
 355:            25            800  com.sun.jmx.mbeanserver.WeakIdentityHashMap$IdentityWeakReference (java.management@17.0.5)
 356:            20            800  java.io.ObjectStreamClass$FieldReflectorKey (java.base@17.0.5)
 357:            33            792  org.springframework.core.annotation.AnnotationTypeMappings
 358:             9            784  [Ljava.lang.ThreadLocal$ThreadLocalMap$Entry; (java.base@17.0.5)
 359:            14            784  javax.management.openmbean.OpenMBeanParameterInfoSupport (java.management@17.0.5)
 360:            14            784  org.springframework.web.servlet.mvc.method.RequestMappingInfo
 361:            16            768  com.fasterxml.jackson.databind.type.SimpleType
 362:            32            768  com.sun.jmx.mbeanserver.DefaultMXBeanMappingFactory$IdentityMapping (java.management@17.0.5)
 363:            12            768  java.nio.DirectByteBuffer (java.base@17.0.5)
 364:            12            768  java.text.DateFormatSymbols (java.base@17.0.5)
 365:            12            768  java.text.SimpleDateFormat (java.base@17.0.5)
 366:            32            768  java.util.regex.Pattern$GroupHead (java.base@17.0.5)
 367:            32            768  java.util.regex.Pattern$GroupTail (java.base@17.0.5)
 368:            12            768  org.springframework.web.method.HandlerMethod
 369:            31            752  [Lio.micrometer.core.instrument.Tag;
 370:            31            744  io.micrometer.core.instrument.Tags
 371:            23            736  sun.management.MappedMXBeanType$BasicMXBeanType (java.management@17.0.5)
 372:            19            728  [Lorg.springframework.boot.context.properties.source.ConfigurationPropertyName$ElementType;
 373:            15            720  java.lang.invoke.LambdaFormEditor$Transform (java.base@17.0.5)
 374:            45            720  java.util.HashMap$KeySet (java.base@17.0.5)
 375:            30            720  org.apache.tomcat.util.res.StringManager
 376:            30            720  org.springframework.beans.factory.config.BeanDefinitionHolder
 377:            18            720  org.springframework.boot.context.properties.source.ConfigurationPropertyName$Elements
 378:            10            720  sun.net.www.protocol.jar.URLJarFile (java.base@17.0.5)
 379:            29            696  sun.security.provider.PolicyFile$PolicyEntry (java.base@17.0.5)
 380:            17            680  java.lang.invoke.BoundMethodHandle$Species_LJ (java.base@17.0.5)
 381:            28            672  java.time.LocalTime (java.base@17.0.5)
 382:            42            672  java.time.format.DateTimeFormatterBuilder$CharLiteralPrinterParser (java.base@17.0.5)
 383:            21            672  jdk.internal.org.objectweb.asm.Type (java.base@17.0.5)
 384:            42            672  jdk.proxy1.$Proxy79 (jdk.proxy1)
 385:             9            648  org.springframework.web.method.HandlerMethod$HandlerMethodParameter
 386:            40            640  java.security.SecureClassLoader$CodeSourceKey (java.base@17.0.5)
 387:            16            640  java.util.EnumMap (java.base@17.0.5)
 388:            16            640  java.util.IdentityHashMap (java.base@17.0.5)
 389:            10            640  sun.security.mscapi.SunMSCAPI$ProviderService (jdk.crypto.mscapi@17.0.5)
 390:            15            632  [Ljava.lang.invoke.MethodType; (java.base@17.0.5)
 391:             3            624  [Ljava.lang.invoke.LambdaForm; (java.base@17.0.5)
 392:            26            624  com.sun.jmx.mbeanserver.NamedObject (java.management@17.0.5)
 393:            26            624  java.security.SecurityPermission (java.base@17.0.5)
 394:            26            624  java.security.spec.ECFieldF2m (java.base@17.0.5)
 395:            26            624  java.util.concurrent.ConcurrentHashMap$KeySetView (java.base@17.0.5)
 396:            26            624  java.util.jar.Attributes$Name (java.base@17.0.5)
 397:            39            624  java.util.regex.Pattern$$Lambda$19/0x800000025 (java.base@17.0.5)
 398:            38            608  java.lang.constant.ReferenceClassDescImpl (java.base@17.0.5)
 399:            19            608  java.util.regex.Pattern$Branch (java.base@17.0.5)
 400:            38            608  jdk.proxy2.$Proxy32 (jdk.proxy2)
 401:            15            600  java.io.ObjectStreamClass$FieldReflector (java.base@17.0.5)
 402:            15            600  java.lang.WeakPairMap$Pair$Weak (java.base@17.0.5)
 403:             9            592  [S (java.base@17.0.5)
 404:             4            576  [Lcom.fasterxml.jackson.core.sym.CharsToNameCanonicalizer$Bucket;
 405:             2            576  [Lorg.springframework.http.HttpStatus;
 406:             9            576  com.fasterxml.jackson.databind.cfg.BaseSettings
 407:            36            576  jdk.proxy2.$Proxy8 (jdk.proxy2)
 408:            12            576  jdk.xml.internal.XMLSecurityManager$Limit (java.xml@17.0.5)
 409:            18            576  org.springframework.boot.context.properties.source.ConfigurationPropertyName
 410:            18            576  org.springframework.format.datetime.standard.TemporalAccessorParser
 411:             9            576  sun.security.mscapi.SunMSCAPI$ProviderServiceA (jdk.crypto.mscapi@17.0.5)
 412:            10            560  java.util.Properties (java.base@17.0.5)
 413:             7            560  java.util.concurrent.TimeUnit (java.base@17.0.5)
 414:            14            560  javax.management.openmbean.SimpleType (java.management@17.0.5)
 415:            35            560  jdk.proxy1.$Proxy80 (jdk.proxy1)
 416:            10            560  sun.invoke.util.Wrapper (java.base@17.0.5)
 417:             5            560  sun.security.provider.HashDrbg (java.base@17.0.5)
 418:            23            552  org.springframework.boot.autoconfigure.condition.OnWebApplicationCondition
 419:            19            544  [Ljava.lang.CharSequence; (java.base@17.0.5)
 420:             1            544  org.springframework.boot.web.embedded.tomcat.TomcatEmbeddedContext
 421:             1            528  [Ljava.lang.Character; (java.base@17.0.5)
 422:            11            528  com.sun.jmx.mbeanserver.DefaultMXBeanMappingFactory$CompositeMapping (java.management@17.0.5)
 423:            11            528  java.lang.invoke.BoundMethodHandle$SpeciesData (java.base@17.0.5)
 424:            33            528  java.util.concurrent.locks.ReentrantLock (java.base@17.0.5)
 425:            22            528  java.util.concurrent.locks.ReentrantReadWriteLock (java.base@17.0.5)
 426:            33            528  jdk.proxy1.$Proxy1 (jdk.proxy1)
 427:            13            520  ch.qos.logback.core.status.InfoStatus
 428:            13            520  com.sun.jmx.mbeanserver.PerInterface (java.management@17.0.5)
 429:            13            520  java.text.DigitList (java.base@17.0.5)
 430:            13            520  org.springframework.beans.factory.support.DisposableBeanAdapter
 431:             8            512  com.sun.security.sasl.Provider$ProviderService (java.security.sasl@17.0.5)
 432:            16            512  java.net.InetAddress$InetAddressHolder (java.base@17.0.5)
 433:            16            512  java.time.temporal.ChronoUnit (java.base@17.0.5)
 434:             8            512  org.springframework.beans.factory.support.DefaultListableBeanFactory$NestedDependencyDescriptor
 435:            32            512  sun.reflect.generics.tree.TypeVariableSignature (java.base@17.0.5)
 436:            21            504  java.util.AbstractMap$SimpleImmutableEntry (java.base@17.0.5)
 437:             7            504  java.util.concurrent.ScheduledThreadPoolExecutor$ScheduledFutureTask (java.base@17.0.5)
 438:             7            496  [Lsun.invoke.util.Wrapper; (java.base@17.0.5)
 439:            15            480  com.fasterxml.jackson.core.JsonParser$Feature
 440:            20            480  java.io.ObjectStreamClass$ClassDataSlot (java.base@17.0.5)
 441:            12            480  java.lang.OutOfMemoryError (java.base@17.0.5)
 442:            15            480  java.lang.WeakPairMap$Pair$Weak$1 (java.base@17.0.5)
 443:            15            480  jdk.jfr.internal.EventWriterMethod (jdk.jfr@17.0.5)
 444:            12            480  org.apache.tomcat.util.collections.ManagedConcurrentWeakHashMap$Key
 445:            15            480  org.springframework.util.MimeType
 446:            19            472  [Ljava.util.regex.Pattern$Node; (java.base@17.0.5)
 447:            29            464  jdk.proxy1.$Proxy77 (jdk.proxy1)
 448:            19            456  org.springframework.core.convert.support.GenericConversionService$ConverterFactoryAdapter
 449:            14            448  java.util.RegularEnumSet (java.base@17.0.5)
 450:            14            448  jdk.jfr.internal.LogTag (jdk.jfr@17.0.5)
 451:            28            448  jdk.jfr.internal.StringPool (jdk.jfr@17.0.5)
 452:            28            448  jdk.proxy1.$Proxy82 (jdk.proxy1)
 453:            14            448  org.springframework.web.servlet.handler.AbstractHandlerMethodMapping$MappingRegistration
 454:             8            448  sun.management.MemoryPoolImpl (java.management@17.0.5)
 455:             4            448  sun.nio.ch.SocketChannelImpl (java.base@17.0.5)
 456:            11            440  [Ljava.lang.invoke.BoundMethodHandle$SpeciesData; (java.base@17.0.5)
 457:            20            440  [Ljavax.management.MBeanNotificationInfo; (java.management@17.0.5)
 458:            11            440  org.springframework.util.AntPathMatcher
 459:             1            432  [[[C (java.base@17.0.5)
 460:            27            432  java.security.spec.ECFieldFp (java.base@17.0.5)
 461:            18            432  java.text.DateFormat$Field (java.base@17.0.5)
 462:            18            432  javax.management.StandardMBean (java.management@17.0.5)
 463:            18            432  jdk.internal.org.objectweb.asm.commons.Method (java.base@17.0.5)
 464:            27            432  jdk.proxy2.$Proxy44 (jdk.proxy2)
 465:            26            416  java.util.TreeMap$KeySet (java.base@17.0.5)
 466:            13            416  sun.security.jca.ProviderConfig (java.base@17.0.5)
 467:            17            408  java.util.concurrent.locks.AbstractQueuedSynchronizer$ConditionObject (java.base@17.0.5)
 468:            17            408  java.util.regex.Pattern$Start (java.base@17.0.5)
 469:            17            408  org.springframework.boot.ansi.AnsiColor
 470:            17            408  sun.nio.ch.OptionKey (java.base@17.0.5)
 471:            17            408  sun.nio.ch.SocketOptionRegistry$RegistryKey (java.base@17.0.5)
 472:            17            408  sun.reflect.generics.tree.Wildcard (java.base@17.0.5)
 473:            12            400  [Ljava.lang.constant.ClassDesc; (java.base@17.0.5)
 474:             5            400  [Ljava.nio.ByteBuffer; (java.base@17.0.5)
 475:            25            400  java.util.regex.Pattern$BitClass (java.base@17.0.5)
 476:             8            384  java.lang.invoke.BoundMethodHandle$Species_LLLL (java.base@17.0.5)
 477:            12            384  java.lang.invoke.VarForm (java.base@17.0.5)
 478:            16            384  java.time.LocalDateTime (java.base@17.0.5)
 479:            16            384  java.util.regex.Pattern$BmpCharPropertyGreedy (java.base@17.0.5)
 480:             8            384  jdk.xml.internal.JdkProperty$ImplPropMap (java.xml@17.0.5)
 481:            12            384  org.apache.catalina.LifecycleState
 482:             2            384  org.apache.coyote.Request
 483:            12            384  org.springframework.util.AntPathMatcher$AntPathStringMatcher
 484:             1            376  java.lang.ref.Finalizer$FinalizerThread (java.base@17.0.5)
 485:             1            376  java.util.logging.LogManager$Cleaner (java.logging@17.0.5)
 486:             1            376  jdk.internal.misc.InnocuousThread (java.base@17.0.5)
 487:             1            376  org.springframework.boot.web.embedded.tomcat.TomcatWebServer$1
 488:             1            368  java.lang.ref.Reference$ReferenceHandler (java.base@17.0.5)
 489:            23            368  jdk.proxy2.$Proxy25 (jdk.proxy2)
 490:             5            360  com.fasterxml.jackson.databind.introspect.AnnotatedClass
 491:             3            360  com.sun.org.apache.xalan.internal.xsltc.trax.TransformerFactoryImpl (java.xml@17.0.5)
 492:            15            360  java.time.LocalDate (java.base@17.0.5)
 493:            15            360  javax.websocket.CloseReason$CloseCodes
 494:            13            352  [Ljava.security.ProtectionDomain; (java.base@17.0.5)
 495:             4            352  com.fasterxml.jackson.databind.DeserializationConfig
 496:            11            352  java.lang.constant.DirectMethodHandleDesc$Kind (java.base@17.0.5)
 497:            22            352  java.util.concurrent.locks.ReentrantReadWriteLock$ReadLock (java.base@17.0.5)
 498:            22            352  java.util.concurrent.locks.ReentrantReadWriteLock$Sync$ThreadLocalHoldCounter (java.base@17.0.5)
 499:            22            352  java.util.concurrent.locks.ReentrantReadWriteLock$WriteLock (java.base@17.0.5)
 500:            22            352  jdk.proxy1.$Proxy90 (jdk.proxy1)
 501:             4            352  org.apache.catalina.webresources.CachedResource
 502:            11            352  org.springframework.boot.context.properties.bind.Bindable
 503:            14            336  [Ljava.io.ObjectStreamClass$ClassDataSlot; (java.base@17.0.5)
 504:             7            336  [Ljdk.xml.internal.JdkProperty$State; (java.xml@17.0.5)
 505:            14            336  ch.qos.logback.core.spi.ContextAwareBase
 506:            14            336  com.fasterxml.jackson.databind.util.LRUMap
 507:            14            336  java.lang.NamedPackage (java.base@17.0.5)
 508:             6            336  java.lang.invoke.BoundMethodHandle$Species_LLLLLLL (java.base@17.0.5)
 509:             6            336  java.nio.DirectLongBufferU (java.base@17.0.5)
 510:            21            336  java.util.HashMap$Values (java.base@17.0.5)
 511:             1            336  java.util.concurrent.ForkJoinPool (java.base@17.0.5)
 512:            21            336  jdk.proxy2.$Proxy33 (jdk.proxy2)
 513:            14            336  org.springframework.context.support.MessageSourceAccessor
 514:            21            336  org.springframework.core.convert.support.ObjectToStringConverter
 515:            14            336  org.springframework.util.unit.DataSize
 516:            21            336  org.springframework.web.servlet.mvc.condition.RequestMethodsRequestCondition
 517:            10            320  com.fasterxml.jackson.core.JsonGenerator$Feature
 518:             4            320  com.fasterxml.jackson.databind.SerializationConfig
 519:             5            320  java.lang.Class$ReflectionData (java.base@17.0.5)
 520:            20            320  java.lang.ThreadLocal (java.base@17.0.5)
 521:            10            320  java.lang.constant.DirectMethodHandleDescImpl (java.base@17.0.5)
 522:            20            320  java.util.concurrent.atomic.AtomicBoolean (java.base@17.0.5)
 523:             2            320  org.apache.tomcat.util.net.NioEndpoint$NioSocketWrapper
 524:             8            320  sun.management.MemoryPoolImpl$CollectionSensor (java.management@17.0.5)
 525:             8            320  sun.management.MemoryPoolImpl$PoolSensor (java.management@17.0.5)
 526:             5            320  sun.security.provider.SHA2$SHA256 (java.base@17.0.5)
 527:            20            320  sun.util.logging.internal.LoggingProviderImpl$JULWrapper (java.logging@17.0.5)
 528:             3            312  [Ljava.lang.ClassValue$Entry; (java.base@17.0.5)
 529:            17            312  [Ljavax.management.MBeanConstructorInfo; (java.management@17.0.5)
 530:            13            312  com.fasterxml.jackson.databind.type.LogicalType
 531:            13            312  java.util.regex.Pattern$$Lambda$21/0x80000002a (java.base@17.0.5)
 532:            13            312  org.apache.coyote.AsyncStateMachine$AsyncState
 533:            13            312  sun.reflect.generics.reflectiveObjects.WildcardTypeImpl (java.base@17.0.5)
 534:            19            304  java.util.regex.Pattern$BranchConn (java.base@17.0.5)
 535:            19            304  jdk.proxy2.$Proxy49 (jdk.proxy2)
 536:            19            304  org.springframework.boot.autoconfigure.condition.OnPropertyCondition
 537:             2            288  [Lcom.fasterxml.jackson.databind.MapperFeature;
 538:             1            288  [Ljava.lang.invoke.LambdaForm$Kind; (java.base@17.0.5)
 539:            12            288  ch.qos.logback.core.pattern.LiteralConverter
 540:             4            288  com.fasterxml.jackson.databind.ObjectMapper
 541:             4            288  com.fasterxml.jackson.databind.deser.DefaultDeserializationContext$Impl
 542:             4            288  com.fasterxml.jackson.databind.ser.DefaultSerializerProvider$Impl
 543:             4            288  com.fasterxml.jackson.datatype.jsr310.JavaTimeModule
 544:            12            288  java.lang.annotation.ElementType (java.base@17.0.5)
 545:             9            288  java.lang.constant.PrimitiveClassDescImpl (java.base@17.0.5)
 546:             9            288  java.net.Inet6Address$Inet6AddressHolder (java.base@17.0.5)
 547:            12            288  java.net.StandardSocketOptions$StdSocketOption (java.base@17.0.5)
 548:            12            288  java.time.Month (java.base@17.0.5)
 549:            18            288  java.util.Collections$SingletonSet (java.base@17.0.5)
 550:             9            288  java.util.concurrent.locks.AbstractQueuedSynchronizer$ConditionNode (java.base@17.0.5)
 551:             9            288  java.util.logging.Level (java.logging@17.0.5)
 552:             9            288  java.util.logging.Level$KnownLevel (java.logging@17.0.5)
 553:            12            288  java.util.regex.Pattern$CharPropertyGreedy (java.base@17.0.5)
 554:             9            288  javax.management.MBeanNotificationInfo (java.management@17.0.5)
 555:            18            288  jdk.proxy2.$Proxy31 (jdk.proxy2)
 556:             6            288  org.springframework.beans.PropertyValue
 557:            18            288  org.springframework.boot.actuate.autoconfigure.endpoint.condition.OnAvailableEndpointCondition
 558:            18            288  org.springframework.format.datetime.standard.TemporalAccessorPrinter
 559:            15            280  [Lorg.springframework.core.MethodParameter;
 560:             7            280  java.io.FilePermission (java.base@17.0.5)
 561:             7            280  java.lang.invoke.VarHandleInts$FieldInstanceReadWrite (java.base@17.0.5)
 562:             5            280  java.net.SocketPermission (java.base@17.0.5)
 563:             7            280  jdk.internal.loader.NativeLibraries$NativeLibraryImpl (java.base@17.0.5)
 564:             7            280  org.springframework.boot.logging.logback.ColorConverter
 565:             1            272  [Lcom.sun.beans.util.Cache$CacheEntry; (java.desktop@17.0.5)
 566:            17            272  java.util.TreeSet (java.base@17.0.5)
 567:            17            272  jdk.proxy2.$Proxy2 (jdk.proxy2)
 568:            11            264  com.fasterxml.jackson.annotation.JsonFormat$Shape
 569:            11            264  java.beans.PropertyChangeSupport (java.desktop@17.0.5)
 570:            11            264  java.lang.invoke.MethodHandleImpl$Intrinsic (java.base@17.0.5)
 571:            11            264  java.time.ZoneOffset (java.base@17.0.5)
 572:            11            264  java.util.BitSet (java.base@17.0.5)
 573:            11            264  org.springframework.beans.factory.config.BeanExpressionContext
 574:            11            264  org.springframework.util.AntPathMatcher$PathSeparatorPatternCache
 575:            11            264  org.springframework.web.servlet.mvc.condition.ProducesRequestCondition$ProduceMediaTypeExpression
 576:             2            256  [Lcom.fasterxml.jackson.databind.DeserializationFeature;
 577:             5            256  [Lcom.fasterxml.jackson.databind.cfg.CoercionAction;
 578:             4            256  com.fasterxml.jackson.core.sym.ByteQuadsCanonicalizer
 579:             4            256  com.fasterxml.jackson.core.sym.CharsToNameCanonicalizer
 580:             4            256  com.fasterxml.jackson.databind.MappingJsonFactory
 581:             8            256  java.lang.reflect.ProxyGenerator$PrimitiveTypeInfo (java.base@17.0.5)
 582:             4            256  java.security.SecureRandom (java.base@17.0.5)
 583:             8            256  java.time.format.DateTimeFormatterBuilder$TextPrinterParser (java.base@17.0.5)
 584:            16            256  jdk.proxy2.$Proxy27 (jdk.proxy2)
 585:            16            256  jdk.proxy2.$Proxy43 (jdk.proxy2)
 586:             8            256  org.springframework.beans.factory.support.DefaultListableBeanFactory$DependencyObjectProvider
 587:             4            256  org.springframework.util.LinkedCaseInsensitiveMap$1
 588:             2            240  [Lcom.fasterxml.jackson.databind.SerializationFeature;
 589:             5            240  [Ljava.lang.invoke.LambdaForm$NamedFunction; (java.base@17.0.5)
 590:            10            240  com.fasterxml.jackson.databind.cfg.CoercionInputShape
 591:             5            240  com.fasterxml.jackson.databind.introspect.BasicBeanDescription
 592:            10            240  com.sun.jmx.remote.util.ClassLogger (java.management@17.0.5)
 593:            10            240  java.lang.constant.MethodTypeDescImpl (java.base@17.0.5)
 594:             6            240  java.lang.invoke.MethodHandleImpl$IntrinsicMethodHandle (java.base@17.0.5)
 595:            10            240  java.net.NetPermission (java.base@17.0.5)
 596:             5            240  java.net.URLPermission (java.base@17.0.5)
 597:            10            240  java.nio.charset.CoderResult (java.base@17.0.5)
 598:            10            240  java.nio.file.StandardOpenOption (java.base@17.0.5)
 599:            10            240  java.util.regex.Pattern$BmpCharPredicate$$Lambda$22/0x80000002b (java.base@17.0.5)
 600:             6            240  java.util.stream.StreamOpFlag (java.base@17.0.5)
 601:             1            240  org.apache.catalina.core.StandardWrapper
 602:             5            240  org.apache.tomcat.util.descriptor.web.FilterDef
 603:            10            240  org.apache.tomcat.util.http.MimeHeaderField
 604:             5            240  org.apache.tomcat.util.threads.ThreadPoolExecutor$Worker
 605:            10            240  org.springframework.beans.factory.config.ConstructorArgumentValues
 606:            10            240  org.springframework.boot.autoconfigure.cache.CacheType
 607:            15            240  org.springframework.web.servlet.mvc.condition.PathPatternsRequestCondition
 608:             2            240  org.springframework.web.servlet.resource.ResourceHttpRequestHandler
 609:            10            240  org.springframework.web.util.UrlPathHelper
 610:             3            240  sun.nio.ch.NioSocketImpl (java.base@17.0.5)
 611:             6            240  sun.rmi.transport.tcp.TCPEndpoint (java.rmi@17.0.5)
 612:             6            240  sun.util.resources.Bundles$BundleReference (java.base@17.0.5)
 613:            14            224  [Ljava.lang.annotation.Annotation; (java.base@17.0.5)
 614:            13            224  [Ljava.lang.constant.ConstantDesc; (java.base@17.0.5)
 615:            14            224  com.fasterxml.jackson.databind.ser.std.ToStringSerializer
 616:             7            224  java.lang.ClassValue$Entry (java.base@17.0.5)
 617:             7            224  java.rmi.server.UID (java.rmi@17.0.5)
 618:             7            224  java.util.Collections$SynchronizedMap (java.base@17.0.5)
 619:             7            224  java.util.ImmutableCollections$MapN (java.base@17.0.5)
 620:            14            224  java.util.concurrent.atomic.AtomicReference (java.base@17.0.5)
 621:             7            224  java.util.concurrent.atomic.DoubleAdder (java.base@17.0.5)
 622:             7            224  java.util.regex.Pattern$Curly (java.base@17.0.5)
 623:             2            224  org.apache.coyote.Response
 624:             7            224  org.apache.tomcat.util.http.parser.HttpParser$DomainParseState
 625:             1            224  org.springframework.beans.factory.support.DefaultListableBeanFactory
 626:             2            224  org.springframework.context.annotation.ScannedGenericBeanDefinition
 627:             9            216  java.lang.ThreadLocal$ThreadLocalMap (java.base@17.0.5)
 628:             9            216  java.net.Inet6Address (java.base@17.0.5)
 629:             9            216  java.nio.file.attribute.PosixFilePermission (java.base@17.0.5)
 630:             9            216  java.time.format.DateTimeFormatterBuilder$LocalizedPrinterParser (java.base@17.0.5)
 631:             9            216  java.util.Date (java.base@17.0.5)
 632:             9            216  java.util.regex.Pattern$Slice (java.base@17.0.5)
 633:             9            216  org.springframework.boot.actuate.autoconfigure.endpoint.expose.IncludeExcludeEndpointFilter$EndpointPatterns
 634:             9            216  sun.rmi.runtime.Log$LoggerLog (java.rmi@17.0.5)
 635:             9            216  sun.util.logging.PlatformLogger$Level (java.base@17.0.5)
 636:             9            208  [Lcom.fasterxml.jackson.databind.ser.Serializers;
 637:             1            208  [Lorg.apache.coyote.ActionCode;
 638:            13            208  java.text.NumberFormat$Field (java.base@17.0.5)
 639:            13            208  jdk.proxy2.$Proxy15 (jdk.proxy2)
 640:             2            208  org.apache.coyote.http11.Http11Processor
 641:             2            208  org.springframework.beans.factory.support.GenericBeanDefinition
 642:             2            200  [Ljava.text.DateFormat$Field; (java.base@17.0.5)
 643:             5            200  com.fasterxml.jackson.core.util.DefaultPrettyPrinter
 644:             5            200  jdk.internal.ref.Cleaner (java.base@17.0.5)
 645:             5            200  org.apache.tomcat.util.descriptor.web.FilterMap
 646:             1            200  org.apache.tomcat.util.net.NioEndpoint
 647:             5            200  sun.util.locale.provider.LocaleResources$ResourceReference (java.base@17.0.5)
 648:             4            192  [Ljava.lang.Thread; (java.base@17.0.5)
 649:             4            192  [Lorg.apache.tomcat.util.http.MimeHeaderField;
 650:             8            192  com.fasterxml.jackson.databind.module.SimpleSerializers
 651:             8            192  com.sun.beans.introspect.PropertyInfo$Name (java.desktop@17.0.5)
 652:             6            192  com.sun.jmx.mbeanserver.DefaultMXBeanMappingFactory$CollectionMapping (java.management@17.0.5)
 653:             4            192  java.lang.ThreadGroup (java.base@17.0.5)
 654:             6            192  java.lang.invoke.LambdaForm$BasicType (java.base@17.0.5)
 655:             8            192  java.math.RoundingMode (java.base@17.0.5)
 656:             3            192  java.nio.DirectByteBufferR (java.base@17.0.5)
 657:             6            192  java.nio.file.attribute.FileTime (java.base@17.0.5)
 658:             6            192  java.time.format.TextStyle (java.base@17.0.5)
 659:             8            192  java.util.concurrent.ConcurrentLinkedQueue$Node (java.base@17.0.5)
 660:             4            192  java.util.concurrent.ThreadPoolExecutor$Worker (java.base@17.0.5)
 661:            12            192  jdk.proxy1.$Proxy6 (jdk.proxy1)
 662:             4            192  jdk.xml.internal.JdkXmlFeatures$XmlFeature (java.xml@17.0.5)
 663:             8            192  org.apache.tomcat.util.net.AbstractEndpoint$Handler$SocketState
 664:             3            192  org.springframework.boot.actuate.endpoint.web.servlet.AbstractWebMvcEndpointHandlerMapping$WebMvcEndpointHandlerMethod
 665:             8            192  org.springframework.boot.logging.DeferredLog
 666:             8            192  org.springframework.core.ResolvableType$SyntheticParameterizedType
 667:             8            192  org.springframework.core.ResolvableType$TypeVariablesVariableResolver
 668:             8            192  org.springframework.http.HttpMethod
 669:             4            192  org.springframework.http.converter.json.MappingJackson2HttpMessageConverter
 670:             8            192  org.springframework.web.bind.annotation.RequestMethod
 671:             4            192  sun.security.provider.MoreDrbgParameters (java.base@17.0.5)
 672:             6            192  sun.util.resources.Bundles$CacheKey (java.base@17.0.5)
 673:            11            176  java.beans.PropertyChangeSupport$PropertyChangeListenerMap (java.desktop@17.0.5)
 674:             1            176  org.apache.catalina.connector.Request
 675:             2            176  org.apache.catalina.deploy.NamingResourcesImpl
 676:             2            176  org.apache.coyote.RequestInfo
 677:             2            176  org.apache.coyote.http11.Http11InputBuffer
 678:             1            168  [[Ljava.math.BigInteger; (java.base@17.0.5)
 679:             7            168  ch.qos.logback.classic.Level
 680:             7            168  com.fasterxml.jackson.annotation.JsonInclude$Include
 681:             7            168  com.fasterxml.jackson.annotation.PropertyAccessor
 682:             3            168  com.fasterxml.jackson.datatype.jsr310.deser.InstantDeserializer
 683:             7            168  io.micrometer.core.instrument.cumulative.CumulativeCounter
 684:             7            168  java.lang.System$Logger$Level (java.base@17.0.5)
 685:             7            168  java.net.Inet4Address (java.base@17.0.5)
 686:             3            168  java.nio.HeapCharBuffer (java.base@17.0.5)
 687:             7            168  java.util.concurrent.Executors$RunnableAdapter (java.base@17.0.5)
 688:             7            168  java.util.regex.Pattern$Dollar (java.base@17.0.5)
 689:             3            168  javax.management.openmbean.OpenMBeanOperationInfoSupport (java.management@17.0.5)
 690:             7            168  jdk.xml.internal.JdkProperty$State (java.xml@17.0.5)
 691:             1            168  org.apache.catalina.core.StandardHost
 692:             7            168  org.apache.tomcat.util.net.SocketEvent
 693:             7            168  org.springframework.boot.actuate.endpoint.invoke.reflect.OperationMethodParameter
 694:             7            168  org.springframework.boot.logging.LogLevel
 695:             7            168  org.springframework.cglib.proxy.CallbackInfo
 696:             7            168  org.springframework.context.event.AbstractApplicationEventMulticaster$CachedListenerRetriever
 697:             7            168  org.springframework.context.event.AbstractApplicationEventMulticaster$ListenerCacheKey
 698:             7            168  org.springframework.web.servlet.mvc.method.annotation.RequestResponseBodyAdviceChain
 699:             7            168  sun.management.counter.Units (java.management@17.0.5)
 700:             3            168  sun.rmi.transport.Target (java.rmi@17.0.5)
 701:             4            160  [F (java.base@17.0.5)
 702:             2            160  [Lcom.fasterxml.jackson.core.JsonParser$Feature;
 703:             2            160  [Ljava.lang.constant.DirectMethodHandleDesc$Kind; (java.base@17.0.5)
 704:             2            160  [Ljava.time.temporal.ChronoUnit; (java.base@17.0.5)
 705:             2            160  [Ljava.util.concurrent.RunnableScheduledFuture; (java.base@17.0.5)
 706:             3            160  [Ljava.util.logging.Level; (java.logging@17.0.5)
 707:             7            160  [Lorg.springframework.boot.actuate.autoconfigure.endpoint.expose.EndpointExposure;
 708:             2            160  [[Ljava.lang.String; (java.base@17.0.5)
 709:             4            160  com.fasterxml.jackson.core.Base64Variant
 710:             5            160  com.fasterxml.jackson.core.JsonEncoding
 711:             4            160  com.fasterxml.jackson.core.Version
 712:             4            160  com.fasterxml.jackson.core.sym.ByteQuadsCanonicalizer$TableInfo
 713:             4            160  com.fasterxml.jackson.databind.cfg.ConfigOverrides
 714:             5            160  com.fasterxml.jackson.databind.cfg.DeserializerFactoryConfig
 715:             5            160  com.fasterxml.jackson.databind.type.TypeFactory
 716:             5            160  io.micrometer.core.instrument.cumulative.CumulativeFunctionCounter
 717:             5            160  java.lang.invoke.MethodHandles$Lookup (java.base@17.0.5)
 718:             5            160  java.lang.invoke.VarHandle$AccessType (java.base@17.0.5)
 719:             5            160  java.net.HostPortrange (java.base@17.0.5)
 720:             5            160  java.nio.DirectByteBuffer$Deallocator (java.base@17.0.5)
 721:             5            160  java.security.MessageDigest$Delegate$CloneableDelegate (java.base@17.0.5)
 722:            10            160  java.util.Formatter$Flags (java.base@17.0.5)
 723:            10            160  java.util.IdentityHashMap$KeySet (java.base@17.0.5)
 724:             5            160  javax.management.StandardEmitterMBean (java.management@17.0.5)
 725:            10            160  jdk.proxy2.$Proxy38 (jdk.proxy2)
 726:             5            160  org.apache.catalina.core.ApplicationFilterConfig
 727:             4            160  org.apache.catalina.core.StandardPipeline
 728:             1            160  org.apache.catalina.session.StandardManager
 729:             4            160  org.apache.tomcat.util.log.UserDataHelper
 730:             1            160  org.springframework.boot.web.embedded.tomcat.TomcatServletWebServerFactory
 731:             1            160  org.springframework.boot.web.servlet.context.AnnotationConfigServletWebServerApplicationContext
 732:             5            160  org.springframework.http.converter.ResourceHttpMessageConverter
 733:             4            160  org.springframework.util.LinkedCaseInsensitiveMap
 734:            10            160  org.springframework.util.LinkedMultiValueMap
 735:             4            160  org.springframework.web.servlet.handler.AbstractHandlerMethodMapping$MappingRegistry
 736:             1            160  org.springframework.web.servlet.mvc.method.annotation.RequestMappingHandlerAdapter
 737:             5            160  sun.util.locale.provider.LocaleProviderAdapter$Type (java.base@17.0.5)
 738:             1            152  org.apache.coyote.http11.Http11NioProtocol
 739:             1            152  org.springframework.boot.web.embedded.tomcat.TomcatEmbeddedWebappClassLoader
 740:             1            144  [Ljava.lang.invoke.VarHandle$AccessMode; (java.base@17.0.5)
 741:             2            144  [Ljava.math.BigDecimal; (java.base@17.0.5)
 742:             6            144  com.fasterxml.jackson.annotation.JsonAutoDetect$Visibility
 743:             6            144  com.fasterxml.jackson.core.JsonParser$NumberType
 744:             6            144  io.micrometer.core.instrument.Meter$Type
 745:             3            144  io.micrometer.core.instrument.cumulative.CumulativeTimer
 746:             3            144  io.micrometer.core.instrument.distribution.TimeWindowMax
 747:             6            144  java.io.ObjectStreamClass$ExceptionInfo (java.base@17.0.5)
 748:             6            144  java.lang.Thread$State (java.base@17.0.5)
 749:             3            144  java.lang.invoke.BoundMethodHandle$Species_LLLLL (java.base@17.0.5)
 750:             9            144  java.rmi.server.Operation (java.rmi@17.0.5)
 751:             3            144  java.time.temporal.JulianFields$Field (java.base@17.0.5)
 752:             9            144  java.util.concurrent.ConcurrentHashMap$ValuesView (java.base@17.0.5)
 753:             2            144  java.util.concurrent.ScheduledThreadPoolExecutor (java.base@17.0.5)
 754:             2            144  java.util.concurrent.ThreadPoolExecutor (java.base@17.0.5)
 755:             6            144  java.util.regex.Pattern$Ques (java.base@17.0.5)
 756:             3            144  javax.management.openmbean.TabularType (java.management@17.0.5)
 757:             6            144  jdk.internal.perf.PerfCounter (java.base@17.0.5)
 758:             6            144  jdk.net.ExtendedSocketOptions$ExtSocketOption (jdk.net@17.0.5)
 759:             9            144  jdk.proxy2.$Proxy64 (jdk.proxy2)
 760:             1            144  org.apache.catalina.core.StandardServer
 761:             6            144  org.apache.coyote.http11.Http11InputBuffer$HeaderParsePosition
 762:             2            144  org.apache.tomcat.util.http.Parameters
 763:             6            144  org.springframework.boot.actuate.metrics.http.Outcome
 764:             6            144  org.springframework.boot.context.config.ConfigDataEnvironmentContributor$Kind
 765:             6            144  org.springframework.boot.context.properties.source.ConfigurationPropertyName$ElementType
 766:             6            144  org.springframework.core.NamedThreadLocal
 767:             6            144  org.springframework.core.annotation.AnnotationTypeMapping$MirrorSets$MirrorSet
 768:             9            144  org.springframework.web.context.request.RequestScope
 769:             6            144  org.springframework.web.servlet.mvc.condition.ProducesRequestCondition
 770:             6            144  org.springframework.web.servlet.mvc.method.annotation.ServletModelAttributeMethodProcessor
 771:             3            144  sun.nio.cs.ISO_8859_1$Encoder (java.base@17.0.5)
 772:             3            144  sun.nio.cs.StreamEncoder (java.base@17.0.5)
 773:             3            144  sun.nio.cs.UTF_8$Encoder (java.base@17.0.5)
 774:             1            144  sun.security.pkcs11.SunPKCS11 (jdk.crypto.cryptoki@17.0.5)
 775:             1            136  [Ljava.time.temporal.ChronoField; (java.base@17.0.5)
 776:             4            136  [Ljava.util.concurrent.atomic.AtomicLong; (java.base@17.0.5)
 777:             4            136  [Lorg.springframework.web.bind.annotation.RequestMethod;
 778:             6            128  [Lcom.fasterxml.jackson.databind.deser.Deserializers;
 779:             2            128  [Ljava.time.Month; (java.base@17.0.5)
 780:             4            128  [Lorg.apache.coyote.http11.InputFilter;
 781:             4            128  [Lorg.apache.coyote.http11.OutputFilter;
 782:             4            128  com.fasterxml.jackson.core.sym.CharsToNameCanonicalizer$TableInfo
 783:             4            128  com.fasterxml.jackson.databind.cfg.CoercionConfigs
 784:             4            128  com.fasterxml.jackson.databind.ser.impl.ReadOnlyClassToSerializerMap$Bucket
 785:             4            128  com.fasterxml.jackson.databind.util.TypeKey
 786:             4            128  com.sun.jmx.mbeanserver.DefaultMXBeanMappingFactory$ArrayMapping (java.management@17.0.5)
 787:             2            128  com.sun.security.sasl.gsskerb.JdkSASL$ProviderService (jdk.security.jgss@17.0.5)
 788:             2            128  java.lang.ClassValue$ClassValueMap (java.base@17.0.5)
 789:             2            128  java.lang.invoke.BoundMethodHandle$Species_LLLLLLLLL (java.base@17.0.5)
 790:             8            128  java.util.TreeMap$EntrySet (java.base@17.0.5)
 791:             4            128  java.util.concurrent.Semaphore$NonfairSync (java.base@17.0.5)
 792:             4            128  java.util.stream.FindOps$FindOp (java.base@17.0.5)
 793:             8            128  jdk.proxy1.$Proxy78 (jdk.proxy1)
 794:             8            128  jdk.proxy2.$Proxy36 (jdk.proxy2)
 795:             8            128  jdk.proxy2.$Proxy52 (jdk.proxy2)
 796:             8            128  jdk.proxy2.$Proxy53 (jdk.proxy2)
 797:             1            128  org.apache.catalina.core.StandardEngine
 798:             4            128  org.apache.coyote.ErrorState
 799:             2            128  org.apache.coyote.http11.filters.ChunkedInputFilter
 800:             2            128  org.springframework.beans.factory.config.DependencyDescriptor
 801:             4            128  org.springframework.boot.context.properties.bind.JavaBeanBinder$BeanProperty
 802:             8            128  org.springframework.boot.convert.CollectionToDelimitedStringConverter
 803:             8            128  org.springframework.boot.logging.DeferredLogs$$Lambda$77/0x0000000800c9da78
 804:             4            128  org.springframework.http.converter.StringHttpMessageConverter
 805:             4            128  org.springframework.util.PropertyPlaceholderHelper
 806:             8            128  org.springframework.web.cors.DefaultCorsProcessor
 807:             4            128  org.springframework.web.method.annotation.RequestParamMethodArgumentResolver
 808:             4            128  org.springframework.web.servlet.mvc.method.RequestMappingInfo$BuilderConfiguration
 809:             4            128  sun.management.NotificationEmitterSupport$ListenerInfo (java.management@17.0.5)
 810:             2            128  sun.security.jgss.SunProvider$ProviderService (java.security.jgss@17.0.5)
 811:             4            128  sun.util.locale.provider.LocaleResources (java.base@17.0.5)
 812:             5            120  [Lcom.fasterxml.jackson.databind.deser.KeyDeserializers;
 813:             3            120  [Ljava.lang.invoke.LambdaForm$BasicType; (java.base@17.0.5)
 814:             3            120  [Lorg.springframework.http.HttpMethod;
 815:             5            120  ch.qos.logback.core.pattern.parser.TokenStream$TokenizerState
 816:             5            120  ch.qos.logback.core.subst.Token$Type
 817:             5            120  com.fasterxml.jackson.annotation.Nulls
 818:             5            120  com.fasterxml.jackson.core.util.DefaultIndenter
 819:             5            120  com.fasterxml.jackson.databind.cfg.SerializerFactoryConfig
 820:             5            120  com.sun.org.apache.xalan.internal.utils.FeaturePropertyBase$State (java.xml@17.0.5)
 821:             5            120  io.micrometer.core.instrument.MeterRegistry$$Lambda$598/0x0000000800f179c8
 822:             5            120  io.micrometer.core.instrument.MeterRegistry$1
 823:             5            120  java.lang.Double (java.base@17.0.5)
 824:             5            120  java.lang.module.ModuleDescriptor$Opens (java.base@17.0.5)
 825:             3            120  java.lang.reflect.ProxyGenerator$ProxyMethod (java.base@17.0.5)
 826:             5            120  java.net.InetSocketAddress$InetSocketAddressHolder (java.base@17.0.5)
 827:             5            120  java.time.format.SignStyle (java.base@17.0.5)
 828:             5            120  java.util.concurrent.ConcurrentLinkedQueue (java.base@17.0.5)
 829:             5            120  java.util.concurrent.ConcurrentSkipListMap$Index (java.base@17.0.5)
 830:             5            120  java.util.regex.Pattern$CharProperty (java.base@17.0.5)
 831:             5            120  java.util.stream.StreamOpFlag$Type (java.base@17.0.5)
 832:             5            120  javax.servlet.DispatcherType
 833:             5            120  javax.servlet.http.MappingMatch
 834:             5            120  jdk.internal.math.FloatingDecimal$PreparedASCIIToBinaryBuffer (java.base@17.0.5)
 835:             5            120  jdk.jfr.internal.LogLevel (jdk.jfr@17.0.5)
 836:             3            120  jdk.xml.internal.XMLSecurityManager (java.xml@17.0.5)
 837:             3            120  org.apache.tomcat.util.buf.UDecoder$DecodeException
 838:             1            120  org.springframework.boot.actuate.endpoint.web.servlet.AdditionalHealthEndpointPathsWebMvcHandlerMapping
 839:             5            120  org.springframework.boot.ansi.AnsiStyle
 840:             5            120  org.springframework.context.annotation.FilterType
 841:             5            120  org.springframework.core.annotation.MergedAnnotations$SearchStrategy
 842:             5            120  org.springframework.core.convert.support.GenericConversionService$Converters
 843:             5            120  org.springframework.http.HttpStatus$Series
 844:             5            120  org.springframework.web.accept.ContentNegotiationManager
 845:             1            120  org.springframework.web.servlet.DispatcherServlet
 846:             5            120  sun.nio.ch.Util$BufferCache (java.base@17.0.5)
 847:             3            120  sun.nio.cs.ISO_8859_1$Decoder (java.base@17.0.5)
 848:             5            120  sun.nio.fs.WindowsPathType (java.base@17.0.5)
 849:             3            120  sun.rmi.transport.WeakRef (java.rmi@17.0.5)
 850:             2            112  [Lcom.fasterxml.jackson.core.JsonGenerator$Feature;
 851:             5            112  [Lcom.fasterxml.jackson.databind.deser.ValueInstantiators;
 852:             4            112  [Lcom.sun.org.apache.xalan.internal.utils.FeaturePropertyBase$State; (java.xml@17.0.5)
 853:             1            112  [Ljava.time.LocalTime; (java.base@17.0.5)
 854:             2            112  [Ljavax.management.openmbean.OpenType; (java.management@17.0.5)
 855:             2            112  [Lorg.springframework.boot.autoconfigure.cache.CacheType;
 856:             2            112  java.nio.DirectIntBufferRU (java.base@17.0.5)
 857:             7            112  java.util.EnumMap$EntrySet (java.base@17.0.5)
 858:             7            112  jdk.internal.loader.ClassLoaderValue (java.base@17.0.5)
 859:             7            112  jdk.jfr.internal.instrument.$Proxy97 (jdk.jfr@17.0.5)
 860:             1            112  org.apache.catalina.connector.Connector
 861:             2            112  org.apache.coyote.http11.Http11OutputBuffer
 862:             7            112  org.apache.tomcat.util.threads.TaskThread$WrappingRunnable
 863:             1            112  org.springframework.boot.actuate.endpoint.web.servlet.ControllerEndpointHandlerMapping
 864:             1            112  org.springframework.boot.actuate.endpoint.web.servlet.WebMvcEndpointHandlerMapping
 865:             1            112  org.springframework.boot.autoconfigure.AutoConfigurationPackages$BasePackagesBeanDefinition
 866:             3            104  [Ljava.time.ZoneOffset; (java.base@17.0.5)
 867:             4            104  [Ljava.util.stream.Collector$Characteristics; (java.base@17.0.5)
 868:             2            104  [Lsun.util.logging.PlatformLogger$Level; (java.base@17.0.5)
 869:             1            104  com.sun.crypto.provider.SunJCE (java.base@17.0.5)
 870:             1            104  com.sun.security.sasl.Provider (java.security.sasl@17.0.5)
 871:             1            104  com.sun.security.sasl.gsskerb.JdkSASL (jdk.security.jgss@17.0.5)
 872:             1            104  jdk.internal.loader.ClassLoaders$AppClassLoader (java.base@17.0.5)
 873:             1            104  jdk.internal.loader.ClassLoaders$BootClassLoader (java.base@17.0.5)
 874:             1            104  jdk.internal.loader.ClassLoaders$PlatformClassLoader (java.base@17.0.5)
 875:             1            104  org.apache.catalina.authenticator.NonLoginAuthenticator
 876:             1            104  org.apache.tomcat.util.net.SocketProperties
 877:             1            104  org.jcp.xml.dsig.internal.dom.XMLDSigRI (java.xml.crypto@17.0.5)
 878:             1            104  org.springframework.web.servlet.mvc.method.annotation.RequestMappingHandlerMapping
 879:             1            104  org.springframework.web.servlet.view.InternalResourceViewResolver
 880:             1            104  sun.security.ec.SunEC (jdk.crypto.ec@17.0.5)
 881:             1            104  sun.security.jca.ProviderList$1 (java.base@17.0.5)
 882:             1            104  sun.security.jgss.SunProvider (java.security.jgss@17.0.5)
 883:             1            104  sun.security.mscapi.SunMSCAPI (jdk.crypto.mscapi@17.0.5)
 884:             1            104  sun.security.provider.Sun (java.base@17.0.5)
 885:             1            104  sun.security.provider.certpath.ldap.JdkLDAP (java.naming@17.0.5)
 886:             1            104  sun.security.rsa.SunRsaSign (java.base@17.0.5)
 887:             1            104  sun.security.smartcardio.SunPCSC (java.smartcardio@17.0.5)
 888:             1            104  sun.security.ssl.SunJSSE (java.base@17.0.5)
 889:             2             96  [Lcom.fasterxml.jackson.annotation.PropertyAccessor;
 890:             2             96  [Lcom.fasterxml.jackson.databind.ser.impl.ReadOnlyClassToSerializerMap$Bucket;
 891:             4             96  [Lcom.fasterxml.jackson.databind.type.TypeModifier;
 892:             2             96  [Ljava.lang.System$Logger$Level; (java.base@17.0.5)
 893:             2             96  [Lorg.springframework.boot.logging.LogLevel;
 894:             1             96  [Lsun.util.locale.BaseLocale; (java.base@17.0.5)
 895:             1             96  [[J (java.base@17.0.5)
 896:             1             96  ch.qos.logback.classic.LoggerContext
 897:             4             96  ch.qos.logback.core.pattern.parser.Token
 898:             4             96  ch.qos.logback.core.subst.Token
 899:             4             96  com.fasterxml.jackson.annotation.JsonCreator$Mode
 900:             4             96  com.fasterxml.jackson.core.JsonFactory$Feature
 901:             4             96  com.fasterxml.jackson.databind.cfg.CoercionAction
 902:             4             96  com.fasterxml.jackson.databind.cfg.MutableCoercionConfig
 903:             4             96  com.fasterxml.jackson.databind.deser.DeserializerCache
 904:             4             96  com.fasterxml.jackson.databind.introspect.SimpleMixInResolver
 905:             4             96  com.fasterxml.jackson.databind.module.SimpleDeserializers
 906:             4             96  com.fasterxml.jackson.databind.ser.SerializerCache
 907:             3             96  com.fasterxml.jackson.datatype.jsr310.deser.JSR310StringParsableDeserializer
 908:             4             96  com.sun.jmx.interceptor.DefaultMBeanServerInterceptor$ListenerWrapper (java.management@17.0.5)
 909:             3             96  com.sun.jmx.mbeanserver.DefaultMXBeanMappingFactory$EnumMapping (java.management@17.0.5)
 910:             2             96  com.sun.management.internal.GarbageCollectorExtImpl (jdk.management@17.0.5)
 911:             2             96  com.sun.management.internal.GcInfoBuilder (jdk.management@17.0.5)
 912:             6             96  com.sun.proxy.jdk.proxy1.$Proxy91 (jdk.proxy1)
 913:             4             96  io.micrometer.core.instrument.StrongReferenceGaugeFunction
 914:             6             96  io.micrometer.core.instrument.binder.jvm.JvmThreadMetrics$$Lambda$590/0x0000000800f15be0
 915:             4             96  io.micrometer.core.instrument.binder.tomcat.TomcatMetrics$$Lambda$791/0x0000000800fa69c0
 916:             4             96  io.micrometer.core.instrument.binder.tomcat.TomcatMetrics$1
 917:             2             96  io.micrometer.core.instrument.distribution.DistributionStatisticConfig
 918:             3             96  java.io.BufferedOutputStream (java.base@17.0.5)
 919:             4             96  java.lang.ClassValue$Version (java.base@17.0.5)
 920:             3             96  java.lang.Runtime$Version (java.base@17.0.5)
 921:             3             96  java.lang.constant.DynamicConstantDesc$AnonymousDynamicConstantDesc (java.base@17.0.5)
 922:             3             96  java.lang.invoke.SimpleMethodHandle (java.base@17.0.5)
 923:             4             96  java.lang.module.ModuleDescriptor$Modifier (java.base@17.0.5)
 924:             4             96  java.lang.module.ModuleDescriptor$Requires$Modifier (java.base@17.0.5)
 925:             4             96  java.rmi.server.ObjID (java.rmi@17.0.5)
 926:             4             96  java.time.format.DateTimeFormatterBuilder$OffsetIdPrinterParser (java.base@17.0.5)
 927:             4             96  java.time.format.DateTimeFormatterBuilder$SettingsParser (java.base@17.0.5)
 928:             4             96  java.time.format.FormatStyle (java.base@17.0.5)
 929:             3             96  java.util.Vector (java.base@17.0.5)
 930:             6             96  java.util.concurrent.ConcurrentHashMap$EntrySetView (java.base@17.0.5)
 931:             2             96  java.util.concurrent.ConcurrentSkipListMap (java.base@17.0.5)
 932:             3             96  java.util.concurrent.CountDownLatch$Sync (java.base@17.0.5)
 933:             2             96  java.util.concurrent.LinkedBlockingQueue (java.base@17.0.5)
 934:             4             96  java.util.regex.Pattern$Qtype (java.base@17.0.5)
 935:             4             96  java.util.regex.Pattern$StartS (java.base@17.0.5)
 936:             4             96  java.util.stream.StreamShape (java.base@17.0.5)
 937:             3             96  javax.management.MBeanConstructorInfo (java.management@17.0.5)
 938:             4             96  javax.management.NotificationBroadcasterSupport (java.management@17.0.5)
 939:             4             96  javax.management.NotificationBroadcasterSupport$ListenerInfo (java.management@17.0.5)
 940:             1             96  jdk.internal.jimage.ImageReader$SharedImageReader (java.base@17.0.5)
 941:             4             96  jdk.internal.logger.BootstrapLogger$LoggingBackend (java.base@17.0.5)
 942:             4             96  jdk.jfr.internal.SecuritySupport$SafePath (jdk.jfr@17.0.5)
 943:             6             96  jdk.proxy2.$Proxy23 (jdk.proxy2)
 944:             6             96  jdk.proxy2.$Proxy47 (jdk.proxy2)
 945:             3             96  jdk.xml.internal.JdkProperty (java.xml@17.0.5)
 946:             3             96  jdk.xml.internal.XMLSecurityManager$NameMap (java.xml@17.0.5)
 947:             4             96  org.apache.catalina.webresources.EmptyResource
 948:             4             96  org.apache.commons.logging.LogAdapter$LogApi
 949:             3             96  org.apache.tomcat.util.collections.SynchronizedStack
 950:             3             96  org.apache.tomcat.util.http.ConcurrentDateFormat
 951:             4             96  org.apache.tomcat.util.http.MimeHeaders
 952:             4             96  org.apache.tomcat.util.http.SameSiteCookies
 953:             4             96  org.apache.tomcat.util.log.UserDataHelper$Config
 954:             4             96  org.apache.tomcat.util.net.AbstractEndpoint$BindState
 955:             4             96  org.apache.tomcat.util.net.Acceptor$AcceptorState
 956:             4             96  org.apache.tomcat.util.threads.InlineExecutorService
 957:             1             96  org.apache.tomcat.util.threads.ThreadPoolExecutor
 958:             1             96  org.apache.tomcat.websocket.server.WsServerContainer
 959:             1             96  org.springframework.beans.GenericTypeAwarePropertyDescriptor
 960:             2             96  org.springframework.beans.SimpleTypeConverter
 961:             3             96  org.springframework.boot.actuate.autoconfigure.endpoint.expose.IncludeExcludeEndpointFilter
 962:             4             96  org.springframework.boot.actuate.autoconfigure.info.OnEnabledInfoContributorCondition
 963:             4             96  org.springframework.boot.actuate.endpoint.EndpointId
 964:             4             96  org.springframework.boot.actuate.health.Status
 965:             1             96  org.springframework.boot.autoconfigure.web.ServerProperties$Tomcat
 966:             4             96  org.springframework.context.annotation.ScopedProxyMode
 967:             6             96  org.springframework.core.$Proxy19
 968:             6             96  org.springframework.core.SerializableTypeWrapper$TypeProxyInvocationHandler
 969:             4             96  org.springframework.core.annotation.TypeMappedAnnotations$IsPresent
 970:             6             96  org.springframework.core.convert.support.CollectionToArrayConverter
 971:             6             96  org.springframework.core.convert.support.CollectionToStringConverter
 972:             6             96  org.springframework.format.datetime.DateFormatterRegistrar$CalendarToDateConverter
 973:             6             96  org.springframework.format.datetime.DateFormatterRegistrar$CalendarToLongConverter
 974:             6             96  org.springframework.format.datetime.DateFormatterRegistrar$DateToCalendarConverter
 975:             6             96  org.springframework.format.datetime.DateFormatterRegistrar$DateToLongConverter
 976:             6             96  org.springframework.format.datetime.DateFormatterRegistrar$LongToCalendarConverter
 977:             6             96  org.springframework.format.datetime.DateFormatterRegistrar$LongToDateConverter
 978:             3             96  org.springframework.http.converter.xml.SourceHttpMessageConverter
 979:             1             96  org.springframework.scheduling.concurrent.ThreadPoolTaskExecutor
 980:             4             96  org.springframework.util.ConcurrentReferenceHashMap$TaskOption
 981:             1             96  org.springframework.web.servlet.handler.SimpleUrlHandlerMapping
 982:             3             96  org.springframework.web.servlet.mvc.method.annotation.HttpEntityMethodProcessor
 983:             3             96  org.springframework.web.servlet.mvc.method.annotation.RequestResponseBodyMethodProcessor
 984:             4             96  org.springframework.web.servlet.resource.DefaultResourceResolverChain
 985:             3             96  org.springframework.web.util.pattern.WildcardTheRestPathElement
 986:             3             96  sun.nio.ch.DummySocketImpl (java.base@17.0.5)
 987:             2             96  sun.nio.ch.SocketAdaptor (java.base@17.0.5)
 988:             1             96  sun.nio.ch.WEPollSelectorImpl (java.base@17.0.5)
 989:             3             96  sun.rmi.transport.LiveRef (java.rmi@17.0.5)
 990:             4             96  sun.security.provider.DRBG (java.base@17.0.5)
 991:             2             88  [Ljava.nio.file.attribute.PosixFilePermission; (java.base@17.0.5)
 992:             3             88  [Ljava.rmi.server.Operation; (java.rmi@17.0.5)
 993:             2             88  [Ljava.time.LocalDateTime; (java.base@17.0.5)
 994:             1             88  [Lorg.springframework.boot.ansi.AnsiColor;
 995:             4             88  [Lorg.springframework.boot.context.config.ConfigDataEnvironmentContributors$BinderOption;
 996:             2             88  [Lsun.security.jca.ProviderConfig; (java.base@17.0.5)
 997:             1             88  com.sun.jmx.remote.util.ClassLoaderWithRepository (java.management@17.0.5)
 998:             1             88  io.micrometer.core.instrument.composite.CompositeMeterRegistry
 999:             1             88  javax.management.remote.rmi.RMIConnectionImpl$CombinedClassLoader (java.management.rmi@17.0.5)
1000:             1             88  jdk.jfr.events.ActiveRecordingEvent (jdk.jfr@17.0.5)
1001:             1             88  org.apache.catalina.core.StandardService
1002:             1             88  org.springframework.boot.autoconfigure.web.servlet.WelcomePageHandlerMapping
1003:             1             88  org.springframework.web.servlet.function.support.RouterFunctionMapping
1004:             1             88  org.springframework.web.servlet.handler.BeanNameUrlHandlerMapping
1005:             1             88  sun.nio.ch.ServerSocketChannelImpl (java.base@17.0.5)
1006:             1             88  sun.reflect.misc.MethodUtil (java.base@17.0.5)
1007:             2             80  [Ljava.lang.OutOfMemoryError; (java.base@17.0.5)
1008:             1             80  [Ljava.util.concurrent.ForkJoinPool$WorkQueue; (java.base@17.0.5)
1009:             2             80  [Ljava.util.stream.StreamOpFlag$Type; (java.base@17.0.5)
1010:             2             80  [Ljavax.servlet.DispatcherType;
1011:             1             80  [Ljavax.websocket.CloseReason$CloseCodes;
1012:             1             80  [Ljdk.jfr.internal.EventWriterMethod; (jdk.jfr@17.0.5)
1013:             2             80  [Lorg.springframework.boot.cloud.CloudPlatform;
1014:             2             80  [Lorg.springframework.context.annotation.FilterType;
1015:             3             80  [Lorg.springframework.core.io.Resource;
1016:             2             80  [Lorg.springframework.http.HttpStatus$Series;
1017:             5             80  com.fasterxml.jackson.databind.deser.BeanDeserializerFactory
1018:             5             80  com.fasterxml.jackson.databind.ser.BeanSerializerFactory
1019:             5             80  com.fasterxml.jackson.databind.type.TypeParser
1020:             2             80  com.sun.jmx.mbeanserver.DefaultMXBeanMappingFactory$TabularMapping (java.management@17.0.5)
1021:             2             80  io.micrometer.core.instrument.binder.jvm.JvmGcMetrics$$Lambda$574/0x0000000800f0f8f8
1022:             2             80  java.io.BufferedInputStream (java.base@17.0.5)
1023:             2             80  java.io.BufferedWriter (java.base@17.0.5)
1024:             2             80  java.io.PrintStream (java.base@17.0.5)
1025:             2             80  java.lang.ModuleLayer (java.base@17.0.5)
1026:             2             80  java.lang.invoke.MethodHandleImpl$WrappedMember (java.base@17.0.5)
1027:             2             80  java.lang.invoke.VarHandleBooleans$FieldInstanceReadWrite (java.base@17.0.5)
1028:             2             80  java.lang.invoke.VarHandleLongs$FieldInstanceReadWrite (java.base@17.0.5)
1029:             2             80  java.lang.module.Configuration (java.base@17.0.5)
1030:             2             80  java.net.InetAddress$CachedAddresses (java.base@17.0.5)
1031:             5             80  java.net.InetSocketAddress (java.base@17.0.5)
1032:             2             80  java.net.Socket (java.base@17.0.5)
1033:             5             80  java.net.URLPermission$Authority (java.base@17.0.5)
1034:             5             80  java.net.UnixDomainSocketAddress (java.base@17.0.5)
1035:             2             80  java.time.format.DateTimeFormatterBuilder$ZoneTextPrinterParser (java.base@17.0.5)
1036:             2             80  java.time.zone.ZoneRules (java.base@17.0.5)
1037:             2             80  java.util.Collections$SingletonMap (java.base@17.0.5)
1038:             5             80  java.util.Comparator$$Lambda$71/0x0000000800c75238 (java.base@17.0.5)
1039:             2             80  java.util.Locale$Category (java.base@17.0.5)
1040:             2             80  java.util.concurrent.LinkedBlockingDeque (java.base@17.0.5)
1041:             5             80  java.util.regex.Pattern$CharPredicate$$Lambda$23/0x80000002d (java.base@17.0.5)
1042:             1             80  javax.management.remote.rmi.RMIConnectionImpl$CombinedClassLoader$ClassLoaderWrapper (java.management.rmi@17.0.5)
1043:             2             80  jdk.internal.loader.URLClassPath (java.base@17.0.5)
1044:             2             80  jdk.internal.math.FloatingDecimal$BinaryToASCIIBuffer (java.base@17.0.5)
1045:             5             80  jdk.proxy1.$Proxy81 (jdk.proxy1)
1046:             5             80  jdk.proxy2.$Proxy42 (jdk.proxy2)
1047:             1             80  org.apache.catalina.core.StandardWrapperValve
1048:             1             80  org.apache.catalina.startup.Tomcat$SimpleRealm
1049:             1             80  org.apache.catalina.webresources.StandardRoot
1050:             2             80  org.apache.coyote.AsyncStateMachine
1051:             1             80  org.apache.coyote.RequestGroupInfo
1052:             2             80  org.apache.coyote.http11.filters.ChunkedOutputFilter
1053:             2             80  org.apache.coyote.http11.filters.IdentityInputFilter
1054:             2             80  org.springframework.beans.factory.annotation.AutowiredAnnotationBeanPostProcessor$AutowiredMethodElement
1055:             2             80  org.springframework.boot.actuate.endpoint.web.WebOperationRequestPredicate
1056:             2             80  org.springframework.boot.actuate.endpoint.web.annotation.DiscoveredWebEndpoint
1057:             1             80  org.springframework.boot.autoconfigure.web.ServerProperties
1058:             1             80  org.springframework.boot.autoconfigure.web.servlet.WebMvcAutoConfiguration$EnableWebMvcConfiguration
1059:             2             80  org.springframework.boot.context.config.Profiles$Type
1060:             2             80  org.springframework.boot.convert.ApplicationConversionService
1061:             2             80  org.springframework.cglib.proxy.Enhancer$EnhancerKey$$KeyFactoryByCGLIB$$4ce19e8f
1062:             1             80  org.springframework.context.support.PropertySourcesPlaceholderConfigurer
1063:             5             80  org.springframework.core.DefaultParameterNameDiscoverer
1064:             5             80  org.springframework.core.LocalVariableTableParameterNameDiscoverer
1065:             5             80  org.springframework.core.StandardReflectionParameterNameDiscoverer
1066:             5             80  org.springframework.web.accept.HeaderContentNegotiationStrategy
1067:             1             80  org.springframework.web.servlet.mvc.method.annotation.ExceptionHandlerExceptionResolver
1068:             2             80  sun.management.MemoryManagerImpl (java.management@17.0.5)
1069:             1             80  sun.util.cldr.CLDRLocaleProviderAdapter (java.base@17.0.5)
1070:             1             80  sun.util.locale.provider.JRELocaleProviderAdapter (java.base@17.0.5)
1071:             1             72  [Lcom.fasterxml.jackson.databind.type.LogicalType;
1072:             1             72  [Ljavax.management.openmbean.SimpleType; (java.management@17.0.5)
1073:             1             72  [Ljdk.jfr.internal.LogTag; (jdk.jfr@17.0.5)
1074:             1             72  [Lorg.apache.coyote.AsyncStateMachine$AsyncState;
1075:             3             72  ch.qos.logback.core.pattern.FormatInfo
1076:             3             72  ch.qos.logback.core.spi.FilterReply
1077:             3             72  ch.qos.logback.core.subst.Tokenizer$TokenizerState
1078:             3             72  com.fasterxml.jackson.core.Base64Variant$PaddingReadBehaviour
1079:             3             72  com.fasterxml.jackson.databind.PropertyName
1080:             3             72  com.fasterxml.jackson.databind.ser.std.NumberSerializer
1081:             1             72  com.fasterxml.jackson.module.paramnames.ParameterNamesModule
1082:             3             72  com.sun.org.apache.xalan.internal.utils.XMLSecurityPropertyManager (java.xml@17.0.5)
1083:             3             72  io.micrometer.core.instrument.binder.jvm.JvmGcMetrics$GcGenerationAge
1084:             3             72  io.micrometer.core.instrument.config.MeterFilterReply
1085:             1             72  io.micrometer.core.instrument.simple.SimpleMeterRegistry
1086:             3             72  io.micrometer.core.util.internal.logging.LocationAwareSlf4JLogger
1087:             3             72  java.io.ObjectInputFilter$Status (java.base@17.0.5)
1088:             3             72  java.io.OutputStreamWriter (java.base@17.0.5)
1089:             3             72  java.lang.StackWalker$Option (java.base@17.0.5)
1090:             3             72  java.lang.WeakPairMap (java.base@17.0.5)
1091:             3             72  java.lang.annotation.RetentionPolicy (java.base@17.0.5)
1092:             3             72  java.lang.invoke.MethodHandleImpl$ArrayAccess (java.base@17.0.5)
1093:             3             72  java.lang.invoke.VarHandle$VarHandleDesc$Kind (java.base@17.0.5)
1094:             3             72  java.net.StandardProtocolFamily (java.base@17.0.5)
1095:             3             72  java.nio.file.AccessMode (java.base@17.0.5)
1096:             3             72  java.security.DrbgParameters$Capability (java.base@17.0.5)
1097:             3             72  java.time.Instant (java.base@17.0.5)
1098:             3             72  java.time.format.ResolverStyle (java.base@17.0.5)
1099:             3             72  java.util.Comparator$$Lambda$673/0x0000000800e7fc38 (java.base@17.0.5)
1100:             3             72  java.util.concurrent.ConcurrentSkipListMap$Node (java.base@17.0.5)
1101:             3             72  java.util.concurrent.LinkedBlockingQueue$Node (java.base@17.0.5)
1102:             3             72  java.util.stream.Collector$Characteristics (java.base@17.0.5)
1103:             3             72  java.util.stream.MatchOps$MatchKind (java.base@17.0.5)
1104:             3             72  javax.servlet.SessionTrackingMode
1105:             3             72  jdk.internal.math.FloatingDecimal$ExceptionalBinaryToASCIIBuffer (java.base@17.0.5)
1106:             3             72  jdk.xml.internal.JdkXmlFeatures (java.xml@17.0.5)
1107:             3             72  org.apache.catalina.authenticator.AuthenticatorBase$AllowCorsPreflight
1108:             1             72  org.apache.catalina.connector.InputBuffer
1109:             3             72  org.apache.coyote.ContinueResponseTiming
1110:             3             72  org.apache.coyote.http11.Http11InputBuffer$HeaderParseStatus
1111:             3             72  org.apache.tomcat.util.buf.EncodedSolidusHandling
1112:             3             72  org.apache.tomcat.util.http.parser.HttpParser
1113:             3             72  org.apache.tomcat.util.http.parser.SkipResult
1114:             3             72  org.apache.tomcat.util.log.UserDataHelper$Mode
1115:             3             72  org.apache.tomcat.util.net.SendfileState
1116:             1             72  org.springframework.aop.framework.autoproxy.InfrastructureAdvisorAutoProxyCreator
1117:             3             72  org.springframework.beans.AbstractNestablePropertyAccessor$PropertyTokenHolder
1118:             3             72  org.springframework.beans.factory.annotation.Autowire
1119:             1             72  org.springframework.beans.factory.annotation.AutowiredAnnotationBeanPostProcessor$ShortcutDependencyDescriptor
1120:             3             72  org.springframework.boot.Banner$Mode
1121:             3             72  org.springframework.boot.WebApplicationType
1122:             3             72  org.springframework.boot.actuate.autoconfigure.health.HealthProperties$Show
1123:             3             72  org.springframework.boot.actuate.autoconfigure.metrics.AutoTimeProperties
1124:             3             72  org.springframework.boot.actuate.autoconfigure.web.ManagementContextType
1125:             3             72  org.springframework.boot.actuate.autoconfigure.web.server.ManagementPortType
1126:             3             72  org.springframework.boot.actuate.endpoint.OperationType
1127:             3             72  org.springframework.boot.actuate.endpoint.annotation.EndpointDiscoverer$1
1128:             3             72  org.springframework.boot.actuate.endpoint.web.WebEndpointHttpMethod
1129:             3             72  org.springframework.boot.ansi.AnsiOutput$Enabled
1130:             3             72  org.springframework.boot.autoconfigure.condition.ConditionalOnWebApplication$Type
1131:             3             72  org.springframework.boot.autoconfigure.condition.SearchStrategy
1132:             3             72  org.springframework.boot.autoconfigure.web.ErrorProperties$IncludeAttribute
1133:             3             72  org.springframework.boot.context.config.ConfigData$Option
1134:             3             72  org.springframework.boot.context.properties.source.ConfigurationPropertyName$Form
1135:             3             72  org.springframework.boot.context.properties.source.ConfigurationPropertyState
1136:             1             72  org.springframework.boot.jackson.JsonComponentModule
1137:             3             72  org.springframework.boot.sql.init.DatabaseInitializationMode
1138:             3             72  org.springframework.context.annotation.AnnotationScopeMetadataResolver
1139:             1             72  org.springframework.context.annotation.ClassPathBeanDefinitionScanner
1140:             1             72  org.springframework.context.annotation.ConfigurationClassPostProcessor
1141:             3             72  org.springframework.core.annotation.PackagesAnnotationFilter
1142:             3             72  org.springframework.core.convert.support.ArrayToArrayConverter
1143:             3             72  org.springframework.expression.spel.SpelCompilerMode
1144:             3             72  org.springframework.format.datetime.standard.DateTimeFormatterRegistrar$Type
1145:             3             72  org.springframework.http.converter.ByteArrayHttpMessageConverter
1146:             3             72  org.springframework.http.converter.ResourceRegionHttpMessageConverter
1147:             3             72  org.springframework.web.method.support.HandlerMethodArgumentResolverComposite
1148:             3             72  org.springframework.web.servlet.mvc.method.annotation.RequestAttributeMethodArgumentResolver
1149:             3             72  org.springframework.web.servlet.mvc.method.annotation.SessionAttributeMethodArgumentResolver
1150:             3             72  sun.management.ManagementFactoryHelper$1 (java.management@17.0.5)
1151:             3             72  sun.nio.cs.Surrogate$Parser (java.base@17.0.5)
1152:             3             72  sun.rmi.transport.ObjectEndpoint (java.rmi@17.0.5)
1153:             1             64  [Lcom.fasterxml.jackson.annotation.JsonFormat$Shape;
1154:             2             64  [Ljava.lang.StackWalker$Option; (java.base@17.0.5)
1155:             2             64  [Ljava.lang.annotation.RetentionPolicy; (java.base@17.0.5)
1156:             2             64  [Ljava.lang.invoke.LambdaFormEditor$Transform; (java.base@17.0.5)
1157:             1             64  [Ljava.lang.invoke.MethodHandleImpl$Intrinsic; (java.base@17.0.5)
1158:             2             64  [Ljava.lang.reflect.Field; (java.base@17.0.5)
1159:             2             64  [Ljava.nio.charset.CoderResult; (java.base@17.0.5)
1160:             2             64  [Ljava.text.SimpleDateFormat; (java.base@17.0.5)
1161:             2             64  [Ljavax.servlet.SessionTrackingMode;
1162:             1             64  [Ljdk.xml.internal.XMLSecurityManager$Limit; (java.xml@17.0.5)
1163:             1             64  [Lorg.apache.catalina.LifecycleState;
1164:             2             64  [Lorg.apache.tomcat.util.http.ServerCookie;
1165:             2             64  [Lorg.springframework.beans.factory.annotation.Autowire;
1166:             2             64  [Lorg.springframework.boot.actuate.autoconfigure.web.ManagementContextType;
1167:             2             64  [Lorg.springframework.boot.actuate.autoconfigure.web.server.ManagementPortType;
1168:             2             64  [Lorg.springframework.boot.actuate.endpoint.OperationType;
1169:             2             64  [Lorg.springframework.boot.autoconfigure.condition.ConditionalOnWebApplication$Type;
1170:             2             64  [Lorg.springframework.boot.autoconfigure.condition.SearchStrategy;
1171:             2             64  [Lorg.springframework.boot.context.config.ConfigData$Option;
1172:             2             64  [Lorg.springframework.context.annotation.ScopedProxyMode;
1173:             2             64  [Lorg.springframework.format.datetime.standard.DateTimeFormatterRegistrar$Type;
1174:             2             64  [Lorg.springframework.util.ConcurrentReferenceHashMap$TaskOption;
1175:             1             64  ch.qos.logback.classic.PatternLayout
1176:             1             64  ch.qos.logback.core.ConsoleAppender
1177:             2             64  ch.qos.logback.core.joran.spi.ConsoleTarget
1178:             2             64  ch.qos.logback.core.util.COWArrayList
1179:             2             64  ch.qos.logback.core.util.CachingDateFormatter
1180:             2             64  com.fasterxml.jackson.core.io.SerializedString
1181:             4             64  com.fasterxml.jackson.databind.introspect.BasicClassIntrospector
1182:             2             64  com.fasterxml.jackson.databind.introspect.VisibilityChecker$Std
1183:             4             64  com.fasterxml.jackson.databind.jsontype.impl.StdSubtypeResolver
1184:             4             64  com.fasterxml.jackson.databind.module.SimpleKeyDeserializers
1185:             2             64  com.fasterxml.jackson.databind.ser.std.NumberSerializers$DoubleSerializer
1186:             2             64  com.fasterxml.jackson.databind.ser.std.NumberSerializers$IntegerSerializer
1187:             2             64  com.fasterxml.jackson.databind.ser.std.NumberSerializers$LongSerializer
1188:             4             64  com.fasterxml.jackson.databind.util.RootNameLookup
1189:             4             64  com.fasterxml.jackson.datatype.jdk8.Jdk8Deserializers
1190:             4             64  com.fasterxml.jackson.datatype.jdk8.Jdk8Serializers
1191:             4             64  com.fasterxml.jackson.datatype.jdk8.Jdk8TypeModifier
1192:             4             64  com.fasterxml.jackson.datatype.jsr310.JavaTimeModule$1
1193:             4             64  com.fasterxml.jackson.datatype.jsr310.ser.ZoneIdSerializer
1194:             2             64  com.sun.org.apache.xalan.internal.utils.XMLSecurityPropertyManager$Property (java.xml@17.0.5)
1195:             2             64  io.micrometer.core.instrument.config.MeterFilter$9
1196:             2             64  java.io.DataInputStream (java.base@17.0.5)
1197:             2             64  java.io.FileOutputStream (java.base@17.0.5)
1198:             4             64  java.lang.ClassValue$Identity (java.base@17.0.5)
1199:             2             64  java.lang.StackWalker (java.base@17.0.5)
1200:             2             64  java.lang.ref.ReferenceQueue$Null (java.base@17.0.5)
1201:             2             64  java.time.temporal.IsoFields$Unit (java.base@17.0.5)
1202:             4             64  java.util.Collections$UnmodifiableCollection (java.base@17.0.5)
1203:             2             64  java.util.HexFormat (java.base@17.0.5)
1204:             2             64  java.util.Random (java.base@17.0.5)
1205:             2             64  java.util.concurrent.ScheduledThreadPoolExecutor$DelayedWorkQueue (java.base@17.0.5)
1206:             4             64  java.util.concurrent.Semaphore (java.base@17.0.5)
1207:             2             64  java.util.concurrent.atomic.AtomicIntegerFieldUpdater$AtomicIntegerFieldUpdaterImpl (java.base@17.0.5)
1208:             1             64  java.util.logging.LogManager$RootLogger (java.logging@17.0.5)
1209:             4             64  java.util.regex.Pattern$Begin (java.base@17.0.5)
1210:             1             64  javax.management.remote.rmi.RMIConnectionImpl (java.management.rmi@17.0.5)
1211:             1             64  javax.management.remote.rmi.RMIConnectorServer (java.management.rmi@17.0.5)
1212:             1             64  javax.management.remote.rmi.RMIJRMPServerImpl (java.management.rmi@17.0.5)
1213:             4             64  jdk.internal.module.ServicesCatalog (java.base@17.0.5)
1214:             2             64  jdk.internal.reflect.UnsafeQualifiedObjectFieldAccessorImpl (java.base@17.0.5)
1215:             4             64  jdk.proxy1.$Proxy24 (jdk.proxy1)
1216:             4             64  jdk.proxy2.$Proxy34 (jdk.proxy2)
1217:             1             64  org.apache.catalina.connector.OutputBuffer
1218:             1             64  org.apache.catalina.connector.Response
1219:             1             64  org.apache.catalina.core.ApplicationContext
1220:             1             64  org.apache.catalina.loader.WebappLoader
1221:             1             64  org.apache.catalina.mapper.Mapper$ContextVersion
1222:             1             64  org.apache.catalina.mapper.MappingData
1223:             2             64  org.apache.coyote.http11.Http11InputBuffer$HeaderParseData
1224:             2             64  org.apache.coyote.http11.filters.BufferedInputFilter
1225:             2             64  org.apache.coyote.http11.filters.IdentityOutputFilter
1226:             2             64  org.apache.tomcat.util.net.NioChannel
1227:             2             64  org.apache.tomcat.util.threads.TaskThreadFactory
1228:             2             64  org.springframework.boot.actuate.endpoint.annotation.DiscoveredOperationMethod
1229:             2             64  org.springframework.boot.actuate.endpoint.web.annotation.DiscoveredWebOperation
1230:             1             64  org.springframework.boot.autoconfigure.jackson.JacksonProperties
1231:             1             64  org.springframework.boot.autoconfigure.template.TemplateAvailabilityProviders$1
1232:             1             64  org.springframework.boot.autoconfigure.web.ServerProperties$Tomcat$Accesslog
1233:             1             64  org.springframework.boot.autoconfigure.web.ServerProperties$Undertow
1234:             1             64  org.springframework.boot.autoconfigure.web.WebProperties$Resources$Cache$Cachecontrol
1235:             2             64  org.springframework.boot.availability.AvailabilityChangeEvent
1236:             4             64  org.springframework.boot.convert.ArrayToDelimitedStringConverter
1237:             4             64  org.springframework.boot.convert.DelimitedStringToArrayConverter
1238:             4             64  org.springframework.boot.convert.DelimitedStringToCollectionConverter
1239:             4             64  org.springframework.boot.convert.StringToDataSizeConverter
1240:             4             64  org.springframework.boot.convert.StringToDurationConverter
1241:             4             64  org.springframework.boot.convert.StringToPeriodConverter
1242:             1             64  org.springframework.context.annotation.CommonAnnotationBeanPostProcessor
1243:             2             64  org.springframework.context.annotation.ConditionEvaluator$ConditionContextImpl
1244:             1             64  org.springframework.core.type.classreading.CachingMetadataReaderFactory$LocalResourceCache
1245:             2             64  org.springframework.expression.spel.SpelParserConfiguration
1246:             2             64  org.springframework.http.converter.support.AllEncompassingFormHttpMessageConverter
1247:             4             64  org.springframework.web.method.annotation.ModelMethodProcessor
1248:             4             64  org.springframework.web.servlet.mvc.method.RequestMappingInfoHandlerMethodMappingNamingStrategy
1249:             2             64  org.springframework.web.servlet.resource.PathResourceResolver
1250:             1             64  org.springframework.web.servlet.view.AbstractCachingViewResolver$2
1251:             2             64  sun.nio.fs.NativeBuffer (java.base@17.0.5)
1252:             2             64  sun.reflect.generics.repository.ConstructorRepository (java.base@17.0.5)
1253:             2             64  sun.rmi.server.UnicastServerRef2 (java.rmi@17.0.5)
1254:             2             64  sun.rmi.transport.tcp.TCPTransport (java.rmi@17.0.5)
1255:             1             64  sun.security.provider.certpath.ldap.JdkLDAP$ProviderService (java.naming@17.0.5)
1256:             1             64  sun.security.smartcardio.SunPCSC$ProviderService (java.smartcardio@17.0.5)
1257:             1             56  [Lcom.fasterxml.jackson.databind.cfg.CoercionInputShape;
1258:             1             56  [Ljava.lang.Runnable; (java.base@17.0.5)
1259:             2             56  [Ljava.net.InetAddress; (java.base@17.0.5)
1260:             1             56  [Ljava.nio.file.StandardOpenOption; (java.base@17.0.5)
1261:             3             56  [Ljava.security.Permission; (java.base@17.0.5)
1262:             1             56  [Ljava.text.Format; (java.base@17.0.5)
1263:             1             56  [Lorg.apache.catalina.core.ApplicationFilterConfig;
1264:             3             56  [Lorg.springframework.context.annotation.ComponentScan$Filter;
1265:             1             56  [[I (java.base@17.0.5)
1266:             1             56  com.fasterxml.jackson.datatype.jsr310.ser.InstantSerializer
1267:             1             56  com.fasterxml.jackson.datatype.jsr310.ser.OffsetDateTimeSerializer
1268:             1             56  com.fasterxml.jackson.datatype.jsr310.ser.ZonedDateTimeSerializer
1269:             1             56  io.micrometer.core.instrument.binder.logging.MetricsTurboFilter
1270:             1             56  java.io.ObjectInputFilter$Config$Global (java.base@17.0.5)
1271:             1             56  java.lang.invoke.BoundMethodHandle$Specializer (java.base@17.0.5)
1272:             1             56  java.util.ServiceLoader (java.base@17.0.5)
1273:             1             56  java.util.logging.LogManager (java.logging@17.0.5)
1274:             1             56  jdk.internal.org.objectweb.asm.Label (java.base@17.0.5)
1275:             1             56  jdk.jfr.internal.PlatformRecorder (jdk.jfr@17.0.5)
1276:             1             56  org.apache.catalina.connector.CoyoteReader
1277:             1             56  org.apache.catalina.util.StandardSessionIdGenerator
1278:             1             56  org.apache.catalina.valves.ErrorReportValve
1279:             1             56  org.apache.catalina.webresources.Cache
1280:             1             56  org.apache.catalina.webresources.DirResourceSet
1281:             1             56  org.apache.tomcat.util.modeler.NoDescriptorRegistry
1282:             1             56  org.apache.tomcat.util.modeler.NoDescriptorRegistry$PassthroughMBean
1283:             1             56  org.apache.tomcat.util.scan.StandardJarScanFilter
1284:             1             56  org.apache.tomcat.util.threads.TaskQueue
1285:             1             56  org.springframework.asm.Label
1286:             1             56  org.springframework.boot.actuate.metrics.web.servlet.WebMvcMetricsFilter
1287:             1             56  org.springframework.boot.autoconfigure.web.servlet.WebMvcProperties
1288:             1             56  org.springframework.boot.context.properties.source.ConfigurationPropertySourcesPropertyResolver
1289:             1             56  org.springframework.boot.context.properties.source.ConfigurationPropertySourcesPropertyResolver$DefaultResolver
1290:             1             56  org.springframework.boot.task.TaskExecutorBuilder
1291:             1             56  org.springframework.boot.web.embedded.tomcat.LazySessionIdGenerator
1292:             1             56  org.springframework.core.env.PropertySourcesPropertyResolver
1293:             1             56  org.springframework.expression.spel.support.StandardEvaluationContext
1294:             1             56  org.springframework.web.servlet.config.annotation.PathMatchConfigurer
1295:             1             56  org.springframework.web.servlet.view.ContentNegotiatingViewResolver
1296:             1             56  sun.nio.ch.SinkChannelImpl (java.base@17.0.5)
1297:             1             56  sun.nio.ch.SourceChannelImpl (java.base@17.0.5)
1298:             1             56  sun.rmi.transport.tcp.TCPConnection (java.rmi@17.0.5)
1299:             1             48  [Lcom.fasterxml.jackson.annotation.JsonInclude$Include;
1300:             3             48  [Lcom.fasterxml.jackson.databind.JavaType;
1301:             1             48  [Lcom.sun.beans.introspect.PropertyInfo$Name; (java.desktop@17.0.5)
1302:             2             48  [Lio.micrometer.core.instrument.config.MeterFilter;
1303:             3             48  [Ljava.lang.StackTraceElement; (java.base@17.0.5)
1304:             1             48  [Ljava.lang.management.MemoryPoolMXBean; (java.management@17.0.5)
1305:             1             48  [Ljava.math.RoundingMode; (java.base@17.0.5)
1306:             2             48  [Ljava.net.InetSocketAddress; (java.base@17.0.5)
1307:             2             48  [Ljava.nio.channels.SelectionKey; (java.base@17.0.5)
1308:             1             48  [Ljava.util.concurrent.TimeUnit; (java.base@17.0.5)
1309:             1             48  [Ljdk.xml.internal.JdkProperty$ImplPropMap; (java.xml@17.0.5)
1310:             2             48  [Lorg.apache.catalina.WebResource;
1311:             3             48  [Lorg.apache.catalina.mapper.Mapper$MappedWrapper;
1312:             1             48  [Lorg.apache.tomcat.util.http.parser.HttpParser$DomainParseState;
1313:             1             48  [Lorg.apache.tomcat.util.net.AbstractEndpoint$Handler$SocketState;
1314:             1             48  [Lorg.apache.tomcat.util.net.SocketEvent;
1315:             2             48  [Lorg.springframework.asm.Type;
1316:             2             48  [Lorg.springframework.beans.factory.config.DependencyDescriptor;
1317:             2             48  [Lorg.springframework.boot.actuate.autoconfigure.info.InfoContributorFallback;
1318:             2             48  [Lorg.springframework.boot.actuate.endpoint.annotation.Selector$Match;
1319:             2             48  [Lorg.springframework.boot.context.properties.bind.Bindable$BindRestriction;
1320:             2             48  [Lorg.springframework.boot.context.properties.source.PropertyMapper;
1321:             1             48  [Lorg.springframework.cglib.proxy.CallbackInfo;
1322:             2             48  [Lorg.springframework.core.annotation.MergedAnnotation$Adapt;
1323:             2             48  [Lorg.springframework.http.MediaType;
1324:             1             48  [Lsun.management.counter.Units; (java.management@17.0.5)
1325:             1             48  [[Ljava.lang.Object; (java.base@17.0.5)
1326:             1             48  ch.qos.logback.classic.encoder.PatternLayoutEncoder
1327:             1             48  ch.qos.logback.classic.pattern.DateConverter
1328:             3             48  ch.qos.logback.core.spi.LogbackLock
1329:             2             48  ch.qos.logback.core.subst.Node$Type
1330:             1             48  com.fasterxml.jackson.databind.cfg.ConfigOverride$Empty
1331:             2             48  com.fasterxml.jackson.databind.introspect.AnnotationIntrospectorPair
1332:             2             48  com.fasterxml.jackson.databind.ser.impl.ReadOnlyClassToSerializerMap
1333:             2             48  com.fasterxml.jackson.databind.ser.std.BooleanSerializer
1334:             1             48  com.fasterxml.jackson.databind.util.StdDateFormat
1335:             2             48  com.sun.jmx.mbeanserver.ClassLoaderRepositorySupport$LoaderEntry (java.management@17.0.5)
1336:             1             48  com.sun.jmx.mbeanserver.DefaultMXBeanMappingFactory$Mappings (java.management@17.0.5)
1337:             1             48  com.sun.jmx.mbeanserver.MBeanIntrospector$MBeanInfoMap (java.management@17.0.5)
1338:             1             48  com.sun.jmx.mbeanserver.MBeanIntrospector$PerInterfaceMap (java.management@17.0.5)
1339:             2             48  com.sun.jmx.mbeanserver.WeakIdentityHashMap (java.management@17.0.5)
1340:             3             48  com.sun.proxy.jdk.proxy1.$Proxy18 (jdk.proxy1)
1341:             2             48  io.micrometer.core.instrument.binder.jvm.JvmGcMetrics$$Lambda$576/0x0000000800f0fd30
1342:             1             48  io.micrometer.core.instrument.binder.jvm.JvmGcMetrics$GcGenerationAge$1
1343:             1             48  io.micrometer.core.instrument.binder.jvm.JvmHeapPressureMetrics
1344:             2             48  io.micrometer.core.instrument.binder.jvm.JvmHeapPressureMetrics$$Lambda$559/0x0000000800f07ad0
1345:             2             48  io.micrometer.core.instrument.simple.CountingMode
1346:             2             48  java.beans.MethodRef (java.desktop@17.0.5)
1347:             2             48  java.io.File$PathStatus (java.base@17.0.5)
1348:             2             48  java.io.FilePermissionCollection (java.base@17.0.5)
1349:             1             48  java.lang.NullPointerException (java.base@17.0.5)
1350:             1             48  java.lang.ProcessEnvironment (java.base@17.0.5)
1351:             2             48  java.lang.ThreadLocal$SuppliedThreadLocal (java.base@17.0.5)
1352:             1             48  java.lang.invoke.BoundMethodHandle$Specializer$Factory (java.base@17.0.5)
1353:             2             48  java.lang.invoke.MethodHandles$Lookup$ClassOption (java.base@17.0.5)
1354:             2             48  java.lang.management.MemoryType (java.management@17.0.5)
1355:             2             48  java.lang.reflect.ReflectPermission (java.base@17.0.5)
1356:             2             48  java.net.SocketPermissionCollection (java.base@17.0.5)
1357:             3             48  java.nio.channels.spi.AbstractInterruptibleChannel$1 (java.base@17.0.5)
1358:             3             48  java.nio.charset.CodingErrorAction (java.base@17.0.5)
1359:             2             48  java.rmi.dgc.VMID (java.rmi@17.0.5)
1360:             3             48  java.text.AttributedCharacterIterator$Attribute (java.base@17.0.5)
1361:             2             48  java.time.ZoneRegion (java.base@17.0.5)
1362:             2             48  java.time.format.DateTimeFormatterBuilder$1 (java.base@17.0.5)
1363:             3             48  java.time.format.DateTimeFormatterBuilder$StringLiteralPrinterParser (java.base@17.0.5)
1364:             2             48  java.time.format.DateTimeFormatterBuilder$ZoneIdPrinterParser (java.base@17.0.5)
1365:             2             48  java.time.format.DateTimeTextProvider$LocaleStore (java.base@17.0.5)
1366:             3             48  java.util.Optional (java.base@17.0.5)
1367:             3             48  java.util.ResourceBundle$NoFallbackControl (java.base@17.0.5)
1368:             3             48  java.util.concurrent.CountDownLatch (java.base@17.0.5)
1369:             1             48  java.util.concurrent.locks.ReentrantReadWriteLock$FairSync (java.base@17.0.5)
1370:             2             48  java.util.logging.Logger$LoggerBundle (java.logging@17.0.5)
1371:             2             48  java.util.logging.LoggingPermission (java.logging@17.0.5)
1372:             2             48  java.util.regex.Pattern$Prolog (java.base@17.0.5)
1373:             1             48  javax.management.remote.rmi.RMIConnectionImpl$RMIServerCommunicatorAdmin (java.management.rmi@17.0.5)
1374:             3             48  javax.xml.catalog.CatalogFeatures$Builder (java.xml@17.0.5)
1375:             1             48  jdk.internal.jimage.ImageHeader (java.base@17.0.5)
1376:             2             48  jdk.internal.loader.URLClassPath$FileLoader (java.base@17.0.5)
1377:             2             48  jdk.internal.misc.Signal (java.base@17.0.5)
1378:             2             48  jdk.internal.misc.Signal$NativeHandler (java.base@17.0.5)
1379:             3             48  jdk.internal.util.Preconditions$1 (java.base@17.0.5)
1380:             1             48  jdk.jfr.internal.MetadataRepository (jdk.jfr@17.0.5)
1381:             1             48  jdk.jfr.internal.StringPool$SimpleStringIdPool (jdk.jfr@17.0.5)
1382:             1             48  jdk.jfr.internal.handlers.EventHandler8073_1672863799398-33088 (jdk.jfr@17.0.5)
1383:             1             48  jdk.management.jfr.FlightRecorderMXBeanImpl (jdk.management.jfr@17.0.5)
1384:             3             48  jdk.proxy2.$Proxy21 (jdk.proxy2)
1385:             3             48  jdk.proxy2.$Proxy5 (jdk.proxy2)
1386:             3             48  jdk.proxy2.$Proxy56 (jdk.proxy2)
1387:             3             48  jdk.proxy2.$Proxy57 (jdk.proxy2)
1388:             3             48  jdk.xml.internal.TransformErrorListener (java.xml@17.0.5)
1389:             2             48  jdk.xml.internal.XMLSecurityManager$Processor (java.xml@17.0.5)
1390:             1             48  org.apache.catalina.core.DefaultInstanceManager
1391:             1             48  org.apache.catalina.core.StandardContextValve
1392:             1             48  org.apache.catalina.core.StandardEngineValve
1393:             1             48  org.apache.catalina.core.StandardHostValve
1394:             1             48  org.apache.catalina.mapper.MapperListener
1395:             3             48  org.apache.catalina.realm.RealmBase$AllRolesMode
1396:             1             48  org.apache.catalina.startup.Tomcat
1397:             2             48  org.apache.catalina.util.ErrorPageSupport
1398:             1             48  org.apache.catalina.util.Extension
1399:             2             48  org.apache.catalina.util.URLEncoder
1400:             2             48  org.apache.coyote.http11.filters.GzipOutputFilter
1401:             2             48  org.apache.coyote.http11.filters.GzipOutputFilter$FakeOutputStream
1402:             2             48  org.apache.tomcat.util.buf.UEncoder$SafeCharsSet
1403:             2             48  org.apache.tomcat.util.http.ServerCookies
1404:             1             48  org.apache.tomcat.util.modeler.AttributeInfo
1405:             1             48  org.apache.tomcat.util.net.NioEndpoint$Poller
1406:             2             48  org.apache.tomcat.util.net.NioEndpoint$PollerEvent
1407:             2             48  org.apache.tomcat.util.net.NioEndpoint$SocketProcessor
1408:             2             48  org.apache.tomcat.util.net.SocketBufferHandler
1409:             2             48  org.apache.tomcat.util.net.WriteBuffer
1410:             2             48  org.springframework.beans.TypeConverterDelegate
1411:             1             48  org.springframework.beans.factory.annotation.AutowiredAnnotationBeanPostProcessor
1412:             2             48  org.springframework.beans.factory.config.EmbeddedValueResolver
1413:             2             48  org.springframework.boot.BootstrapRegistry$Scope
1414:             2             48  org.springframework.boot.actuate.autoconfigure.endpoint.expose.EndpointExposure
1415:             2             48  org.springframework.boot.actuate.autoconfigure.health.OnEnabledHealthIndicatorCondition
1416:             2             48  org.springframework.boot.actuate.autoconfigure.info.InfoContributorFallback
1417:             2             48  org.springframework.boot.actuate.autoconfigure.metrics.OnlyOnceLoggingDenyMeterFilter
1418:             3             48  org.springframework.boot.actuate.autoconfigure.web.server.OnManagementPortCondition
1419:             2             48  org.springframework.boot.actuate.endpoint.ApiVersion
1420:             2             48  org.springframework.boot.actuate.endpoint.annotation.Selector$Match
1421:             2             48  org.springframework.boot.actuate.endpoint.invoke.reflect.ReflectiveOperationInvoker
1422:             3             48  org.springframework.boot.actuate.endpoint.web.EndpointMapping
1423:             3             48  org.springframework.boot.actuate.endpoint.web.servlet.SkipPathExtensionContentNegotiation
1424:             2             48  org.springframework.boot.actuate.health.SimpleStatusAggregator
1425:             2             48  org.springframework.boot.actuate.info.InfoPropertiesInfoContributor$Mode
1426:             3             48  org.springframework.boot.autoconfigure.cache.CacheCondition
1427:             1             48  org.springframework.boot.autoconfigure.sql.init.SqlInitializationProperties
1428:             2             48  org.springframework.boot.autoconfigure.web.ServerProperties$Jetty$Accesslog$FORMAT
1429:             2             48  org.springframework.boot.autoconfigure.web.WebProperties$LocaleResolver
1430:             1             48  org.springframework.boot.autoconfigure.web.servlet.DispatcherServletRegistrationBean
1431:             1             48  org.springframework.boot.autoconfigure.web.servlet.WebMvcAutoConfiguration$WebMvcAutoConfigurationAdapter
1432:             2             48  org.springframework.boot.autoconfigure.web.servlet.WebMvcProperties$MatchingStrategy
1433:             2             48  org.springframework.boot.availability.LivenessState
1434:             2             48  org.springframework.boot.availability.ReadinessState
1435:             3             48  org.springframework.boot.context.config.ConfigData$Options
1436:             2             48  org.springframework.boot.context.config.ConfigDataEnvironmentContributor$ImportPhase
1437:             2             48  org.springframework.boot.context.config.ConfigDataLocation
1438:             2             48  org.springframework.boot.context.config.LocationResourceLoader$ResourceType
1439:             2             48  org.springframework.boot.context.properties.ConfigurationPropertiesBean$BindMethod
1440:             2             48  org.springframework.boot.context.properties.bind.BindConverter$TypeConverterConversionService
1441:             2             48  org.springframework.boot.context.properties.bind.BindConverter$TypeConverterConverter
1442:             2             48  org.springframework.boot.context.properties.source.DefaultPropertyMapper$LastMapping
1443:             2             48  org.springframework.boot.context.properties.source.SpringConfigurationPropertySources
1444:             2             48  org.springframework.boot.convert.CharSequenceToObjectConverter
1445:             2             48  org.springframework.boot.logging.LoggerGroup
1446:             1             48  org.springframework.boot.logging.logback.ExtendedWhitespaceThrowableProxyConverter
1447:             2             48  org.springframework.boot.web.server.Shutdown
1448:             1             48  org.springframework.boot.web.servlet.FilterRegistrationBean
1449:             1             48  org.springframework.boot.web.servlet.filter.OrderedCharacterEncodingFilter
1450:             1             48  org.springframework.boot.web.servlet.filter.OrderedFormContentFilter
1451:             1             48  org.springframework.boot.web.servlet.filter.OrderedRequestContextFilter
1452:             2             48  org.springframework.boot.web.servlet.server.Encoding$Type
1453:             1             48  org.springframework.boot.web.servlet.server.Session$Cookie
1454:             2             48  org.springframework.context.annotation.ConfigurationCondition$ConfigurationPhase
1455:             2             48  org.springframework.context.support.ApplicationListenerDetector
1456:             2             48  org.springframework.core.NamedInheritableThreadLocal
1457:             2             48  org.springframework.core.ResolvableType$WildcardBounds$Kind
1458:             2             48  org.springframework.core.annotation.MergedAnnotation$Adapt
1459:             3             48  org.springframework.core.convert.support.ArrayToCollectionConverter
1460:             3             48  org.springframework.core.convert.support.ArrayToObjectConverter
1461:             3             48  org.springframework.core.convert.support.ArrayToStringConverter
1462:             3             48  org.springframework.core.convert.support.ByteBufferConverter
1463:             3             48  org.springframework.core.convert.support.CharacterToNumberFactory
1464:             3             48  org.springframework.core.convert.support.CollectionToCollectionConverter
1465:             3             48  org.springframework.core.convert.support.CollectionToObjectConverter
1466:             3             48  org.springframework.core.convert.support.EnumToIntegerConverter
1467:             3             48  org.springframework.core.convert.support.EnumToStringConverter
1468:             3             48  org.springframework.core.convert.support.FallbackObjectToStringConverter
1469:             3             48  org.springframework.core.convert.support.IdToEntityConverter
1470:             3             48  org.springframework.core.convert.support.IntegerToEnumConverterFactory
1471:             3             48  org.springframework.core.convert.support.MapToMapConverter
1472:             3             48  org.springframework.core.convert.support.NumberToCharacterConverter
1473:             3             48  org.springframework.core.convert.support.NumberToNumberConverterFactory
1474:             3             48  org.springframework.core.convert.support.ObjectToArrayConverter
1475:             3             48  org.springframework.core.convert.support.ObjectToCollectionConverter
1476:             3             48  org.springframework.core.convert.support.ObjectToObjectConverter
1477:             3             48  org.springframework.core.convert.support.ObjectToOptionalConverter
1478:             3             48  org.springframework.core.convert.support.PropertiesToStringConverter
1479:             3             48  org.springframework.core.convert.support.StreamConverter
1480:             3             48  org.springframework.core.convert.support.StringToArrayConverter
1481:             3             48  org.springframework.core.convert.support.StringToBooleanConverter
1482:             3             48  org.springframework.core.convert.support.StringToCharacterConverter
1483:             3             48  org.springframework.core.convert.support.StringToCharsetConverter
1484:             3             48  org.springframework.core.convert.support.StringToCollectionConverter
1485:             3             48  org.springframework.core.convert.support.StringToCurrencyConverter
1486:             3             48  org.springframework.core.convert.support.StringToEnumConverterFactory
1487:             3             48  org.springframework.core.convert.support.StringToLocaleConverter
1488:             3             48  org.springframework.core.convert.support.StringToNumberConverterFactory
1489:             3             48  org.springframework.core.convert.support.StringToPropertiesConverter
1490:             3             48  org.springframework.core.convert.support.StringToTimeZoneConverter
1491:             3             48  org.springframework.core.convert.support.StringToUUIDConverter
1492:             3             48  org.springframework.core.convert.support.ZoneIdToTimeZoneConverter
1493:             3             48  org.springframework.core.convert.support.ZonedDateTimeToCalendarConverter
1494:             2             48  org.springframework.core.env.PropertiesPropertySource
1495:             2             48  org.springframework.core.io.DefaultResourceLoader
1496:             2             48  org.springframework.core.io.FileSystemResource
1497:             1             48  org.springframework.core.task.SimpleAsyncTaskExecutor
1498:             2             48  org.springframework.core.type.filter.AnnotationTypeFilter
1499:             2             48  org.springframework.expression.TypedValue
1500:             3             48  org.springframework.format.datetime.DateTimeFormatAnnotationFormatterFactory
1501:             3             48  org.springframework.format.datetime.standard.DateTimeConverters$CalendarToInstantConverter
1502:             3             48  org.springframework.format.datetime.standard.DateTimeConverters$CalendarToLocalDateConverter
1503:             3             48  org.springframework.format.datetime.standard.DateTimeConverters$CalendarToLocalDateTimeConverter
1504:             3             48  org.springframework.format.datetime.standard.DateTimeConverters$CalendarToLocalTimeConverter
1505:             3             48  org.springframework.format.datetime.standard.DateTimeConverters$CalendarToOffsetDateTimeConverter
1506:             3             48  org.springframework.format.datetime.standard.DateTimeConverters$CalendarToZonedDateTimeConverter
1507:             3             48  org.springframework.format.datetime.standard.DateTimeConverters$InstantToLongConverter
1508:             3             48  org.springframework.format.datetime.standard.DateTimeConverters$LocalDateTimeToLocalDateConverter
1509:             3             48  org.springframework.format.datetime.standard.DateTimeConverters$LocalDateTimeToLocalTimeConverter
1510:             3             48  org.springframework.format.datetime.standard.DateTimeConverters$LongToInstantConverter
1511:             3             48  org.springframework.format.datetime.standard.DateTimeConverters$OffsetDateTimeToInstantConverter
1512:             3             48  org.springframework.format.datetime.standard.DateTimeConverters$OffsetDateTimeToLocalDateConverter
1513:             3             48  org.springframework.format.datetime.standard.DateTimeConverters$OffsetDateTimeToLocalDateTimeConverter
1514:             3             48  org.springframework.format.datetime.standard.DateTimeConverters$OffsetDateTimeToLocalTimeConverter
1515:             3             48  org.springframework.format.datetime.standard.DateTimeConverters$OffsetDateTimeToZonedDateTimeConverter
1516:             3             48  org.springframework.format.datetime.standard.DateTimeConverters$ZonedDateTimeToInstantConverter
1517:             3             48  org.springframework.format.datetime.standard.DateTimeConverters$ZonedDateTimeToLocalDateConverter
1518:             3             48  org.springframework.format.datetime.standard.DateTimeConverters$ZonedDateTimeToLocalDateTimeConverter
1519:             3             48  org.springframework.format.datetime.standard.DateTimeConverters$ZonedDateTimeToLocalTimeConverter
1520:             3             48  org.springframework.format.datetime.standard.DateTimeConverters$ZonedDateTimeToOffsetDateTimeConverter
1521:             3             48  org.springframework.format.datetime.standard.DurationFormatter
1522:             3             48  org.springframework.format.datetime.standard.InstantFormatter
1523:             3             48  org.springframework.format.datetime.standard.Jsr310DateTimeFormatAnnotationFormatterFactory
1524:             3             48  org.springframework.format.datetime.standard.MonthDayFormatter
1525:             3             48  org.springframework.format.datetime.standard.MonthFormatter
1526:             3             48  org.springframework.format.datetime.standard.PeriodFormatter
1527:             3             48  org.springframework.format.datetime.standard.YearFormatter
1528:             3             48  org.springframework.format.datetime.standard.YearMonthFormatter
1529:             3             48  org.springframework.format.number.NumberFormatAnnotationFormatterFactory
1530:             2             48  org.springframework.http.server.DefaultPathContainer$DefaultSeparator
1531:             2             48  org.springframework.util.ConcurrentReferenceHashMap$ReferenceType
1532:             2             48  org.springframework.util.ConcurrentReferenceHashMap$Restructure
1533:             1             48  org.springframework.web.accept.ContentNegotiationManagerFactoryBean
1534:             1             48  org.springframework.web.cors.CorsConfiguration
1535:             2             48  org.springframework.web.cors.CorsConfiguration$OriginPattern
1536:             2             48  org.springframework.web.method.annotation.ExpressionValueMethodArgumentResolver
1537:             3             48  org.springframework.web.method.annotation.MapMethodProcessor
1538:             2             48  org.springframework.web.servlet.mvc.condition.ConsumesRequestCondition
1539:             2             48  org.springframework.web.servlet.mvc.method.annotation.MatrixVariableMethodArgumentResolver
1540:             2             48  org.springframework.web.servlet.mvc.method.annotation.PathVariableMethodArgumentResolver
1541:             3             48  org.springframework.web.servlet.mvc.method.annotation.PrincipalMethodArgumentResolver
1542:             3             48  org.springframework.web.servlet.mvc.method.annotation.ServletRequestMethodArgumentResolver
1543:             3             48  org.springframework.web.servlet.mvc.method.annotation.ServletResponseMethodArgumentResolver
1544:             2             48  org.springframework.web.servlet.resource.DefaultResourceTransformerChain
1545:             2             48  org.springframework.web.util.pattern.PathPatternParser
1546:             3             48  sun.nio.ch.SocketDispatcher (java.base@17.0.5)
1547:             2             48  sun.nio.fs.NativeBuffer$Deallocator (java.base@17.0.5)
1548:             2             48  sun.reflect.generics.scope.ConstructorScope (java.base@17.0.5)
1549:             3             48  sun.reflect.generics.tree.ArrayTypeSignature (java.base@17.0.5)
1550:             1             48  sun.rmi.runtime.Log$InternalStreamHandler (java.rmi@17.0.5)
1551:             1             48  sun.rmi.transport.tcp.TCPChannel (java.rmi@17.0.5)
1552:             2             48  sun.security.jca.ProviderList (java.base@17.0.5)
1553:             2             48  sun.security.jca.ProviderList$3 (java.base@17.0.5)
1554:             2             48  sun.util.locale.provider.LocaleServiceProviderPool (java.base@17.0.5)
1555:             1             48  sun.util.resources.TimeZoneNames (java.base@17.0.5)
1556:             1             48  sun.util.resources.TimeZoneNames_en (java.base@17.0.5)
1557:             1             48  sun.util.resources.cldr.TimeZoneNames (java.base@17.0.5)
1558:             1             48  sun.util.resources.cldr.TimeZoneNames_en (java.base@17.0.5)
1559:             2             40  [Lch.qos.logback.core.Appender;
1560:             1             40  [Lch.qos.logback.core.pattern.parser.TokenStream$TokenizerState;
1561:             1             40  [Lch.qos.logback.core.subst.Token$Type;
1562:             1             40  [Lcom.fasterxml.jackson.annotation.JsonAutoDetect$Visibility;
1563:             1             40  [Lcom.fasterxml.jackson.annotation.Nulls;
1564:             1             40  [Lcom.fasterxml.jackson.core.JsonEncoding;
1565:             1             40  [Lcom.fasterxml.jackson.core.JsonParser$NumberType;
1566:             2             40  [Lcom.sun.jmx.mbeanserver.ClassLoaderRepositorySupport$LoaderEntry; (java.management@17.0.5)
1567:             1             40  [Lio.micrometer.core.instrument.Meter$Type;
1568:             2             40  [Ljava.beans.PropertyChangeListener; (java.desktop@17.0.5)
1569:             1             40  [Ljava.lang.Thread$State; (java.base@17.0.5)
1570:             1             40  [Ljava.lang.invoke.VarHandle$AccessType; (java.base@17.0.5)
1571:             2             40  [Ljava.net.URL; (java.base@17.0.5)
1572:             1             40  [Ljava.time.format.SignStyle; (java.base@17.0.5)
1573:             1             40  [Ljava.time.format.TextStyle; (java.base@17.0.5)
1574:             1             40  [Ljava.util.stream.StreamOpFlag; (java.base@17.0.5)
1575:             1             40  [Ljavax.servlet.http.MappingMatch;
1576:             1             40  [Ljdk.jfr.internal.LogLevel; (jdk.jfr@17.0.5)
1577:             1             40  [Lorg.apache.coyote.http11.Http11InputBuffer$HeaderParsePosition;
1578:             1             40  [Lorg.apache.tomcat.util.descriptor.web.FilterMap;
1579:             1             40  [Lorg.springframework.boot.actuate.metrics.http.Outcome;
1580:             1             40  [Lorg.springframework.boot.ansi.AnsiStyle;
1581:             1             40  [Lorg.springframework.boot.context.config.ConfigDataEnvironmentContributor$Kind;
1582:             2             40  [Lorg.springframework.boot.context.config.ConfigDataLocation;
1583:             1             40  [Lorg.springframework.core.annotation.MergedAnnotations$SearchStrategy;
1584:             1             40  [Lsun.nio.fs.WindowsPathType; (java.base@17.0.5)
1585:             1             40  [Lsun.util.locale.provider.LocaleProviderAdapter$Type; (java.base@17.0.5)
1586:             1             40  [[Ljava.lang.invoke.LambdaForm$Name; (java.base@17.0.5)
1587:             1             40  ch.qos.logback.classic.pattern.LoggerConverter
1588:             1             40  ch.qos.logback.core.BasicStatusManager
1589:             1             40  com.fasterxml.jackson.annotation.JsonFormat$Value
1590:             1             40  com.fasterxml.jackson.datatype.jsr310.ser.DurationSerializer
1591:             1             40  com.fasterxml.jackson.datatype.jsr310.ser.LocalDateSerializer
1592:             1             40  com.fasterxml.jackson.datatype.jsr310.ser.LocalDateTimeSerializer
1593:             1             40  com.fasterxml.jackson.datatype.jsr310.ser.LocalTimeSerializer
1594:             1             40  com.fasterxml.jackson.datatype.jsr310.ser.MonthDaySerializer
1595:             1             40  com.fasterxml.jackson.datatype.jsr310.ser.OffsetTimeSerializer
1596:             1             40  com.fasterxml.jackson.datatype.jsr310.ser.YearMonthSerializer
1597:             1             40  com.fasterxml.jackson.datatype.jsr310.ser.YearSerializer
1598:             1             40  com.sun.beans.introspect.ClassInfo$1 (java.desktop@17.0.5)
1599:             1             40  com.sun.jmx.interceptor.DefaultMBeanServerInterceptor (java.management@17.0.5)
1600:             1             40  com.sun.jmx.mbeanserver.JmxMBeanServer (java.management@17.0.5)
1601:             1             40  com.sun.jmx.mbeanserver.MBeanServerDelegateImpl (java.management@17.0.5)
1602:             1             40  com.sun.management.internal.DiagnosticCommandImpl (jdk.management@17.0.5)
1603:             1             40  io.micrometer.core.instrument.distribution.TimeWindowSum
1604:             1             40  java.io.DataOutputStream (java.base@17.0.5)
1605:             1             40  java.lang.ArithmeticException (java.base@17.0.5)
1606:             1             40  java.lang.Exception (java.base@17.0.5)
1607:             1             40  java.lang.VirtualMachineError (java.base@17.0.5)
1608:             1             40  java.lang.invoke.BoundMethodHandle$Species_LLL (java.base@17.0.5)
1609:             1             40  java.lang.invoke.VarHandleInts$FieldStaticReadWrite (java.base@17.0.5)
1610:             1             40  java.net.SocketTimeoutException (java.base@17.0.5)
1611:             1             40  java.text.MessageFormat (java.base@17.0.5)
1612:             1             40  java.time.format.DateTimeFormatterBuilder (java.base@17.0.5)
1613:             1             40  java.time.format.DateTimeFormatterBuilder$FractionPrinterParser (java.base@17.0.5)
1614:             1             40  java.time.format.DateTimeFormatterBuilder$ReducedPrinterParser (java.base@17.0.5)
1615:             1             40  java.util.ResourceBundle$2 (java.base@17.0.5)
1616:             1             40  java.util.ServiceLoader$LazyClassPathLookupIterator (java.base@17.0.5)
1617:             1             40  java.util.regex.Pattern$LazyLoop (java.base@17.0.5)
1618:             1             40  java.util.regex.Pattern$Loop (java.base@17.0.5)
1619:             1             40  javax.servlet.MultipartConfigElement
1620:             1             40  jdk.internal.ref.CleanerImpl$CleanerCleanable (java.base@17.0.5)
1621:             1             40  jdk.jfr.internal.handlers.EventHandler8071_1672863799398-33088 (jdk.jfr@17.0.5)
1622:             1             40  org.apache.catalina.core.ApplicationSessionCookieConfig
1623:             1             40  org.apache.catalina.realm.MessageDigestCredentialHandler
1624:             1             40  org.apache.coyote.AbstractProtocol$RecycledProcessors
1625:             1             40  org.apache.coyote.CompressionConfig
1626:             1             40  org.apache.tomcat.util.buf.Utf8Decoder
1627:             1             40  org.slf4j.bridge.SLF4JBridgeHandler
1628:             1             40  org.springframework.beans.factory.annotation.InitDestroyAnnotationBeanPostProcessor$1
1629:             1             40  org.springframework.boot.SpringApplicationShutdownHook
1630:             1             40  org.springframework.boot.actuate.autoconfigure.endpoint.web.CorsEndpointProperties
1631:             1             40  org.springframework.boot.actuate.autoconfigure.health.AutoConfiguredHealthEndpointGroup
1632:             1             40  org.springframework.boot.actuate.autoconfigure.metrics.MeterRegistryPostProcessor
1633:             1             40  org.springframework.boot.actuate.autoconfigure.metrics.MetricsProperties
1634:             1             40  org.springframework.boot.actuate.autoconfigure.metrics.MetricsProperties$Distribution
1635:             1             40  org.springframework.boot.actuate.endpoint.annotation.EndpointDiscoverer$EndpointBean
1636:             1             40  org.springframework.boot.actuate.endpoint.web.annotation.ControllerEndpointDiscoverer
1637:             1             40  org.springframework.boot.actuate.endpoint.web.annotation.ServletEndpointDiscoverer
1638:             1             40  org.springframework.boot.actuate.endpoint.web.annotation.WebEndpointDiscoverer
1639:             1             40  org.springframework.boot.autoconfigure.web.ErrorProperties
1640:             1             40  org.springframework.boot.autoconfigure.web.ServerProperties$Jetty$Accesslog
1641:             1             40  org.springframework.boot.autoconfigure.web.ServerProperties$Jetty$Threads
1642:             1             40  org.springframework.boot.autoconfigure.web.ServerProperties$Netty
1643:             1             40  org.springframework.boot.autoconfigure.web.ServerProperties$Servlet
1644:             1             40  org.springframework.boot.autoconfigure.web.ServerProperties$Tomcat$Remoteip
1645:             1             40  org.springframework.boot.context.logging.LoggingApplicationListener
1646:             1             40  org.springframework.boot.context.properties.ConfigurationPropertiesBinder
1647:             1             40  org.springframework.boot.web.server.Cookie
1648:             1             40  org.springframework.boot.web.servlet.server.Session
1649:             1             40  org.springframework.cglib.core.ClassNameReader$EarlyExitException
1650:             1             40  org.springframework.context.annotation.ConfigurationClassBeanDefinitionReader
1651:             1             40  org.springframework.context.event.EventListenerMethodProcessor
1652:             1             40  org.springframework.context.event.SimpleApplicationEventMulticaster
1653:             1             40  org.springframework.context.expression.StandardBeanExpressionResolver
1654:             1             40  org.springframework.core.io.ResourceEditor
1655:             1             40  org.springframework.core.io.support.ResourceArrayPropertyEditor
1656:             1             40  org.springframework.expression.spel.support.ReflectivePropertyAccessor
1657:             1             40  org.springframework.jndi.support.SimpleJndiBeanFactory
1658:             1             40  org.springframework.ui.context.support.ResourceBundleThemeSource
1659:             1             40  org.springframework.util.ConcurrentLruCache
1660:             1             40  org.springframework.web.bind.support.ConfigurableWebBindingInitializer
1661:             1             40  org.springframework.web.servlet.mvc.annotation.ResponseStatusExceptionResolver
1662:             1             40  org.springframework.web.servlet.mvc.support.DefaultHandlerExceptionResolver
1663:             1             40  org.springframework.web.servlet.resource.ResourceUrlProvider
1664:             1             40  sun.management.MappedMXBeanType$CompositeDataMXBeanType (java.management@17.0.5)
1665:             1             40  sun.management.MappedMXBeanType$MapMXBeanType (java.management@17.0.5)
1666:             1             40  sun.nio.ch.ServerSocketAdaptor (java.base@17.0.5)
1667:             1             40  sun.nio.cs.StandardCharsets$Aliases (java.base@17.0.5)
1668:             1             40  sun.nio.cs.StandardCharsets$Cache (java.base@17.0.5)
1669:             1             40  sun.rmi.transport.tcp.TCPTransport$ConnectionHandler (java.rmi@17.0.5)
1670:             1             40  sun.util.locale.InternalLocaleBuilder (java.base@17.0.5)
1671:             1             40  sun.util.resources.Bundles$1 (java.base@17.0.5)
1672:             1             32  [Lch.qos.logback.core.spi.FilterReply;
1673:             1             32  [Lch.qos.logback.core.subst.Tokenizer$TokenizerState;
1674:             1             32  [Lcom.fasterxml.jackson.annotation.JsonCreator$Mode;
1675:             1             32  [Lcom.fasterxml.jackson.core.Base64Variant$PaddingReadBehaviour;
1676:             1             32  [Lcom.fasterxml.jackson.core.JsonFactory$Feature;
1677:             1             32  [Lcom.sun.beans.util.Cache$Kind; (java.desktop@17.0.5)
1678:             1             32  [Lio.micrometer.core.instrument.binder.jvm.JvmGcMetrics$GcGenerationAge;
1679:             1             32  [Lio.micrometer.core.instrument.config.MeterFilterReply;
1680:             1             32  [Ljava.io.ObjectInputFilter$Status; (java.base@17.0.5)
1681:             1             32  [Ljava.lang.ThreadGroup; (java.base@17.0.5)
1682:             1             32  [Ljava.lang.invoke.MethodHandleImpl$ArrayAccess; (java.base@17.0.5)
1683:             1             32  [Ljava.lang.invoke.VarHandle$VarHandleDesc$Kind; (java.base@17.0.5)
1684:             1             32  [Ljava.lang.management.MemoryManagerMXBean; (java.management@17.0.5)
1685:             1             32  [Ljava.lang.module.ModuleDescriptor$Modifier; (java.base@17.0.5)
1686:             1             32  [Ljava.lang.module.ModuleDescriptor$Requires$Modifier; (java.base@17.0.5)
1687:             1             32  [Ljava.net.StandardProtocolFamily; (java.base@17.0.5)
1688:             1             32  [Ljava.nio.file.AccessMode; (java.base@17.0.5)
1689:             1             32  [Ljava.security.DrbgParameters$Capability; (java.base@17.0.5)
1690:             1             32  [Ljava.time.format.DateTimeFormatter; (java.base@17.0.5)
1691:             1             32  [Ljava.time.format.DateTimeFormatterBuilder$SettingsParser; (java.base@17.0.5)
1692:             1             32  [Ljava.time.format.FormatStyle; (java.base@17.0.5)
1693:             1             32  [Ljava.time.format.ResolverStyle; (java.base@17.0.5)
1694:             1             32  [Ljava.time.temporal.IsoFields$Field; (java.base@17.0.5)
1695:             1             32  [Ljava.time.temporal.JulianFields$Field; (java.base@17.0.5)
1696:             1             32  [Ljava.util.regex.Pattern$Qtype; (java.base@17.0.5)
1697:             1             32  [Ljava.util.stream.MatchOps$MatchKind; (java.base@17.0.5)
1698:             1             32  [Ljava.util.stream.StreamShape; (java.base@17.0.5)
1699:             1             32  [Ljdk.internal.logger.BootstrapLogger$LoggingBackend; (java.base@17.0.5)
1700:             1             32  [Ljdk.internal.module.ServicesCatalog; (java.base@17.0.5)
1701:             1             32  [Ljdk.xml.internal.JdkXmlFeatures$XmlFeature; (java.xml@17.0.5)
1702:             1             32  [Ljdk.xml.internal.XMLSecurityManager$NameMap; (java.xml@17.0.5)
1703:             1             32  [Lorg.apache.catalina.authenticator.AuthenticatorBase$AllowCorsPreflight;
1704:             1             32  [Lorg.apache.commons.logging.LogAdapter$LogApi;
1705:             1             32  [Lorg.apache.coyote.ContinueResponseTiming;
1706:             1             32  [Lorg.apache.coyote.ErrorState;
1707:             1             32  [Lorg.apache.coyote.http11.Http11InputBuffer$HeaderParseStatus;
1708:             1             32  [Lorg.apache.tomcat.util.buf.EncodedSolidusHandling;
1709:             1             32  [Lorg.apache.tomcat.util.http.ConcurrentDateFormat;
1710:             1             32  [Lorg.apache.tomcat.util.http.SameSiteCookies;
1711:             1             32  [Lorg.apache.tomcat.util.http.parser.SkipResult;
1712:             1             32  [Lorg.apache.tomcat.util.log.UserDataHelper$Config;
1713:             1             32  [Lorg.apache.tomcat.util.log.UserDataHelper$Mode;
1714:             1             32  [Lorg.apache.tomcat.util.net.AbstractEndpoint$BindState;
1715:             1             32  [Lorg.apache.tomcat.util.net.Acceptor$AcceptorState;
1716:             1             32  [Lorg.apache.tomcat.util.net.SendfileState;
1717:             1             32  [Lorg.springframework.boot.Banner$Mode;
1718:             1             32  [Lorg.springframework.boot.WebApplicationType;
1719:             1             32  [Lorg.springframework.boot.actuate.autoconfigure.health.HealthProperties$Show;
1720:             1             32  [Lorg.springframework.boot.actuate.endpoint.web.WebEndpointHttpMethod;
1721:             1             32  [Lorg.springframework.boot.ansi.AnsiOutput$Enabled;
1722:             1             32  [Lorg.springframework.boot.autoconfigure.web.ErrorProperties$IncludeAttribute;
1723:             1             32  [Lorg.springframework.boot.context.properties.source.ConfigurationPropertyName$Form;
1724:             1             32  [Lorg.springframework.boot.context.properties.source.ConfigurationPropertyState;
1725:             1             32  [Lorg.springframework.boot.sql.init.DatabaseInitializationMode;
1726:             1             32  [Lorg.springframework.boot.web.servlet.ServletContextInitializer;
1727:             1             32  [Lorg.springframework.cglib.proxy.Callback;
1728:             1             32  [Lorg.springframework.core.annotation.TypeMappedAnnotations$IsPresent;
1729:             1             32  [Lorg.springframework.expression.spel.SpelCompilerMode;
1730:             1             32  [Lsun.nio.fs.NativeBuffer; (java.base@17.0.5)
1731:             1             32  ch.qos.logback.classic.jul.LevelChangePropagator
1732:             1             32  ch.qos.logback.classic.pattern.LevelConverter
1733:             1             32  ch.qos.logback.classic.pattern.LineSeparatorConverter
1734:             1             32  ch.qos.logback.classic.pattern.MessageConverter
1735:             1             32  ch.qos.logback.classic.pattern.ThreadConverter
1736:             1             32  ch.qos.logback.classic.spi.LoggerContextVO
1737:             1             32  ch.qos.logback.core.helpers.CyclicBuffer
1738:             1             32  com.fasterxml.jackson.annotation.JsonInclude$Value
1739:             1             32  com.fasterxml.jackson.databind.introspect.DefaultAccessorNamingStrategy$Provider
1740:             2             32  com.fasterxml.jackson.databind.node.JsonNodeFactory
1741:             1             32  com.fasterxml.jackson.databind.ser.std.CalendarSerializer
1742:             1             32  com.fasterxml.jackson.databind.ser.std.DateSerializer
1743:             1             32  com.fasterxml.jackson.databind.ser.std.NumberSerializers$FloatSerializer
1744:             1             32  com.fasterxml.jackson.databind.ser.std.NumberSerializers$IntLikeSerializer
1745:             1             32  com.fasterxml.jackson.databind.ser.std.NumberSerializers$ShortSerializer
1746:             1             32  com.fasterxml.jackson.databind.type.TypeBindings
1747:             1             32  com.fasterxml.jackson.datatype.jsr310.deser.DurationDeserializer
1748:             1             32  com.fasterxml.jackson.datatype.jsr310.deser.LocalDateDeserializer
1749:             1             32  com.fasterxml.jackson.datatype.jsr310.deser.LocalDateTimeDeserializer
1750:             1             32  com.fasterxml.jackson.datatype.jsr310.deser.LocalTimeDeserializer
1751:             1             32  com.fasterxml.jackson.datatype.jsr310.deser.MonthDayDeserializer
1752:             1             32  com.fasterxml.jackson.datatype.jsr310.deser.OffsetTimeDeserializer
1753:             1             32  com.fasterxml.jackson.datatype.jsr310.deser.YearDeserializer
1754:             1             32  com.fasterxml.jackson.datatype.jsr310.deser.YearMonthDeserializer
1755:             1             32  com.sun.beans.introspect.ClassInfo (java.desktop@17.0.5)
1756:             1             32  com.sun.jmx.mbeanserver.Repository (java.management@17.0.5)
1757:             2             32  io.micrometer.core.instrument.MeterRegistry$Config
1758:             2             32  io.micrometer.core.instrument.MeterRegistry$More
1759:             1             32  io.micrometer.core.instrument.binder.jvm.JvmGcMetrics
1760:             2             32  io.micrometer.core.instrument.binder.jvm.JvmHeapPressureMetrics$$Lambda$557/0x0000000800f07698
1761:             1             32  io.micrometer.core.instrument.binder.system.FileDescriptorMetrics
1762:             1             32  io.micrometer.core.instrument.binder.system.ProcessorMetrics
1763:             1             32  io.micrometer.core.instrument.binder.tomcat.TomcatMetrics
1764:             2             32  io.micrometer.core.instrument.distribution.pause.NoPauseDetector
1765:             1             32  java.io.FileInputStream (java.base@17.0.5)
1766:             1             32  java.io.WinNTFileSystem (java.base@17.0.5)
1767:             2             32  java.lang.Boolean (java.base@17.0.5)
1768:             2             32  java.lang.Float (java.base@17.0.5)
1769:             1             32  java.lang.Module$ArchivedData (java.base@17.0.5)
1770:             2             32  java.lang.Shutdown$Lock (java.base@17.0.5)
1771:             1             32  java.lang.module.ModuleDescriptor$Version (java.base@17.0.5)
1772:             1             32  java.net.InetAddress$CachedLocalHost (java.base@17.0.5)
1773:             2             32  java.nio.ByteOrder (java.base@17.0.5)
1774:             1             32  java.security.UnresolvedPermission (java.base@17.0.5)
1775:             1             32  java.text.DontCareFieldPosition (java.base@17.0.5)
1776:             2             32  java.util.AbstractMap$1 (java.base@17.0.5)
1777:             2             32  java.util.Collections$UnmodifiableMap$UnmodifiableEntrySet (java.base@17.0.5)
1778:             2             32  java.util.Comparator$$Lambda$98/0x0000000800c78950 (java.base@17.0.5)
1779:             2             32  java.util.IdentityHashMap$Values (java.base@17.0.5)
1780:             2             32  java.util.ResourceBundle$SingleFormatControl (java.base@17.0.5)
1781:             1             32  java.util.ServiceLoader$ModuleServicesLookupIterator (java.base@17.0.5)
1782:             2             32  java.util.concurrent.ConcurrentSkipListSet (java.base@17.0.5)
1783:             1             32  java.util.concurrent.SynchronousQueue (java.base@17.0.5)
1784:             1             32  java.util.concurrent.ThreadLocalRandom (java.base@17.0.5)
1785:             2             32  java.util.concurrent.ThreadPoolExecutor$AbortPolicy (java.base@17.0.5)
1786:             1             32  java.util.concurrent.atomic.LongAdder (java.base@17.0.5)
1787:             2             32  java.util.logging.ErrorManager (java.logging@17.0.5)
1788:             1             32  java.util.logging.LogManager$SystemLoggerContext (java.logging@17.0.5)
1789:             1             32  java.util.zip.ZipCoder$UTF8ZipCoder (java.base@17.0.5)
1790:             1             32  javax.management.remote.JMXServiceURL (java.management@17.0.5)
1791:             1             32  jdk.internal.loader.ArchivedClassLoaders (java.base@17.0.5)
1792:             1             32  jdk.internal.module.ArchivedModuleGraph (java.base@17.0.5)
1793:             1             32  jdk.internal.org.objectweb.asm.ConstantDynamic (java.base@17.0.5)
1794:             1             32  jdk.internal.org.objectweb.asm.Handle (java.base@17.0.5)
1795:             1             32  jdk.jfr.internal.Repository (jdk.jfr@17.0.5)
1796:             1             32  jdk.jfr.internal.handlers.EventHandler8045_1672863799398-33088 (jdk.jfr@17.0.5)
1797:             1             32  jdk.jfr.internal.handlers.EventHandler8047_1672863799398-33088 (jdk.jfr@17.0.5)
1798:             1             32  jdk.jfr.internal.handlers.EventHandler8049_1672863799398-33088 (jdk.jfr@17.0.5)
1799:             1             32  jdk.jfr.internal.handlers.EventHandler8051_1672863799398-33088 (jdk.jfr@17.0.5)
1800:             1             32  jdk.jfr.internal.handlers.EventHandler8053_1672863799398-33088 (jdk.jfr@17.0.5)
1801:             1             32  jdk.jfr.internal.handlers.EventHandler8055_1672863799398-33088 (jdk.jfr@17.0.5)
1802:             1             32  jdk.jfr.internal.handlers.EventHandler8059_1672863799398-33088 (jdk.jfr@17.0.5)
1803:             1             32  jdk.jfr.internal.handlers.EventHandler8061_1672863799398-33088 (jdk.jfr@17.0.5)
1804:             1             32  jdk.jfr.internal.handlers.EventHandler8063_1672863799398-33088 (jdk.jfr@17.0.5)
1805:             1             32  jdk.jfr.internal.handlers.EventHandler8065_1672863799398-33088 (jdk.jfr@17.0.5)
1806:             1             32  jdk.jfr.internal.handlers.EventHandler8067_1672863799398-33088 (jdk.jfr@17.0.5)
1807:             1             32  jdk.jfr.internal.handlers.EventHandler8069_1672863799398-33088 (jdk.jfr@17.0.5)
1808:             1             32  jdk.jfr.internal.handlers.EventHandler8239_1672863799398-33088 (jdk.jfr@17.0.5)
1809:             1             32  jdk.jfr.internal.settings.CutoffSetting (jdk.jfr@17.0.5)
1810:             1             32  jdk.jfr.internal.settings.ThrottleSetting (jdk.jfr@17.0.5)
1811:             1             32  jdk.net.ExtendedSocketOptions$1 (jdk.net@17.0.5)
1812:             2             32  jdk.proxy1.$Proxy83 (jdk.proxy1)
1813:             2             32  jdk.proxy1.$Proxy84 (jdk.proxy1)
1814:             2             32  jdk.proxy1.$Proxy85 (jdk.proxy1)
1815:             2             32  jdk.proxy1.$Proxy92 (jdk.proxy1)
1816:             2             32  jdk.proxy2.$Proxy11 (jdk.proxy2)
1817:             2             32  jdk.proxy2.$Proxy17 (jdk.proxy2)
1818:             2             32  jdk.proxy2.$Proxy20 (jdk.proxy2)
1819:             2             32  jdk.proxy2.$Proxy28 (jdk.proxy2)
1820:             2             32  jdk.proxy2.$Proxy35 (jdk.proxy2)
1821:             2             32  jdk.proxy2.$Proxy37 (jdk.proxy2)
1822:             2             32  jdk.proxy2.$Proxy40 (jdk.proxy2)
1823:             2             32  jdk.proxy2.$Proxy54 (jdk.proxy2)
1824:             2             32  jdk.proxy2.$Proxy55 (jdk.proxy2)
1825:             2             32  jdk.proxy2.$Proxy62 (jdk.proxy2)
1826:             2             32  jdk.proxy2.$Proxy70 (jdk.proxy2)
1827:             1             32  narif.poc.memoryleaks.MemoryleaksApplication$$EnhancerBySpringCGLIB$$d3646944
1828:             1             32  org.apache.catalina.authenticator.jaspic.AuthConfigFactoryImpl
1829:             1             32  org.apache.catalina.core.ApplicationFilterChain
1830:             1             32  org.apache.catalina.mapper.Mapper
1831:             1             32  org.apache.catalina.mapper.Mapper$MappedHost
1832:             1             32  org.apache.coyote.AbstractProtocol$ConnectionHandler
1833:             2             32  org.apache.coyote.http11.Http11InputBuffer$SocketInputBuffer
1834:             2             32  org.apache.coyote.http11.Http11OutputBuffer$SocketOutputBuffer
1835:             2             32  org.apache.coyote.http11.filters.VoidInputFilter
1836:             2             32  org.apache.coyote.http11.filters.VoidOutputFilter
1837:             1             32  org.apache.tomcat.util.buf.B2CConverter
1838:             2             32  org.apache.tomcat.util.buf.UDecoder
1839:             1             32  org.apache.tomcat.util.buf.UEncoder
1840:             1             32  org.apache.tomcat.util.collections.ManagedConcurrentWeakHashMap
1841:             1             32  org.apache.tomcat.util.collections.SynchronizedQueue
1842:             1             32  org.apache.tomcat.util.descriptor.web.ErrorPage
1843:             1             32  org.apache.tomcat.util.descriptor.web.LoginConfig
1844:             1             32  org.apache.tomcat.util.net.Acceptor
1845:             1             32  org.apache.tomcat.util.net.NioChannel$1
1846:             1             32  org.apache.tomcat.util.scan.StandardJarScanner
1847:             1             32  org.apache.tomcat.util.threads.LimitLatch
1848:             1             32  org.apache.tomcat.util.threads.LimitLatch$Sync
1849:             1             32  org.apache.tomcat.websocket.server.WsWriteTimeout
1850:             1             32  org.springframework.beans.factory.config.RuntimeBeanReference
1851:             1             32  org.springframework.beans.factory.support.AbstractBeanFactory$BeanPostProcessorCache
1852:             1             32  org.springframework.beans.factory.support.BeanDefinitionDefaults
1853:             2             32  org.springframework.beans.factory.support.NullBean
1854:             1             32  org.springframework.beans.propertyeditors.ClassArrayEditor
1855:             1             32  org.springframework.beans.propertyeditors.ClassEditor
1856:             1             32  org.springframework.beans.propertyeditors.FileEditor
1857:             1             32  org.springframework.beans.propertyeditors.InputSourceEditor
1858:             1             32  org.springframework.beans.propertyeditors.InputStreamEditor
1859:             1             32  org.springframework.beans.propertyeditors.PathEditor
1860:             1             32  org.springframework.beans.propertyeditors.ReaderEditor
1861:             1             32  org.springframework.beans.propertyeditors.URIEditor
1862:             1             32  org.springframework.beans.propertyeditors.URLEditor
1863:             1             32  org.springframework.boot.ApplicationServletEnvironment
1864:             1             32  org.springframework.boot.DefaultApplicationArguments$Source
1865:             1             32  org.springframework.boot.actuate.autoconfigure.endpoint.web.WebEndpointProperties
1866:             1             32  org.springframework.boot.actuate.autoconfigure.health.AutoConfiguredHealthContributorRegistry
1867:             1             32  org.springframework.boot.actuate.autoconfigure.health.HealthEndpointProperties
1868:             1             32  org.springframework.boot.actuate.autoconfigure.metrics.MeterRegistryConfigurer
1869:             1             32  org.springframework.boot.actuate.autoconfigure.web.server.ManagementContextAutoConfiguration$SameManagementContextConfiguration$1
1870:             1             32  org.springframework.boot.actuate.autoconfigure.web.server.ManagementServerProperties
1871:             1             32  org.springframework.boot.actuate.endpoint.annotation.EndpointDiscoverer$ExtensionBean
1872:             2             32  org.springframework.boot.actuate.endpoint.invoke.reflect.OperationMethodParameters
1873:             2             32  org.springframework.boot.actuate.endpoint.web.WebServerNamespace
1874:             2             32  org.springframework.boot.actuate.endpoint.web.servlet.AbstractWebMvcEndpointHandlerMapping$OperationHandler
1875:             2             32  org.springframework.boot.actuate.endpoint.web.servlet.AbstractWebMvcEndpointHandlerMapping$ServletWebOperationAdapter
1876:             2             32  org.springframework.boot.actuate.health.AbstractHealthIndicator$$Lambda$711/0x0000000800f873c8
1877:             2             32  org.springframework.boot.actuate.health.SimpleStatusAggregator$StatusComparator
1878:             1             32  org.springframework.boot.actuate.metrics.startup.StartupTimeMetricsListener
1879:             2             32  org.springframework.boot.actuate.metrics.startup.StartupTimeMetricsListener$$Lambda$778/0x0000000800fa6130
1880:             1             32  org.springframework.boot.actuate.metrics.web.client.MetricsClientHttpRequestInterceptor
1881:             1             32  org.springframework.boot.actuate.system.DiskSpaceHealthIndicator
1882:             1             32  org.springframework.boot.autoconfigure.condition.ConditionEvaluationReport
1883:             1             32  org.springframework.boot.autoconfigure.logging.ConditionEvaluationReportLoggingListener
1884:             1             32  org.springframework.boot.autoconfigure.task.TaskExecutionProperties$Pool
1885:             1             32  org.springframework.boot.autoconfigure.web.ServerProperties$Jetty
1886:             1             32  org.springframework.boot.autoconfigure.web.ServerProperties$Undertow$Accesslog
1887:             1             32  org.springframework.boot.autoconfigure.web.WebProperties$Resources
1888:             1             32  org.springframework.boot.autoconfigure.web.format.WebConversionService
1889:             1             32  org.springframework.boot.autoconfigure.web.servlet.MultipartProperties
1890:             1             32  org.springframework.boot.autoconfigure.web.servlet.error.DefaultErrorViewResolver
1891:             2             32  org.springframework.boot.context.config.ConfigData$AlwaysPropertySourceOptions
1892:             2             32  org.springframework.boot.context.properties.bind.BindConverter
1893:             1             32  org.springframework.boot.context.properties.bind.Binder
1894:             2             32  org.springframework.boot.convert.CharArrayFormatter
1895:             2             32  org.springframework.boot.convert.DurationToNumberConverter
1896:             2             32  org.springframework.boot.convert.DurationToStringConverter
1897:             2             32  org.springframework.boot.convert.InetAddressFormatter
1898:             2             32  org.springframework.boot.convert.InputStreamSourceToByteArrayConverter
1899:             2             32  org.springframework.boot.convert.IsoOffsetFormatter
1900:             2             32  org.springframework.boot.convert.LenientBooleanToEnumConverterFactory
1901:             2             32  org.springframework.boot.convert.LenientStringToEnumConverterFactory
1902:             2             32  org.springframework.boot.convert.NumberToDataSizeConverter
1903:             2             32  org.springframework.boot.convert.NumberToDurationConverter
1904:             2             32  org.springframework.boot.convert.NumberToPeriodConverter
1905:             2             32  org.springframework.boot.convert.PeriodToStringConverter
1906:             2             32  org.springframework.boot.convert.StringToFileConverter
1907:             1             32  org.springframework.boot.env.SystemEnvironmentPropertySourceEnvironmentPostProcessor$OriginAwareSystemEnvironmentPropertySource
1908:             1             32  org.springframework.boot.logging.logback.LogbackLoggingSystem$1
1909:             1             32  org.springframework.boot.task.TaskSchedulerBuilder
1910:             1             32  org.springframework.boot.web.embedded.tomcat.TomcatWebServer
1911:             1             32  org.springframework.boot.web.server.Compression
1912:             2             32  org.springframework.boot.web.server.MimeMappings
1913:             1             32  org.springframework.boot.web.servlet.server.Encoding
1914:             1             32  org.springframework.cglib.core.AbstractClassGenerator$ClassLoaderData
1915:             2             32  org.springframework.cglib.core.AbstractClassGenerator$Source
1916:             1             32  org.springframework.cglib.core.WeakCacheKey
1917:             2             32  org.springframework.cglib.proxy.DispatcherGenerator
1918:             1             32  org.springframework.cglib.proxy.Enhancer$EnhancerFactoryData
1919:             1             32  org.springframework.cglib.proxy.MethodProxy
1920:             1             32  org.springframework.cglib.proxy.MethodProxy$CreateInfo
1921:             1             32  org.springframework.context.annotation.AnnotatedBeanDefinitionReader
1922:             2             32  org.springframework.context.annotation.ConditionEvaluator
1923:             1             32  org.springframework.context.annotation.ConfigurationClassParser$ImportStack
1924:             1             32  org.springframework.context.support.DefaultLifecycleProcessor
1925:             1             32  org.springframework.context.support.DelegatingMessageSource
1926:             1             32  org.springframework.context.support.PropertySourcesPlaceholderConfigurer$1
1927:             1             32  org.springframework.core.annotation.TypeMappedAnnotations$Aggregate
1928:             2             32  org.springframework.core.convert.support.GenericConversionService$NoOpConverter
1929:             2             32  org.springframework.core.env.MutablePropertySources
1930:             1             32  org.springframework.core.task.SimpleAsyncTaskExecutor$ConcurrencyThrottleAdapter
1931:             2             32  org.springframework.expression.spel.standard.SpelExpressionParser
1932:             2             32  org.springframework.http.server.PathContainer$Options
1933:             2             32  org.springframework.web.method.annotation.RequestParamMapMethodArgumentResolver
1934:             1             32  org.springframework.web.method.annotation.SessionAttributesHandler
1935:             2             32  org.springframework.web.method.support.HandlerMethodReturnValueHandlerComposite
1936:             1             32  org.springframework.web.servlet.config.annotation.AsyncSupportConfigurer
1937:             2             32  org.springframework.web.servlet.mvc.condition.HeadersRequestCondition
1938:             1             32  org.springframework.web.servlet.mvc.condition.PatternsRequestCondition
1939:             2             32  org.springframework.web.servlet.mvc.method.annotation.JsonViewResponseBodyAdvice
1940:             2             32  org.springframework.web.servlet.mvc.method.annotation.MatrixVariableMapMethodArgumentResolver
1941:             2             32  org.springframework.web.servlet.mvc.method.annotation.ModelAndViewMethodReturnValueHandler
1942:             2             32  org.springframework.web.servlet.mvc.method.annotation.PathVariableMapMethodArgumentResolver
1943:             1             32  org.springframework.web.servlet.mvc.method.annotation.ReactiveTypeHandler
1944:             2             32  org.springframework.web.servlet.mvc.method.annotation.RedirectAttributesMethodArgumentResolver
1945:             1             32  org.springframework.web.servlet.mvc.method.annotation.ServletCookieValueMethodArgumentResolver
1946:             2             32  org.springframework.web.servlet.mvc.method.annotation.ViewMethodReturnValueHandler
1947:             2             32  org.springframework.web.servlet.mvc.method.annotation.ViewNameMethodReturnValueHandler
1948:             1             32  org.springframework.web.servlet.view.BeanNameViewResolver
1949:             1             32  org.springframework.web.servlet.view.DefaultRequestToViewNameTranslator
1950:             1             32  sun.management.MappedMXBeanType$InProgress (java.management@17.0.5)
1951:             1             32  sun.management.jmxremote.LocalRMIServerSocketFactory$1 (jdk.management.agent@17.0.5)
1952:             2             32  sun.net.www.protocol.file.Handler (java.base@17.0.5)
1953:             2             32  sun.net.www.protocol.jrt.Handler (java.base@17.0.5)
1954:             2             32  sun.nio.ch.NioSocketImpl$$Lambda$907/0x000000080105ee50 (java.base@17.0.5)
1955:             2             32  sun.rmi.server.UnicastRef2 (java.rmi@17.0.5)
1956:             1             32  sun.rmi.server.UnicastServerRef (java.rmi@17.0.5)
1957:             2             32  sun.rmi.server.WeakClassHashMap$ValueCell (java.rmi@17.0.5)
1958:             1             32  sun.rmi.transport.DGCImpl$LeaseInfo (java.rmi@17.0.5)
1959:             1             32  sun.rmi.transport.tcp.TCPTransport$AcceptLoop (java.rmi@17.0.5)
1960:             1             32  sun.security.provider.PolicyFile (java.base@17.0.5)
1961:             1             32  sun.security.provider.PolicyFile$PolicyInfo (java.base@17.0.5)
1962:             1             32  sun.security.util.KnownOIDs$1 (java.base@17.0.5)
1963:             1             32  sun.security.util.KnownOIDs$10 (java.base@17.0.5)
1964:             1             32  sun.security.util.KnownOIDs$2 (java.base@17.0.5)
1965:             1             32  sun.security.util.KnownOIDs$3 (java.base@17.0.5)
1966:             1             32  sun.security.util.KnownOIDs$4 (java.base@17.0.5)
1967:             1             32  sun.security.util.KnownOIDs$5 (java.base@17.0.5)
1968:             1             32  sun.security.util.KnownOIDs$6 (java.base@17.0.5)
1969:             1             32  sun.security.util.KnownOIDs$7 (java.base@17.0.5)
1970:             1             32  sun.security.util.KnownOIDs$8 (java.base@17.0.5)
1971:             1             32  sun.security.util.KnownOIDs$9 (java.base@17.0.5)
1972:             2             32  sun.util.resources.LocaleData (java.base@17.0.5)
1973:             1             24  [Lch.qos.logback.core.joran.spi.ConsoleTarget;
1974:             1             24  [Lch.qos.logback.core.subst.Node$Type;
1975:             1             24  [Lcom.sun.org.apache.xalan.internal.utils.XMLSecurityPropertyManager$Property; (java.xml@17.0.5)
1976:             1             24  [Lio.micrometer.core.instrument.simple.CountingMode;
1977:             1             24  [Ljava.io.File$PathStatus; (java.base@17.0.5)
1978:             1             24  [Ljava.lang.invoke.MethodHandles$Lookup$ClassOption; (java.base@17.0.5)
1979:             1             24  [Ljava.lang.management.MemoryType; (java.management@17.0.5)
1980:             1             24  [Ljava.net.SocketAddress; (java.base@17.0.5)
1981:             1             24  [Ljava.time.temporal.IsoFields$Unit; (java.base@17.0.5)
1982:             1             24  [Ljava.util.Comparators$NaturalOrderComparator; (java.base@17.0.5)
1983:             1             24  [Ljava.util.Locale$Category; (java.base@17.0.5)
1984:             1             24  [Ljava.util.jar.Manifest; (java.base@17.0.5)
1985:             1             24  [Ljdk.internal.access.JavaSecurityAccess$ProtectionDomainCache; (java.base@17.0.5)
1986:             1             24  [Ljdk.xml.internal.XMLSecurityManager$Processor; (java.xml@17.0.5)
1987:             1             24  [Lorg.apache.catalina.Service;
1988:             1             24  [Lorg.apache.catalina.connector.Connector;
1989:             1             24  [Lorg.apache.catalina.mapper.Mapper$ContextVersion;
1990:             1             24  [Lorg.apache.catalina.mapper.Mapper$MappedContext;
1991:             1             24  [Lorg.apache.catalina.mapper.Mapper$MappedHost;
1992:             1             24  [Lorg.apache.tomcat.util.buf.UEncoder$SafeCharsSet;
1993:             1             24  [Lorg.springframework.boot.BootstrapRegistry$Scope;
1994:             1             24  [Lorg.springframework.boot.actuate.endpoint.ApiVersion;
1995:             1             24  [Lorg.springframework.boot.actuate.info.InfoPropertiesInfoContributor$Mode;
1996:             1             24  [Lorg.springframework.boot.autoconfigure.condition.ConditionMessage$Style;
1997:             1             24  [Lorg.springframework.boot.autoconfigure.condition.FilteringSpringBootCondition$ClassNameFilter;
1998:             1             24  [Lorg.springframework.boot.autoconfigure.web.ServerProperties$Jetty$Accesslog$FORMAT;
1999:             1             24  [Lorg.springframework.boot.autoconfigure.web.WebProperties$LocaleResolver;
2000:             1             24  [Lorg.springframework.boot.autoconfigure.web.servlet.WebMvcProperties$MatchingStrategy;
2001:             1             24  [Lorg.springframework.boot.availability.LivenessState;
2002:             1             24  [Lorg.springframework.boot.availability.ReadinessState;
2003:             1             24  [Lorg.springframework.boot.context.ConfigurationWarningsApplicationContextInitializer$Check;
2004:             1             24  [Lorg.springframework.boot.context.config.ConfigDataEnvironmentContributor$ImportPhase;
2005:             1             24  [Lorg.springframework.boot.context.config.ConfigDataNotFoundAction;
2006:             1             24  [Lorg.springframework.boot.context.config.LocationResourceLoader$ResourceType;
2007:             1             24  [Lorg.springframework.boot.context.config.Profiles$Type;
2008:             1             24  [Lorg.springframework.boot.context.properties.ConfigurationPropertiesBean$BindMethod;
2009:             1             24  [Lorg.springframework.boot.context.properties.bind.DataObjectBinder;
2010:             1             24  [Lorg.springframework.boot.web.server.Shutdown;
2011:             1             24  [Lorg.springframework.boot.web.servlet.server.Encoding$Type;
2012:             1             24  [Lorg.springframework.context.annotation.ConfigurationCondition$ConfigurationPhase;
2013:             1             24  [Lorg.springframework.core.ResolvableType$WildcardBounds$Kind;
2014:             1             24  [Lorg.springframework.core.annotation.IntrospectionFailureLogger;
2015:             1             24  [Lorg.springframework.util.ConcurrentReferenceHashMap$ReferenceType;
2016:             1             24  [Lorg.springframework.util.ConcurrentReferenceHashMap$Restructure;
2017:             1             24  ch.qos.logback.classic.BasicConfigurator
2018:             1             24  ch.qos.logback.classic.spi.TurboFilterList
2019:             1             24  ch.qos.logback.classic.util.ContextSelectorStaticBinder
2020:             1             24  ch.qos.logback.classic.util.LogbackMDCAdapter
2021:             1             24  com.fasterxml.jackson.annotation.JsonFormat$Features
2022:             1             24  com.fasterxml.jackson.annotation.JsonSetter$Value
2023:             1             24  com.fasterxml.jackson.core.util.Separators
2024:             1             24  com.fasterxml.jackson.databind.cfg.ContextAttributes$Impl
2025:             1             24  com.fasterxml.jackson.databind.introspect.AnnotatedClass$Creators
2026:             1             24  com.fasterxml.jackson.databind.introspect.JacksonAnnotationIntrospector
2027:             1             24  com.fasterxml.jackson.databind.ser.impl.FailingSerializer
2028:             1             24  com.fasterxml.jackson.databind.ser.std.UUIDSerializer
2029:             1             24  com.fasterxml.jackson.module.paramnames.ParameterNamesAnnotationIntrospector
2030:             1             24  com.sun.beans.util.Cache$Kind$1 (java.desktop@17.0.5)
2031:             1             24  com.sun.beans.util.Cache$Kind$2 (java.desktop@17.0.5)
2032:             1             24  com.sun.beans.util.Cache$Kind$3 (java.desktop@17.0.5)
2033:             1             24  com.sun.jmx.mbeanserver.ClassLoaderRepositorySupport (java.management@17.0.5)
2034:             1             24  com.sun.jmx.mbeanserver.MXBeanLookup (java.management@17.0.5)
2035:             1             24  com.sun.management.internal.HotSpotThreadImpl (jdk.management@17.0.5)
2036:             1             24  com.sun.management.internal.OperatingSystemImpl (jdk.management@17.0.5)
2037:             1             24  com.sun.management.internal.PlatformMBeanProviderImpl$1 (jdk.management@17.0.5)
2038:             1             24  com.sun.management.internal.PlatformMBeanProviderImpl$2 (jdk.management@17.0.5)
2039:             1             24  com.sun.management.internal.PlatformMBeanProviderImpl$3 (jdk.management@17.0.5)
2040:             1             24  com.sun.management.internal.PlatformMBeanProviderImpl$4 (jdk.management@17.0.5)
2041:             1             24  com.sun.management.internal.PlatformMBeanProviderImpl$5 (jdk.management@17.0.5)
2042:             1             24  io.micrometer.core.instrument.binder.logging.LogbackMetrics
2043:             1             24  io.micrometer.core.instrument.binder.system.UptimeMetrics
2044:             1             24  io.micrometer.core.instrument.binder.tomcat.TomcatMetrics$$Lambda$790/0x0000000800fa6568
2045:             1             24  io.micrometer.core.instrument.binder.tomcat.TomcatMetrics$$Lambda$792/0x0000000800fa6be0
2046:             1             24  io.micrometer.core.instrument.binder.tomcat.TomcatMetrics$$Lambda$793/0x0000000800fa6e10
2047:             1             24  io.micrometer.core.instrument.binder.tomcat.TomcatMetrics$$Lambda$794/0x0000000800fa7040
2048:             1             24  io.micrometer.core.util.internal.logging.WarnThenDebugLogger
2049:             1             24  java.lang.StringBuilder (java.base@17.0.5)
2050:             1             24  java.lang.invoke.MethodHandleImpl$ArrayAccessor$1 (java.base@17.0.5)
2051:             1             24  java.lang.invoke.MethodHandleImpl$BindCaller$1 (java.base@17.0.5)
2052:             1             24  java.lang.invoke.MethodType$ConcurrentWeakInternSet (java.base@17.0.5)
2053:             1             24  java.lang.invoke.VarHandle$TypesAndInvokers (java.base@17.0.5)
2054:             1             24  java.lang.invoke.VarHandleByteArrayAsInts$ArrayHandle (java.base@17.0.5)
2055:             1             24  java.lang.invoke.VarHandleByteArrayAsLongs$ArrayHandle (java.base@17.0.5)
2056:             1             24  java.lang.invoke.VarHandles$1 (java.base@17.0.5)
2057:             1             24  java.lang.management.DefaultPlatformMBeanProvider$1 (java.management@17.0.5)
2058:             1             24  java.lang.management.DefaultPlatformMBeanProvider$10 (java.management@17.0.5)
2059:             1             24  java.lang.management.DefaultPlatformMBeanProvider$11 (java.management@17.0.5)
2060:             1             24  java.lang.management.DefaultPlatformMBeanProvider$2 (java.management@17.0.5)
2061:             1             24  java.lang.management.DefaultPlatformMBeanProvider$3 (java.management@17.0.5)
2062:             1             24  java.lang.management.DefaultPlatformMBeanProvider$4 (java.management@17.0.5)
2063:             1             24  java.lang.management.DefaultPlatformMBeanProvider$5 (java.management@17.0.5)
2064:             1             24  java.lang.management.DefaultPlatformMBeanProvider$6 (java.management@17.0.5)
2065:             1             24  java.lang.management.DefaultPlatformMBeanProvider$7 (java.management@17.0.5)
2066:             1             24  java.lang.management.DefaultPlatformMBeanProvider$8 (java.management@17.0.5)
2067:             1             24  java.lang.management.DefaultPlatformMBeanProvider$9 (java.management@17.0.5)
2068:             1             24  java.lang.reflect.Proxy$1 (java.base@17.0.5)
2069:             1             24  java.math.MutableBigInteger (java.base@17.0.5)
2070:             1             24  java.net.Inet6AddressImpl (java.base@17.0.5)
2071:             1             24  java.net.Socket$SocketInputStream (java.base@17.0.5)
2072:             1             24  java.net.Socket$SocketOutputStream (java.base@17.0.5)
2073:             1             24  java.security.Policy$PolicyInfo (java.base@17.0.5)
2074:             1             24  java.security.Policy$UnsupportedEmptyCollection (java.base@17.0.5)
2075:             1             24  java.security.ProtectionDomain$JavaSecurityAccessImpl$1 (java.base@17.0.5)
2076:             1             24  java.time.format.DecimalStyle (java.base@17.0.5)
2077:             1             24  java.time.temporal.IsoFields$Field$1 (java.base@17.0.5)
2078:             1             24  java.time.temporal.IsoFields$Field$2 (java.base@17.0.5)
2079:             1             24  java.time.temporal.IsoFields$Field$3 (java.base@17.0.5)
2080:             1             24  java.time.temporal.IsoFields$Field$4 (java.base@17.0.5)
2081:             1             24  java.time.zone.TzdbZoneRulesProvider (java.base@17.0.5)
2082:             1             24  java.util.Collections$EmptyMap (java.base@17.0.5)
2083:             1             24  java.util.Collections$SynchronizedCollection (java.base@17.0.5)
2084:             1             24  java.util.Collections$SynchronizedSet (java.base@17.0.5)
2085:             1             24  java.util.Comparators$NaturalOrderComparator (java.base@17.0.5)
2086:             1             24  java.util.Comparators$NullComparator (java.base@17.0.5)
2087:             1             24  java.util.Locale$Cache (java.base@17.0.5)
2088:             1             24  java.util.OptionalInt (java.base@17.0.5)
2089:             1             24  java.util.PropertyPermissionCollection (java.base@17.0.5)
2090:             1             24  java.util.ResourceBundle$Control$CandidateListCache (java.base@17.0.5)
2091:             1             24  java.util.ServiceLoader$2 (java.base@17.0.5)
2092:             1             24  java.util.concurrent.CopyOnWriteArrayList$COWIterator (java.base@17.0.5)
2093:             1             24  java.util.concurrent.locks.ReentrantReadWriteLock$Sync$HoldCounter (java.base@17.0.5)
2094:             1             24  java.util.logging.LogManager$LoggerContext (java.logging@17.0.5)
2095:             1             24  java.util.regex.Pattern$Neg (java.base@17.0.5)
2096:             1             24  java.util.regex.Pattern$Pos (java.base@17.0.5)
2097:             1             24  javax.websocket.CloseReason
2098:             1             24  jdk.internal.jimage.ImageReader (java.base@17.0.5)
2099:             1             24  jdk.internal.logger.BootstrapLogger$RedirectedLoggers (java.base@17.0.5)
2100:             1             24  jdk.internal.module.ModuleHashes (java.base@17.0.5)
2101:             1             24  jdk.internal.module.SystemModuleFinders$SystemModuleFinder (java.base@17.0.5)
2102:             1             24  jdk.internal.ref.CleanerImpl (java.base@17.0.5)
2103:             1             24  jdk.jfr.internal.ShutdownHook (jdk.jfr@17.0.5)
2104:             1             24  jdk.jfr.internal.handlers.EventHandler8057_1672863799398-33088 (jdk.jfr@17.0.5)
2105:             1             24  jdk.jfr.internal.handlers.EventHandler8075_1672863799398-33088 (jdk.jfr@17.0.5)
2106:             1             24  jdk.jfr.internal.handlers.EventHandler8078_1672863799398-33088 (jdk.jfr@17.0.5)
2107:             1             24  jdk.jfr.internal.handlers.EventHandler8242_1672863799398-33088 (jdk.jfr@17.0.5)
2108:             1             24  jdk.jfr.internal.handlers.EventHandler8245_1672863799398-33088 (jdk.jfr@17.0.5)
2109:             1             24  jdk.jfr.internal.handlers.EventHandler8248_1672863799398-33088 (jdk.jfr@17.0.5)
2110:             1             24  jdk.jfr.internal.handlers.EventHandler8251_1672863799398-33088 (jdk.jfr@17.0.5)
2111:             1             24  jdk.jfr.internal.management.StreamManager (jdk.jfr@17.0.5)
2112:             1             24  jdk.management.jfr.internal.FlightRecorderMXBeanProvider$SingleMBeanComponent (jdk.management.jfr@17.0.5)
2113:             1             24  narif.poc.memoryleaks.controllers.PersonController
2114:             1             24  org.apache.catalina.core.ApplicationContextFacade
2115:             1             24  org.apache.catalina.core.ApplicationMapping
2116:             1             24  org.apache.catalina.core.StandardContext$ContextFilterMaps
2117:             1             24  org.apache.catalina.core.StandardWrapperFacade
2118:             1             24  org.apache.catalina.mapper.Mapper$ContextList
2119:             1             24  org.apache.catalina.mapper.Mapper$MappedContext
2120:             1             24  org.apache.catalina.mapper.Mapper$MappedWrapper
2121:             1             24  org.apache.catalina.startup.CatalinaBaseConfigurationSource
2122:             1             24  org.apache.catalina.util.ParameterMap
2123:             1             24  org.apache.catalina.webresources.TomcatURLStreamHandlerFactory
2124:             1             24  org.apache.naming.StringManager
2125:             1             24  org.apache.tomcat.util.buf.CharsetCache$DummyCharset
2126:             1             24  org.apache.tomcat.util.collections.ConcurrentCache
2127:             1             24  org.apache.tomcat.util.file.ConfigurationSource$1
2128:             1             24  org.apache.tomcat.util.net.SocketBufferHandler$1
2129:             1             24  org.apache.tomcat.websocket.WsExtension
2130:             1             24  org.apache.tomcat.websocket.server.WsFilter
2131:             1             24  org.slf4j.helpers.SubstituteLoggerFactory
2132:             1             24  org.slf4j.impl.StaticLoggerBinder
2133:             1             24  org.springframework.aop.framework.autoproxy.AbstractAdvisorAutoProxyCreator$BeanFactoryAdvisorRetrievalHelperAdapter
2134:             1             24  org.springframework.beans.factory.annotation.InjectionMetadata$1
2135:             1             24  org.springframework.beans.factory.support.AbstractBeanFactory$BeanPostProcessorCacheAwareList
2136:             1             24  org.springframework.beans.support.ResourceEditorRegistrar
2137:             1             24  org.springframework.boot.DefaultApplicationArguments
2138:             1             24  org.springframework.boot.SpringApplicationBannerPrinter$PrintedBanner
2139:             1             24  org.springframework.boot.SpringApplicationShutdownHook$Handlers
2140:             1             24  org.springframework.boot.actuate.autoconfigure.endpoint.web.WebEndpointAutoConfiguration
2141:             1             24  org.springframework.boot.actuate.autoconfigure.endpoint.web.WebEndpointProperties$Exposure
2142:             1             24  org.springframework.boot.actuate.autoconfigure.health.AutoConfiguredHealthEndpointGroups
2143:             1             24  org.springframework.boot.actuate.autoconfigure.health.HealthProperties$Status
2144:             1             24  org.springframework.boot.actuate.autoconfigure.metrics.CompositeMeterRegistryConfiguration$MultipleNonPrimaryMeterRegistriesCondition
2145:             1             24  org.springframework.boot.actuate.autoconfigure.metrics.MetricsProperties$Data$Repository
2146:             1             24  org.springframework.boot.actuate.autoconfigure.metrics.MetricsProperties$Web
2147:             1             24  org.springframework.boot.actuate.autoconfigure.metrics.MetricsProperties$Web$Client
2148:             1             24  org.springframework.boot.actuate.autoconfigure.metrics.MetricsProperties$Web$Client$ClientRequest
2149:             1             24  org.springframework.boot.actuate.autoconfigure.metrics.MetricsProperties$Web$Server
2150:             1             24  org.springframework.boot.actuate.autoconfigure.metrics.MetricsProperties$Web$Server$ServerRequest
2151:             1             24  org.springframework.boot.actuate.autoconfigure.metrics.PropertiesMeterFilter
2152:             1             24  org.springframework.boot.actuate.autoconfigure.metrics.export.OnMetricsExportEnabledCondition
2153:             1             24  org.springframework.boot.actuate.autoconfigure.metrics.export.simple.SimpleProperties
2154:             1             24  org.springframework.boot.actuate.autoconfigure.metrics.web.servlet.WebMvcMetricsAutoConfiguration$MetricsWebMvcConfigurer
2155:             1             24  org.springframework.boot.actuate.autoconfigure.system.DiskSpaceHealthIndicatorProperties
2156:             1             24  org.springframework.boot.actuate.endpoint.annotation.EndpointDiscoverer$$Lambda$616/0x0000000800f24250
2157:             1             24  org.springframework.boot.actuate.endpoint.annotation.EndpointDiscoverer$$Lambda$623/0x0000000800f24d40
2158:             1             24  org.springframework.boot.actuate.endpoint.web.EndpointMediaTypes
2159:             1             24  org.springframework.boot.actuate.endpoint.web.PathMappedEndpoints
2160:             1             24  org.springframework.boot.actuate.endpoint.web.ServletEndpointRegistrar
2161:             1             24  org.springframework.boot.actuate.health.Health
2162:             1             24  org.springframework.boot.actuate.health.HealthEndpoint
2163:             1             24  org.springframework.boot.actuate.health.HealthEndpointWebExtension
2164:             1             24  org.springframework.boot.actuate.health.PingHealthIndicator
2165:             1             24  org.springframework.boot.actuate.metrics.system.DiskSpaceMetricsBinder
2166:             1             24  org.springframework.boot.actuate.metrics.web.client.MetricsClientHttpRequestInterceptor$UrlTemplateThreadLocal
2167:             1             24  org.springframework.boot.actuate.metrics.web.servlet.DefaultWebMvcTagsProvider
2168:             1             24  org.springframework.boot.actuate.metrics.web.servlet.LongTaskTimingHandlerInterceptor
2169:             1             24  org.springframework.boot.actuate.metrics.web.tomcat.TomcatMetricsBinder
2170:             1             24  org.springframework.boot.autoconfigure.AutoConfigurationImportSelector$AutoConfigurationEntry
2171:             1             24  org.springframework.boot.autoconfigure.AutoConfigurationPackages$BasePackages
2172:             1             24  org.springframework.boot.autoconfigure.condition.ConditionMessage$Style$1
2173:             1             24  org.springframework.boot.autoconfigure.condition.ConditionMessage$Style$2
2174:             1             24  org.springframework.boot.autoconfigure.condition.FilteringSpringBootCondition$ClassNameFilter$1
2175:             1             24  org.springframework.boot.autoconfigure.condition.FilteringSpringBootCondition$ClassNameFilter$2
2176:             1             24  org.springframework.boot.autoconfigure.freemarker.FreeMarkerTemplateAvailabilityProvider
2177:             1             24  org.springframework.boot.autoconfigure.groovy.template.GroovyTemplateAvailabilityProvider
2178:             1             24  org.springframework.boot.autoconfigure.http.HttpMessageConvertersAutoConfiguration$NotReactiveWebApplicationCondition
2179:             1             24  org.springframework.boot.autoconfigure.info.ProjectInfoProperties
2180:             1             24  org.springframework.boot.autoconfigure.info.ProjectInfoProperties$Build
2181:             1             24  org.springframework.boot.autoconfigure.info.ProjectInfoProperties$Git
2182:             1             24  org.springframework.boot.autoconfigure.jackson.JacksonAutoConfiguration$Jackson2ObjectMapperBuilderCustomizerConfiguration$StandardJackson2ObjectMapperBuilderCustomizer
2183:             1             24  org.springframework.boot.autoconfigure.security.DefaultWebSecurityCondition
2184:             1             24  org.springframework.boot.autoconfigure.sql.init.SqlInitializationAutoConfiguration$SqlInitializationModeCondition
2185:             1             24  org.springframework.boot.autoconfigure.task.TaskExecutionProperties
2186:             1             24  org.springframework.boot.autoconfigure.task.TaskExecutionProperties$Shutdown
2187:             1             24  org.springframework.boot.autoconfigure.task.TaskSchedulingProperties
2188:             1             24  org.springframework.boot.autoconfigure.task.TaskSchedulingProperties$Shutdown
2189:             1             24  org.springframework.boot.autoconfigure.template.TemplateAvailabilityProviders
2190:             1             24  org.springframework.boot.autoconfigure.web.ServerProperties$Reactive$Session
2191:             1             24  org.springframework.boot.autoconfigure.web.ServerProperties$Tomcat$Resource
2192:             1             24  org.springframework.boot.autoconfigure.web.ServerProperties$Tomcat$Threads
2193:             1             24  org.springframework.boot.autoconfigure.web.ServerProperties$Undertow$Options
2194:             1             24  org.springframework.boot.autoconfigure.web.ServerProperties$Undertow$Threads
2195:             1             24  org.springframework.boot.autoconfigure.web.WebProperties
2196:             1             24  org.springframework.boot.autoconfigure.web.WebProperties$Resources$Cache
2197:             1             24  org.springframework.boot.autoconfigure.web.WebProperties$Resources$Chain
2198:             1             24  org.springframework.boot.autoconfigure.web.WebProperties$Resources$Chain$Strategy
2199:             1             24  org.springframework.boot.autoconfigure.web.WebProperties$Resources$Chain$Strategy$Content
2200:             1             24  org.springframework.boot.autoconfigure.web.WebProperties$Resources$Chain$Strategy$Fixed
2201:             1             24  org.springframework.boot.autoconfigure.web.client.RestTemplateAutoConfiguration$NotReactiveWebApplicationCondition
2202:             1             24  org.springframework.boot.autoconfigure.web.embedded.TomcatWebServerFactoryCustomizer
2203:             1             24  org.springframework.boot.autoconfigure.web.embedded.TomcatWebServerFactoryCustomizer$$Lambda$499/0x0000000800ee5058
2204:             1             24  org.springframework.boot.autoconfigure.web.servlet.ServletWebServerFactoryCustomizer
2205:             1             24  org.springframework.boot.autoconfigure.web.servlet.WebMvcProperties$Contentnegotiation
2206:             1             24  org.springframework.boot.autoconfigure.web.servlet.WebMvcProperties$Format
2207:             1             24  org.springframework.boot.autoconfigure.web.servlet.WebMvcProperties$Pathmatch
2208:             1             24  org.springframework.boot.autoconfigure.web.servlet.WebMvcProperties$Servlet
2209:             1             24  org.springframework.boot.autoconfigure.web.servlet.WebMvcProperties$View
2210:             1             24  org.springframework.boot.autoconfigure.web.servlet.error.BasicErrorController
2211:             1             24  org.springframework.boot.autoconfigure.web.servlet.error.ErrorMvcAutoConfiguration$DefaultErrorViewResolverConfiguration
2212:             1             24  org.springframework.boot.autoconfigure.web.servlet.error.ErrorMvcAutoConfiguration$ErrorPageCustomizer
2213:             1             24  org.springframework.boot.availability.ApplicationAvailabilityBean
2214:             1             24  org.springframework.boot.builder.ParentContextCloserApplicationListener
2215:             1             24  org.springframework.boot.cloud.CloudPlatform$1
2216:             1             24  org.springframework.boot.cloud.CloudPlatform$2
2217:             1             24  org.springframework.boot.cloud.CloudPlatform$3
2218:             1             24  org.springframework.boot.cloud.CloudPlatform$4
2219:             1             24  org.springframework.boot.cloud.CloudPlatform$5
2220:             1             24  org.springframework.boot.cloud.CloudPlatform$6
2221:             1             24  org.springframework.boot.context.ContextIdApplicationContextInitializer$ContextId
2222:             1             24  org.springframework.boot.context.config.ConfigData
2223:             1             24  org.springframework.boot.context.config.ConfigDataEnvironmentContributors$BinderOption
2224:             1             24  org.springframework.boot.context.config.ConfigDataNotFoundAction$1
2225:             1             24  org.springframework.boot.context.config.ConfigDataNotFoundAction$2
2226:             1             24  org.springframework.boot.context.config.DelegatingApplicationListener
2227:             1             24  org.springframework.boot.context.properties.ConfigurationPropertiesBindingPostProcessor
2228:             1             24  org.springframework.boot.context.properties.PropertyMapper
2229:             1             24  org.springframework.boot.context.properties.bind.Bindable$BindRestriction
2230:             1             24  org.springframework.boot.context.properties.bind.JavaBeanBinder$Bean
2231:             1             24  org.springframework.boot.context.properties.bind.PropertySourcesPlaceholdersResolver
2232:             1             24  org.springframework.boot.context.properties.source.ConfigurationPropertySourcesPropertySource
2233:             1             24  org.springframework.boot.context.properties.source.DefaultPropertyMapper
2234:             1             24  org.springframework.boot.env.EnvironmentPostProcessorApplicationListener
2235:             1             24  org.springframework.boot.env.RandomValuePropertySource
2236:             1             24  org.springframework.boot.logging.AbstractLoggingSystem$LogLevels
2237:             1             24  org.springframework.boot.logging.DeferredLogs
2238:             1             24  org.springframework.boot.type.classreading.ConcurrentReferenceCachingMetadataReaderFactory
2239:             1             24  org.springframework.boot.web.context.WebServerGracefulShutdownLifecycle
2240:             1             24  org.springframework.boot.web.embedded.tomcat.TomcatServletWebServerFactory$StaticResourceConfigurer
2241:             1             24  org.springframework.boot.web.embedded.tomcat.TomcatStarter
2242:             1             24  org.springframework.boot.web.embedded.tomcat.TomcatWebServer$$Lambda$500/0x0000000800ee5e68
2243:             1             24  org.springframework.boot.web.server.ErrorPage
2244:             1             24  org.springframework.boot.web.server.ErrorPageRegistrarBeanPostProcessor
2245:             1             24  org.springframework.boot.web.server.WebServerFactoryCustomizerBeanPostProcessor
2246:             1             24  org.springframework.boot.web.servlet.context.WebApplicationContextServletContextAwareProcessor
2247:             1             24  org.springframework.boot.web.servlet.context.WebServerStartStopLifecycle
2248:             1             24  org.springframework.boot.web.servlet.server.DocumentRoot
2249:             1             24  org.springframework.boot.web.servlet.server.Jsp
2250:             1             24  org.springframework.cglib.core.EmitUtils$ArrayDelimiters
2251:             1             24  org.springframework.cglib.core.MethodWrapper$MethodWrapperKey$$KeyFactoryByCGLIB$$552be97a
2252:             1             24  org.springframework.cglib.core.internal.LoadingCache
2253:             1             24  org.springframework.context.annotation.ConfigurationClassEnhancer$ConditionalCallbackFilter
2254:             1             24  org.springframework.context.annotation.ContextAnnotationAutowireCandidateResolver
2255:             1             24  org.springframework.context.event.AbstractApplicationEventMulticaster$DefaultListenerRetriever
2256:             1             24  org.springframework.context.event.EventExpressionEvaluator
2257:             1             24  org.springframework.context.support.ApplicationContextAwareProcessor
2258:             1             24  org.springframework.context.support.PostProcessorRegistrationDelegate$BeanPostProcessorChecker
2259:             1             24  org.springframework.context.support.PropertySourcesPlaceholderConfigurer$$Lambda$334/0x0000000800e83510
2260:             1             24  org.springframework.core.Constants
2261:             1             24  org.springframework.core.OrderComparator$$Lambda$356/0x0000000800e9add8
2262:             1             24  org.springframework.core.annotation.IntrospectionFailureLogger$1
2263:             1             24  org.springframework.core.annotation.IntrospectionFailureLogger$2
2264:             1             24  org.springframework.core.env.CommandLineArgs
2265:             1             24  org.springframework.core.env.MapPropertySource
2266:             1             24  org.springframework.core.env.PropertySource$StubPropertySource
2267:             1             24  org.springframework.core.type.classreading.CachingMetadataReaderFactory
2268:             1             24  org.springframework.expression.spel.support.StandardTypeLocator
2269:             1             24  org.springframework.http.ReadOnlyHttpHeaders
2270:             1             24  org.springframework.http.server.DefaultPathContainer
2271:             1             24  org.springframework.jndi.JndiTemplate
2272:             1             24  org.springframework.objenesis.SpringObjenesis
2273:             1             24  org.springframework.web.accept.MappingMediaTypeFileExtensionResolver
2274:             1             24  org.springframework.web.context.support.ServletContextPropertySource
2275:             1             24  org.springframework.web.context.support.ServletContextResource
2276:             1             24  org.springframework.web.context.support.ServletContextResourcePatternResolver
2277:             1             24  org.springframework.web.context.support.ServletContextScope
2278:             1             24  org.springframework.web.method.annotation.RequestHeaderMethodArgumentResolver
2279:             1             24  org.springframework.web.method.support.CompositeUriComponentsContributor
2280:             1             24  org.springframework.web.servlet.function.support.HandlerFunctionAdapter
2281:             1             24  org.springframework.web.servlet.handler.HandlerExceptionResolverComposite
2282:             1             24  org.springframework.web.servlet.i18n.AcceptHeaderLocaleResolver
2283:             1             24  org.springframework.web.servlet.mvc.method.annotation.RequestPartMethodArgumentResolver
2284:             1             24  org.springframework.web.servlet.mvc.method.annotation.ResponseBodyEmitterReturnValueHandler
2285:             1             24  org.springframework.web.servlet.support.SessionFlashMapManager
2286:             1             24  org.springframework.web.servlet.view.ViewResolverComposite
2287:             1             24  org.springframework.web.util.UrlPathHelper$1
2288:             1             24  org.springframework.web.util.pattern.PathPattern$PathMatchInfo
2289:             1             24  org.springframework.web.util.pattern.PathPatternParser$1
2290:             1             24  sun.management.CompilationImpl (java.management@17.0.5)
2291:             1             24  sun.management.ManagementFactoryHelper$LoggingMXBeanAccess (java.management@17.0.5)
2292:             1             24  sun.management.ManagementFactoryHelper$PlatformLoggingImpl (java.management@17.0.5)
2293:             1             24  sun.management.MemoryImpl (java.management@17.0.5)
2294:             1             24  sun.management.RuntimeImpl (java.management@17.0.5)
2295:             1             24  sun.management.VMManagementImpl (java.management@17.0.5)
2296:             1             24  sun.net.ProgressMonitor (java.base@17.0.5)
2297:             1             24  sun.nio.ch.PipeImpl (java.base@17.0.5)
2298:             1             24  sun.nio.cs.ISO_8859_1 (java.base@17.0.5)
2299:             1             24  sun.nio.cs.StandardCharsets (java.base@17.0.5)
2300:             1             24  sun.nio.cs.ThreadLocalCoders$1 (java.base@17.0.5)
2301:             1             24  sun.nio.cs.ThreadLocalCoders$2 (java.base@17.0.5)
2302:             1             24  sun.nio.cs.US_ASCII (java.base@17.0.5)
2303:             1             24  sun.nio.cs.UTF_16 (java.base@17.0.5)
2304:             1             24  sun.nio.cs.UTF_16BE (java.base@17.0.5)
2305:             1             24  sun.nio.cs.UTF_16LE (java.base@17.0.5)
2306:             1             24  sun.nio.cs.UTF_8 (java.base@17.0.5)
2307:             1             24  sun.nio.fs.WindowsFileSystem (java.base@17.0.5)
2308:             1             24  sun.nio.fs.WindowsSecurityDescriptor (java.base@17.0.5)
2309:             1             24  sun.rmi.runtime.RuntimeUtil$1 (java.rmi@17.0.5)
2310:             1             24  sun.rmi.transport.DGCImpl (java.rmi@17.0.5)
2311:             1             24  sun.rmi.transport.SequenceEntry (java.rmi@17.0.5)
2312:             1             24  sun.util.cldr.CLDRCalendarDataProviderImpl (java.base@17.0.5)
2313:             1             24  sun.util.cldr.CLDRTimeZoneNameProviderImpl (java.base@17.0.5)
2314:             1             24  sun.util.locale.BaseLocale$Cache (java.base@17.0.5)
2315:             1             24  sun.util.locale.provider.CalendarProviderImpl (java.base@17.0.5)
2316:             1             24  sun.util.locale.provider.DateFormatSymbolsProviderImpl (java.base@17.0.5)
2317:             1             24  sun.util.locale.provider.DecimalFormatSymbolsProviderImpl (java.base@17.0.5)
2318:             1             24  sun.util.locale.provider.NumberFormatProviderImpl (java.base@17.0.5)
2319:             1             24  sun.util.locale.provider.TimeZoneNameProviderImpl (java.base@17.0.5)
2320:             1             16  [Lch.qos.logback.core.filter.Filter;
2321:             1             16  [Lcom.fasterxml.jackson.databind.AbstractTypeResolver;
2322:             1             16  [Lcom.fasterxml.jackson.databind.deser.BeanDeserializerModifier;
2323:             1             16  [Lcom.fasterxml.jackson.databind.introspect.AnnotationMap;
2324:             1             16  [Lcom.fasterxml.jackson.databind.ser.BeanSerializerModifier;
2325:             1             16  [Lcom.fasterxml.jackson.databind.util.ClassUtil$Ctor;
2326:             1             16  [Lio.micrometer.core.instrument.distribution.CountAtBucket;
2327:             1             16  [Lio.micrometer.core.instrument.distribution.ValueAtPercentile;
2328:             1             16  [Ljava.beans.EventSetDescriptor; (java.desktop@17.0.5)
2329:             1             16  [Ljava.beans.PropertyDescriptor; (java.desktop@17.0.5)
2330:             1             16  [Ljava.lang.Throwable; (java.base@17.0.5)
2331:             1             16  [Ljava.lang.constant.Constable; (java.base@17.0.5)
2332:             1             16  [Ljava.lang.management.LockInfo; (java.management@17.0.5)
2333:             1             16  [Ljava.lang.management.MonitorInfo; (java.management@17.0.5)
2334:             1             16  [Ljava.nio.file.attribute.FileAttribute; (java.base@17.0.5)
2335:             1             16  [Ljava.security.Provider; (java.base@17.0.5)
2336:             1             16  [Ljava.security.cert.Certificate; (java.base@17.0.5)
2337:             1             16  [Ljava.text.FieldPosition; (java.base@17.0.5)
2338:             1             16  [Ljava.time.zone.ZoneOffsetTransitionRule; (java.base@17.0.5)
2339:             1             16  [Ljava.util.logging.Handler; (java.logging@17.0.5)
2340:             1             16  [Lorg.apache.catalina.core.DefaultInstanceManager$AnnotationCacheEntry;
2341:             1             16  [Lorg.apache.tomcat.util.descriptor.web.ApplicationParameter;
2342:             1             16  [Lorg.apache.tomcat.util.descriptor.web.SecurityConstraint;
2343:             1             16  [Lorg.apache.tomcat.util.modeler.NotificationInfo;
2344:             1             16  [Lorg.springframework.boot.context.properties.source.ConfigurationPropertyName;
2345:             1             16  [Lorg.springframework.web.context.request.async.CallableProcessingInterceptor;
2346:             1             16  [Lorg.springframework.web.context.request.async.DeferredResultProcessingInterceptor;
2347:             1             16  ch.qos.logback.classic.pattern.EnsureExceptionHandling
2348:             1             16  ch.qos.logback.classic.pattern.TargetLengthBasedClassNameAbbreviator
2349:             1             16  ch.qos.logback.classic.selector.DefaultContextSelector
2350:             1             16  ch.qos.logback.core.LifeCycleManager
2351:             1             16  ch.qos.logback.core.joran.spi.ConsoleTarget$1
2352:             1             16  ch.qos.logback.core.joran.spi.ConsoleTarget$2
2353:             1             16  ch.qos.logback.core.spi.AppenderAttachableImpl
2354:             1             16  ch.qos.logback.core.spi.FilterAttachableImpl
2355:             1             16  com.fasterxml.jackson.core.io.JsonStringEncoder
2356:             1             16  com.fasterxml.jackson.core.util.DefaultPrettyPrinter$FixedSpaceIndenter
2357:             1             16  com.fasterxml.jackson.core.util.DefaultPrettyPrinter$NopIndenter
2358:             1             16  com.fasterxml.jackson.databind.deser.std.StdKeyDeserializers
2359:             1             16  com.fasterxml.jackson.databind.ext.Java7SupportImpl
2360:             1             16  com.fasterxml.jackson.databind.introspect.AnnotationCollector$EmptyCollector
2361:             1             16  com.fasterxml.jackson.databind.introspect.AnnotationCollector$NoAnnotations
2362:             1             16  com.fasterxml.jackson.databind.introspect.NopAnnotationIntrospector$1
2363:             1             16  com.fasterxml.jackson.databind.jsontype.impl.LaissezFaireSubTypeValidator
2364:             1             16  com.fasterxml.jackson.databind.ser.impl.UnknownSerializer
2365:             1             16  com.fasterxml.jackson.databind.ser.std.NullSerializer
2366:             1             16  com.fasterxml.jackson.databind.ser.std.StringSerializer
2367:             1             16  com.fasterxml.jackson.datatype.jsr310.deser.InstantDeserializer$$Lambda$256/0x0000000800db02a8
2368:             1             16  com.fasterxml.jackson.datatype.jsr310.deser.InstantDeserializer$$Lambda$257/0x0000000800db06e8
2369:             1             16  com.fasterxml.jackson.datatype.jsr310.deser.InstantDeserializer$$Lambda$258/0x0000000800db0b28
2370:             1             16  com.fasterxml.jackson.datatype.jsr310.deser.InstantDeserializer$$Lambda$259/0x0000000800db0d60
2371:             1             16  com.fasterxml.jackson.datatype.jsr310.deser.InstantDeserializer$$Lambda$260/0x0000000800db0f88
2372:             1             16  com.fasterxml.jackson.datatype.jsr310.deser.InstantDeserializer$$Lambda$261/0x0000000800db11c0
2373:             1             16  com.fasterxml.jackson.datatype.jsr310.deser.InstantDeserializer$$Lambda$262/0x0000000800db13f8
2374:             1             16  com.fasterxml.jackson.datatype.jsr310.deser.InstantDeserializer$$Lambda$263/0x0000000800db1630
2375:             1             16  com.fasterxml.jackson.datatype.jsr310.deser.InstantDeserializer$$Lambda$264/0x0000000800db1858
2376:             1             16  com.fasterxml.jackson.datatype.jsr310.deser.InstantDeserializer$$Lambda$265/0x0000000800db1a90
2377:             1             16  com.fasterxml.jackson.datatype.jsr310.deser.InstantDeserializer$$Lambda$266/0x0000000800db1cc8
2378:             1             16  com.fasterxml.jackson.datatype.jsr310.deser.InstantDeserializer$$Lambda$267/0x0000000800db2198
2379:             1             16  com.fasterxml.jackson.datatype.jsr310.deser.key.DurationKeyDeserializer
2380:             1             16  com.fasterxml.jackson.datatype.jsr310.deser.key.InstantKeyDeserializer
2381:             1             16  com.fasterxml.jackson.datatype.jsr310.deser.key.LocalDateKeyDeserializer
2382:             1             16  com.fasterxml.jackson.datatype.jsr310.deser.key.LocalDateTimeKeyDeserializer
2383:             1             16  com.fasterxml.jackson.datatype.jsr310.deser.key.LocalTimeKeyDeserializer
2384:             1             16  com.fasterxml.jackson.datatype.jsr310.deser.key.MonthDayKeyDeserializer
2385:             1             16  com.fasterxml.jackson.datatype.jsr310.deser.key.OffsetDateTimeKeyDeserializer
2386:             1             16  com.fasterxml.jackson.datatype.jsr310.deser.key.OffsetTimeKeyDeserializer
2387:             1             16  com.fasterxml.jackson.datatype.jsr310.deser.key.PeriodKeyDeserializer
2388:             1             16  com.fasterxml.jackson.datatype.jsr310.deser.key.YearKeyDeserializer
2389:             1             16  com.fasterxml.jackson.datatype.jsr310.deser.key.YearMonthKeyDeserializer
2390:             1             16  com.fasterxml.jackson.datatype.jsr310.deser.key.ZoneIdKeyDeserializer
2391:             1             16  com.fasterxml.jackson.datatype.jsr310.deser.key.ZoneOffsetKeyDeserializer
2392:             1             16  com.fasterxml.jackson.datatype.jsr310.deser.key.ZonedDateTimeKeyDeserializer
2393:             1             16  com.fasterxml.jackson.datatype.jsr310.ser.InstantSerializer$$Lambda$268/0x0000000800db3898
2394:             1             16  com.fasterxml.jackson.datatype.jsr310.ser.InstantSerializer$$Lambda$269/0x0000000800db3ab0
2395:             1             16  com.fasterxml.jackson.datatype.jsr310.ser.InstantSerializer$$Lambda$270/0x0000000800db3cc8
2396:             1             16  com.fasterxml.jackson.datatype.jsr310.ser.OffsetDateTimeSerializer$$Lambda$271/0x0000000800db61f8
2397:             1             16  com.fasterxml.jackson.datatype.jsr310.ser.OffsetDateTimeSerializer$$Lambda$272/0x0000000800db6410
2398:             1             16  com.fasterxml.jackson.datatype.jsr310.ser.OffsetDateTimeSerializer$$Lambda$273/0x0000000800db6628
2399:             1             16  com.fasterxml.jackson.datatype.jsr310.ser.ZonedDateTimeSerializer$$Lambda$274/0x0000000800db6840
2400:             1             16  com.fasterxml.jackson.datatype.jsr310.ser.ZonedDateTimeSerializer$$Lambda$275/0x0000000800db6a58
2401:             1             16  com.fasterxml.jackson.datatype.jsr310.ser.ZonedDateTimeSerializer$$Lambda$276/0x0000000800db6c70
2402:             1             16  com.fasterxml.jackson.datatype.jsr310.ser.key.ZonedDateTimeKeySerializer
2403:             1             16  com.fasterxml.jackson.module.paramnames.ParameterExtractor
2404:             1             16  com.sun.beans.WeakCache (java.desktop@17.0.5)
2405:             1             16  com.sun.beans.introspect.MethodInfo$MethodOrder (java.desktop@17.0.5)
2406:             1             16  com.sun.jmx.interceptor.DefaultMBeanServerInterceptor$ResourceContext$1 (java.management@17.0.5)
2407:             1             16  com.sun.jmx.mbeanserver.DefaultMXBeanMappingFactory (java.management@17.0.5)
2408:             1             16  com.sun.jmx.mbeanserver.DescriptorCache (java.management@17.0.5)
2409:             1             16  com.sun.jmx.mbeanserver.MBeanAnalyzer$MethodOrder (java.management@17.0.5)
2410:             1             16  com.sun.jmx.mbeanserver.MBeanInstantiator (java.management@17.0.5)
2411:             1             16  com.sun.jmx.mbeanserver.MXBeanIntrospector (java.management@17.0.5)
2412:             1             16  com.sun.jmx.mbeanserver.SecureClassLoaderRepository (java.management@17.0.5)
2413:             1             16  com.sun.jmx.remote.internal.ServerCommunicatorAdmin$Timeout (java.management@17.0.5)
2414:             1             16  com.sun.jmx.remote.security.SubjectDelegator (java.management@17.0.5)
2415:             1             16  com.sun.management.internal.HotSpotDiagnostic (jdk.management@17.0.5)
2416:             1             16  com.sun.management.internal.PlatformMBeanProviderImpl (jdk.management@17.0.5)
2417:             1             16  com.sun.management.internal.PlatformMBeanProviderImpl$$Lambda$161/0x0000000800c7e5b8 (jdk.management@17.0.5)
2418:             1             16  com.sun.naming.internal.VersionHelper (java.naming@17.0.5)
2419:             1             16  com.sun.naming.internal.VersionHelper$$Lambda$57/0x0000000800c6bfe0 (java.naming@17.0.5)
2420:             1             16  com.sun.naming.internal.VersionHelper$$Lambda$58/0x0000000800c6c1f8 (java.naming@17.0.5)
2421:             1             16  com.sun.naming.internal.VersionHelper$$Lambda$59/0x0000000800c6c410 (java.naming@17.0.5)
2422:             1             16  io.micrometer.core.instrument.AbstractTimer$$Lambda$827/0x000000080100a250
2423:             1             16  io.micrometer.core.instrument.Clock$1
2424:             1             16  io.micrometer.core.instrument.MeterRegistry$$Lambda$569/0x0000000800f0ddb0
2425:             1             16  io.micrometer.core.instrument.MeterRegistry$$Lambda$573/0x0000000800f0f208
2426:             1             16  io.micrometer.core.instrument.MeterRegistry$$Lambda$826/0x000000080100eb80
2427:             1             16  io.micrometer.core.instrument.MeterRegistry$More$$Lambda$594/0x0000000800f16948
2428:             1             16  io.micrometer.core.instrument.MeterRegistry$More$$Lambda$597/0x0000000800f17790
2429:             1             16  io.micrometer.core.instrument.Metrics$More
2430:             1             16  io.micrometer.core.instrument.TimeGauge$$Lambda$779/0x0000000800fa6350
2431:             1             16  io.micrometer.core.instrument.binder.jvm.ClassLoaderMetrics
2432:             1             16  io.micrometer.core.instrument.binder.jvm.ClassLoaderMetrics$$Lambda$591/0x0000000800f15e00
2433:             1             16  io.micrometer.core.instrument.binder.jvm.ClassLoaderMetrics$$Lambda$592/0x0000000800f16018
2434:             1             16  io.micrometer.core.instrument.binder.jvm.ExecutorServiceMetrics$$Lambda$744/0x0000000800f94c40
2435:             1             16  io.micrometer.core.instrument.binder.jvm.ExecutorServiceMetrics$$Lambda$745/0x0000000800f94e58
2436:             1             16  io.micrometer.core.instrument.binder.jvm.ExecutorServiceMetrics$$Lambda$746/0x0000000800f95070
2437:             1             16  io.micrometer.core.instrument.binder.jvm.ExecutorServiceMetrics$$Lambda$747/0x0000000800f95288
2438:             1             16  io.micrometer.core.instrument.binder.jvm.ExecutorServiceMetrics$$Lambda$748/0x0000000800f954a0
2439:             1             16  io.micrometer.core.instrument.binder.jvm.ExecutorServiceMetrics$$Lambda$749/0x0000000800f956b8
2440:             1             16  io.micrometer.core.instrument.binder.jvm.ExecutorServiceMetrics$$Lambda$750/0x0000000800f958d0
2441:             1             16  io.micrometer.core.instrument.binder.jvm.JvmGcMetrics$$Lambda$551/0x0000000800f05e70
2442:             1             16  io.micrometer.core.instrument.binder.jvm.JvmGcMetrics$$Lambda$552/0x0000000800f060b8
2443:             1             16  io.micrometer.core.instrument.binder.jvm.JvmGcMetrics$$Lambda$553/0x0000000800f062f0
2444:             1             16  io.micrometer.core.instrument.binder.jvm.JvmGcMetrics$$Lambda$561/0x0000000800f0c978
2445:             1             16  io.micrometer.core.instrument.binder.jvm.JvmGcMetrics$$Lambda$566/0x0000000800f0cb90
2446:             1             16  io.micrometer.core.instrument.binder.jvm.JvmGcMetrics$$Lambda$567/0x0000000800f0cda8
2447:             1             16  io.micrometer.core.instrument.binder.jvm.JvmGcMetrics$$Lambda$571/0x0000000800f0e8b8
2448:             1             16  io.micrometer.core.instrument.binder.jvm.JvmGcMetrics$$Lambda$575/0x0000000800f0fb18
2449:             1             16  io.micrometer.core.instrument.binder.jvm.JvmHeapPressureMetrics$$Lambda$556/0x0000000800f07460
2450:             1             16  io.micrometer.core.instrument.binder.jvm.JvmHeapPressureMetrics$$Lambda$558/0x0000000800f078b8
2451:             1             16  io.micrometer.core.instrument.binder.jvm.JvmHeapPressureMetrics$$Lambda$577/0x0000000800f14000
2452:             1             16  io.micrometer.core.instrument.binder.jvm.JvmHeapPressureMetrics$$Lambda$578/0x0000000800f14488
2453:             1             16  io.micrometer.core.instrument.binder.jvm.JvmMemory$$Lambda$554/0x0000000800f06fd0
2454:             1             16  io.micrometer.core.instrument.binder.jvm.JvmMemory$$Lambda$555/0x0000000800f07218
2455:             1             16  io.micrometer.core.instrument.binder.jvm.JvmMemoryMetrics
2456:             1             16  io.micrometer.core.instrument.binder.jvm.JvmMemoryMetrics$$Lambda$581/0x0000000800f14908
2457:             1             16  io.micrometer.core.instrument.binder.jvm.JvmMemoryMetrics$$Lambda$582/0x0000000800f14b20
2458:             1             16  io.micrometer.core.instrument.binder.jvm.JvmMemoryMetrics$$Lambda$583/0x0000000800f14d38
2459:             1             16  io.micrometer.core.instrument.binder.jvm.JvmMemoryMetrics$$Lambda$584/0x0000000800f14f50
2460:             1             16  io.micrometer.core.instrument.binder.jvm.JvmMemoryMetrics$$Lambda$585/0x0000000800f15168
2461:             1             16  io.micrometer.core.instrument.binder.jvm.JvmMemoryMetrics$$Lambda$586/0x0000000800f15380
2462:             1             16  io.micrometer.core.instrument.binder.jvm.JvmThreadMetrics
2463:             1             16  io.micrometer.core.instrument.binder.jvm.JvmThreadMetrics$$Lambda$587/0x0000000800f15598
2464:             1             16  io.micrometer.core.instrument.binder.jvm.JvmThreadMetrics$$Lambda$588/0x0000000800f157b0
2465:             1             16  io.micrometer.core.instrument.binder.jvm.JvmThreadMetrics$$Lambda$589/0x0000000800f159c8
2466:             1             16  io.micrometer.core.instrument.binder.logging.LogbackMetrics$1
2467:             1             16  io.micrometer.core.instrument.binder.system.DiskSpaceMetrics$$Lambda$604/0x0000000800f13cc8
2468:             1             16  io.micrometer.core.instrument.binder.system.DiskSpaceMetrics$$Lambda$605/0x0000000800f12a28
2469:             1             16  io.micrometer.core.instrument.binder.system.ProcessorMetrics$$Lambda$600/0x0000000800f13218
2470:             1             16  io.micrometer.core.instrument.binder.system.ProcessorMetrics$$Lambda$601/0x0000000800f13430
2471:             1             16  io.micrometer.core.instrument.binder.system.ProcessorMetrics$$Lambda$602/0x0000000800f13650
2472:             1             16  io.micrometer.core.instrument.binder.system.UptimeMetrics$$Lambda$595/0x0000000800f16e20
2473:             1             16  io.micrometer.core.instrument.binder.system.UptimeMetrics$$Lambda$599/0x0000000800f13000
2474:             1             16  io.micrometer.core.instrument.binder.tomcat.TomcatMetrics$$Lambda$795/0x0000000800fa7270
2475:             1             16  io.micrometer.core.instrument.binder.tomcat.TomcatMetrics$$Lambda$796/0x0000000800fa7488
2476:             1             16  io.micrometer.core.instrument.binder.tomcat.TomcatMetrics$$Lambda$797/0x0000000800fa76a0
2477:             1             16  io.micrometer.core.instrument.binder.tomcat.TomcatMetrics$$Lambda$798/0x0000000800fa78b8
2478:             1             16  io.micrometer.core.instrument.binder.tomcat.TomcatMetrics$$Lambda$799/0x0000000800fa7ad0
2479:             1             16  io.micrometer.core.instrument.binder.tomcat.TomcatMetrics$$Lambda$800/0x0000000800fa7ce8
2480:             1             16  io.micrometer.core.instrument.composite.CompositeMeterRegistry$$Lambda$606/0x0000000800f18000
2481:             1             16  io.micrometer.core.instrument.composite.CompositeMeterRegistry$$Lambda$607/0x0000000800f18230
2482:             1             16  io.micrometer.core.instrument.composite.CompositeMeterRegistry$$Lambda$611/0x0000000800f18d00
2483:             1             16  io.micrometer.core.instrument.config.MeterRegistryConfigValidator$$Lambda$532/0x0000000800ef8a40
2484:             1             16  io.micrometer.core.instrument.config.MeterRegistryConfigValidator$$Lambda$533/0x0000000800f00000
2485:             1             16  io.micrometer.core.instrument.config.NamingConvention$$Lambda$527/0x0000000800efbaa8
2486:             1             16  io.micrometer.core.instrument.config.NamingConvention$1
2487:             1             16  io.micrometer.core.instrument.config.NamingConvention$2
2488:             1             16  io.micrometer.core.instrument.config.NamingConvention$3
2489:             1             16  io.micrometer.core.instrument.config.NamingConvention$4
2490:             1             16  io.micrometer.core.instrument.config.validate.Validated$$Lambda$540/0x0000000800f015e8
2491:             1             16  io.micrometer.core.instrument.config.validate.Validated$$Lambda$541/0x0000000800f01b98
2492:             1             16  io.micrometer.core.instrument.config.validate.Validated$Either$$Lambda$538/0x0000000800f01178
2493:             1             16  io.micrometer.core.instrument.config.validate.Validated$Either$$Lambda$539/0x0000000800f013b0
2494:             1             16  io.micrometer.core.instrument.config.validate.Validated$Either$$Lambda$543/0x0000000800f01dd0
2495:             1             16  io.micrometer.core.instrument.config.validate.Validated$Either$$Lambda$544/0x0000000800f02008
2496:             1             16  io.micrometer.core.instrument.distribution.NoopHistogram
2497:             1             16  io.micrometer.core.instrument.simple.SimpleConfig$$Lambda$526/0x0000000800eff088
2498:             1             16  io.micrometer.core.instrument.simple.SimpleConfig$$Lambda$528/0x0000000800ef96f0
2499:             1             16  io.micrometer.core.instrument.simple.SimpleConfig$$Lambda$530/0x0000000800ef9d68
2500:             1             16  io.micrometer.core.util.internal.logging.Slf4JLoggerFactory
2501:             1             16  java.beans.Introspector$1 (java.desktop@17.0.5)
2502:             1             16  java.io.Console$2 (java.base@17.0.5)
2503:             1             16  java.io.DeleteOnExitHook$1 (java.base@17.0.5)
2504:             1             16  java.io.FileDescriptor$1 (java.base@17.0.5)
2505:             1             16  java.io.FilePermission$1 (java.base@17.0.5)
2506:             1             16  java.io.ObjectInputFilter$Config$$Lambda$880/0x0000000801052338 (java.base@17.0.5)
2507:             1             16  java.io.ObjectInputFilter$Config$$Lambda$881/0x0000000801052550 (java.base@17.0.5)
2508:             1             16  java.io.ObjectInputFilter$Config$$Lambda$882/0x0000000801052ba0 (java.base@17.0.5)
2509:             1             16  java.io.ObjectInputFilter$Config$BuiltinFilterFactory (java.base@17.0.5)
2510:             1             16  java.io.ObjectInputFilter$Config$Global$$Lambda$883/0x0000000801053218 (java.base@17.0.5)
2511:             1             16  java.io.ObjectInputFilter$Config$Global$$Lambda$884/0x0000000801053458 (java.base@17.0.5)
2512:             1             16  java.io.ObjectInputStream$$Lambda$912/0x00000008010668f0 (java.base@17.0.5)
2513:             1             16  java.io.ObjectInputStream$$Lambda$913/0x0000000801066d00 (java.base@17.0.5)
2514:             1             16  java.io.RandomAccessFile$2 (java.base@17.0.5)
2515:             1             16  java.lang.ApplicationShutdownHooks$1 (java.base@17.0.5)
2516:             1             16  java.lang.CharacterData00 (java.base@17.0.5)
2517:             1             16  java.lang.CharacterDataLatin1 (java.base@17.0.5)
2518:             1             16  java.lang.Class$$Lambda$243/0x0000000800cfd808 (java.base@17.0.5)
2519:             1             16  java.lang.Module$$Lambda$28/0x0000000800c61930 (java.base@17.0.5)
2520:             1             16  java.lang.ProcessEnvironment$CheckedKeySet (java.base@17.0.5)
2521:             1             16  java.lang.ProcessEnvironment$EntryComparator (java.base@17.0.5)
2522:             1             16  java.lang.ProcessEnvironment$NameComparator (java.base@17.0.5)
2523:             1             16  java.lang.Runtime (java.base@17.0.5)
2524:             1             16  java.lang.String$CaseInsensitiveComparator (java.base@17.0.5)
2525:             1             16  java.lang.System$2 (java.base@17.0.5)
2526:             1             16  java.lang.System$LoggerFinder$$Lambda$496/0x0000000800e65e78 (java.base@17.0.5)
2527:             1             16  java.lang.Terminator$1 (java.base@17.0.5)
2528:             1             16  java.lang.invoke.ClassSpecializer$1 (java.base@17.0.5)
2529:             1             16  java.lang.invoke.MemberName$Factory (java.base@17.0.5)
2530:             1             16  java.lang.invoke.MethodHandleImpl$1 (java.base@17.0.5)
2531:             1             16  java.lang.invoke.StringConcatFactory$1 (java.base@17.0.5)
2532:             1             16  java.lang.invoke.StringConcatFactory$2 (java.base@17.0.5)
2533:             1             16  java.lang.invoke.StringConcatFactory$3 (java.base@17.0.5)
2534:             1             16  java.lang.invoke.VarHandle$1 (java.base@17.0.5)
2535:             1             16  java.lang.invoke.VarHandleByteArrayAsInts$ArrayHandle$$Lambda$492/0x0000000800e5aec8 (java.base@17.0.5)
2536:             1             16  java.lang.invoke.VarHandleByteArrayAsLongs$ArrayHandle$$Lambda$493/0x0000000800e5b810 (java.base@17.0.5)
2537:             1             16  java.lang.management.DefaultPlatformMBeanProvider (java.management@17.0.5)
2538:             1             16  java.lang.management.DefaultPlatformMBeanProvider$5$$Lambda$785/0x0000000800fcf0f0 (java.management@17.0.5)
2539:             1             16  java.lang.management.ManagementFactory$$Lambda$160/0x0000000800c7d370 (java.management@17.0.5)
2540:             1             16  java.lang.management.ManagementFactory$$Lambda$780/0x0000000800fc60e8 (java.management@17.0.5)
2541:             1             16  java.lang.management.ManagementFactory$$Lambda$781/0x0000000800fc6330 (java.management@17.0.5)
2542:             1             16  java.lang.management.ManagementFactory$$Lambda$782/0x0000000800fc6568 (java.management@17.0.5)
2543:             1             16  java.lang.module.ModuleDescriptor$1 (java.base@17.0.5)
2544:             1             16  java.lang.module.ModuleDescriptor$Builder$$Lambda$34/0x80000003a (java.base@17.0.5)
2545:             1             16  java.lang.ref.Cleaner (java.base@17.0.5)
2546:             1             16  java.lang.ref.Cleaner$1 (java.base@17.0.5)
2547:             1             16  java.lang.ref.Reference$1 (java.base@17.0.5)
2548:             1             16  java.lang.reflect.Executable$$Lambda$236/0x0000000800cfb070 (java.base@17.0.5)
2549:             1             16  java.lang.reflect.Proxy$$Lambda$242/0x0000000800cfd100 (java.base@17.0.5)
2550:             1             16  java.lang.reflect.Proxy$$Lambda$25/0x0000000800c5ff38 (java.base@17.0.5)
2551:             1             16  java.lang.reflect.Proxy$ProxyBuilder$$Lambda$26/0x0000000800c60ff8 (java.base@17.0.5)
2552:             1             16  java.lang.reflect.ProxyGenerator$$Lambda$31/0x0000000800c624d0 (java.base@17.0.5)
2553:             1             16  java.lang.reflect.ProxyGenerator$$Lambda$32/0x0000000800c62708 (java.base@17.0.5)
2554:             1             16  java.lang.reflect.ReflectAccess (java.base@17.0.5)
2555:             1             16  java.net.InetAddress$1 (java.base@17.0.5)
2556:             1             16  java.net.InetAddress$PlatformNameService (java.base@17.0.5)
2557:             1             16  java.net.SocketImpl$$Lambda$760/0x0000000800f74e10 (java.base@17.0.5)
2558:             1             16  java.net.URI$1 (java.base@17.0.5)
2559:             1             16  java.net.URL$3 (java.base@17.0.5)
2560:             1             16  java.net.URL$DefaultFactory (java.base@17.0.5)
2561:             1             16  java.nio.Bits$1 (java.base@17.0.5)
2562:             1             16  java.nio.Buffer$1 (java.base@17.0.5)
2563:             1             16  java.nio.channels.spi.AbstractSelector$1 (java.base@17.0.5)
2564:             1             16  java.nio.channels.spi.SelectorProvider$Holder$$Lambda$757/0x0000000800f71428 (java.base@17.0.5)
2565:             1             16  java.nio.file.Files$AcceptAllFilter (java.base@17.0.5)
2566:             1             16  java.rmi.server.ObjID$$Lambda$892/0x0000000801057660 (java.rmi@17.0.5)
2567:             1             16  java.rmi.server.RMIClassLoader$2 (java.rmi@17.0.5)
2568:             1             16  java.security.AllPermission (java.base@17.0.5)
2569:             1             16  java.security.AllPermissionCollection (java.base@17.0.5)
2570:             1             16  java.security.ProtectionDomain$JavaSecurityAccessImpl (java.base@17.0.5)
2571:             1             16  java.text.DecimalFormatSymbols$$Lambda$59/0x800000061 (java.base@17.0.5)
2572:             1             16  java.text.DontCareFieldPosition$1 (java.base@17.0.5)
2573:             1             16  java.time.Clock$SystemClock (java.base@17.0.5)
2574:             1             16  java.time.chrono.IsoChronology (java.base@17.0.5)
2575:             1             16  java.time.format.DateTimeFormatter$$Lambda$49/0x800000057 (java.base@17.0.5)
2576:             1             16  java.time.format.DateTimeFormatter$$Lambda$50/0x800000058 (java.base@17.0.5)
2577:             1             16  java.time.format.DateTimeFormatterBuilder$$Lambda$48/0x800000056 (java.base@17.0.5)
2578:             1             16  java.time.format.DateTimeFormatterBuilder$InstantPrinterParser (java.base@17.0.5)
2579:             1             16  java.time.format.DateTimeTextProvider (java.base@17.0.5)
2580:             1             16  java.time.format.DateTimeTextProvider$1 (java.base@17.0.5)
2581:             1             16  java.time.temporal.TemporalQueries$1 (java.base@17.0.5)
2582:             1             16  java.time.temporal.TemporalQueries$2 (java.base@17.0.5)
2583:             1             16  java.time.temporal.TemporalQueries$3 (java.base@17.0.5)
2584:             1             16  java.time.temporal.TemporalQueries$4 (java.base@17.0.5)
2585:             1             16  java.time.temporal.TemporalQueries$5 (java.base@17.0.5)
2586:             1             16  java.time.temporal.TemporalQueries$6 (java.base@17.0.5)
2587:             1             16  java.time.temporal.TemporalQueries$7 (java.base@17.0.5)
2588:             1             16  java.util.Collections$EmptyEnumeration (java.base@17.0.5)
2589:             1             16  java.util.Collections$EmptyIterator (java.base@17.0.5)
2590:             1             16  java.util.Collections$EmptyList (java.base@17.0.5)
2591:             1             16  java.util.Collections$EmptySet (java.base@17.0.5)
2592:             1             16  java.util.Collections$ReverseComparator (java.base@17.0.5)
2593:             1             16  java.util.Collections$ReverseComparator2 (java.base@17.0.5)
2594:             1             16  java.util.EnumMap$1 (java.base@17.0.5)
2595:             1             16  java.util.Hashtable$KeySet (java.base@17.0.5)
2596:             1             16  java.util.IdentityHashMap$EntrySet (java.base@17.0.5)
2597:             1             16  java.util.ImmutableCollections$Access$1 (java.base@17.0.5)
2598:             1             16  java.util.Locale$Builder (java.base@17.0.5)
2599:             1             16  java.util.ResourceBundle$1 (java.base@17.0.5)
2600:             1             16  java.util.ResourceBundle$Control (java.base@17.0.5)
2601:             1             16  java.util.ResourceBundle$ResourceBundleControlProviderHolder$$Lambda$349/0x0000000800e441c0 (java.base@17.0.5)
2602:             1             16  java.util.ResourceBundle$ResourceBundleControlProviderHolder$$Lambda$350/0x0000000800e44868 (java.base@17.0.5)
2603:             1             16  java.util.Spliterators$EmptySpliterator$OfDouble (java.base@17.0.5)
2604:             1             16  java.util.Spliterators$EmptySpliterator$OfInt (java.base@17.0.5)
2605:             1             16  java.util.Spliterators$EmptySpliterator$OfLong (java.base@17.0.5)
2606:             1             16  java.util.Spliterators$EmptySpliterator$OfRef (java.base@17.0.5)
2607:             1             16  java.util.concurrent.ConcurrentSkipListMap$KeySet (java.base@17.0.5)
2608:             1             16  java.util.concurrent.ForkJoinPool$DefaultCommonPoolForkJoinWorkerThreadFactory (java.base@17.0.5)
2609:             1             16  java.util.concurrent.ForkJoinPool$DefaultForkJoinWorkerThreadFactory (java.base@17.0.5)
2610:             1             16  java.util.concurrent.SynchronousQueue$TransferStack (java.base@17.0.5)
2611:             1             16  java.util.function.Function$$Lambda$303/0x0000000800cff638 (java.base@17.0.5)
2612:             1             16  java.util.jar.JavaUtilJarAccessImpl (java.base@17.0.5)
2613:             1             16  java.util.logging.Level$$Lambda$41/0x80000004f (java.logging@17.0.5)
2614:             1             16  java.util.logging.Level$KnownLevel$$Lambda$39/0x80000004d (java.logging@17.0.5)
2615:             1             16  java.util.logging.Level$KnownLevel$$Lambda$40/0x80000004e (java.logging@17.0.5)
2616:             1             16  java.util.logging.Level$KnownLevel$$Lambda$42/0x800000050 (java.logging@17.0.5)
2617:             1             16  java.util.logging.LogManager$CloseOnReset (java.logging@17.0.5)
2618:             1             16  java.util.logging.LogManager$LoggingProviderAccess (java.logging@17.0.5)
2619:             1             16  java.util.logging.LogManager$VisitedLoggers (java.logging@17.0.5)
2620:             1             16  java.util.logging.Logging (java.logging@17.0.5)
2621:             1             16  java.util.logging.SimpleFormatter (java.logging@17.0.5)
2622:             1             16  java.util.logging.SimpleFormatter$$Lambda$56/0x0000000800c69000 (java.logging@17.0.5)
2623:             1             16  java.util.regex.CharPredicates$$Lambda$104/0x0000000800c79410 (java.base@17.0.5)
2624:             1             16  java.util.regex.CharPredicates$$Lambda$20/0x800000029 (java.base@17.0.5)
2625:             1             16  java.util.regex.CharPredicates$$Lambda$47/0x800000055 (java.base@17.0.5)
2626:             1             16  java.util.regex.Pattern$$Lambda$103/0x0000000800c791b8 (java.base@17.0.5)
2627:             1             16  java.util.regex.Pattern$LastNode (java.base@17.0.5)
2628:             1             16  java.util.regex.Pattern$Node (java.base@17.0.5)
2629:             1             16  java.util.stream.Collectors$$Lambda$130/0x0000000800c7b1d0 (java.base@17.0.5)
2630:             1             16  java.util.stream.Collectors$$Lambda$131/0x0000000800c7b3f8 (java.base@17.0.5)
2631:             1             16  java.util.stream.Collectors$$Lambda$16/0x0000000800c58e88 (java.base@17.0.5)
2632:             1             16  java.util.stream.Collectors$$Lambda$17/0x0000000800c590a0 (java.base@17.0.5)
2633:             1             16  java.util.stream.Collectors$$Lambda$18/0x0000000800c592c8 (java.base@17.0.5)
2634:             1             16  java.util.stream.Collectors$$Lambda$44/0x800000052 (java.base@17.0.5)
2635:             1             16  java.util.stream.Collectors$$Lambda$45/0x800000053 (java.base@17.0.5)
2636:             1             16  java.util.stream.Collectors$$Lambda$46/0x800000054 (java.base@17.0.5)
2637:             1             16  java.util.stream.Collectors$$Lambda$471/0x0000000800e49e10 (java.base@17.0.5)
2638:             1             16  java.util.stream.Collectors$$Lambda$472/0x0000000800e4a028 (java.base@17.0.5)
2639:             1             16  java.util.stream.Collectors$$Lambda$473/0x0000000800e4a250 (java.base@17.0.5)
2640:             1             16  java.util.stream.Collectors$$Lambda$474/0x0000000800e4a490 (java.base@17.0.5)
2641:             1             16  java.util.stream.Collectors$$Lambda$5/0x800000010 (java.base@17.0.5)
2642:             1             16  java.util.stream.Collectors$$Lambda$6/0x800000011 (java.base@17.0.5)
2643:             1             16  java.util.stream.Collectors$$Lambda$620/0x0000000800e7b848 (java.base@17.0.5)
2644:             1             16  java.util.stream.Collectors$$Lambda$622/0x0000000800e7bc90 (java.base@17.0.5)
2645:             1             16  java.util.stream.Collectors$$Lambda$7/0x800000016 (java.base@17.0.5)
2646:             1             16  java.util.stream.Collectors$$Lambda$8/0x800000017 (java.base@17.0.5)
2647:             1             16  java.util.stream.DoublePipeline$$Lambda$562/0x0000000800e77aa8 (java.base@17.0.5)
2648:             1             16  java.util.stream.DoublePipeline$$Lambda$563/0x0000000800e77eb8 (java.base@17.0.5)
2649:             1             16  java.util.stream.DoublePipeline$$Lambda$564/0x0000000800e780d0 (java.base@17.0.5)
2650:             1             16  java.util.stream.FindOps$FindSink$OfInt$$Lambda$60/0x800000062 (java.base@17.0.5)
2651:             1             16  java.util.stream.FindOps$FindSink$OfInt$$Lambda$61/0x800000063 (java.base@17.0.5)
2652:             1             16  java.util.stream.FindOps$FindSink$OfInt$$Lambda$62/0x800000064 (java.base@17.0.5)
2653:             1             16  java.util.stream.FindOps$FindSink$OfInt$$Lambda$63/0x800000065 (java.base@17.0.5)
2654:             1             16  java.util.stream.FindOps$FindSink$OfRef$$Lambda$11/0x80000001a (java.base@17.0.5)
2655:             1             16  java.util.stream.FindOps$FindSink$OfRef$$Lambda$12/0x80000001b (java.base@17.0.5)
2656:             1             16  java.util.stream.FindOps$FindSink$OfRef$$Lambda$13/0x80000001c (java.base@17.0.5)
2657:             1             16  java.util.stream.FindOps$FindSink$OfRef$$Lambda$14/0x80000001d (java.base@17.0.5)
2658:             1             16  java.util.stream.LongPipeline$$Lambda$823/0x0000000800fe0a28 (java.base@17.0.5)
2659:             1             16  java.util.stream.Nodes$EmptyNode$OfDouble (java.base@17.0.5)
2660:             1             16  java.util.stream.Nodes$EmptyNode$OfInt (java.base@17.0.5)
2661:             1             16  java.util.stream.Nodes$EmptyNode$OfLong (java.base@17.0.5)
2662:             1             16  java.util.stream.Nodes$EmptyNode$OfRef (java.base@17.0.5)
2663:             1             16  java.util.stream.ReferencePipeline$$Lambda$351/0x0000000800e450c8 (java.base@17.0.5)
2664:             1             16  java.util.zip.ZipFile$1 (java.base@17.0.5)
2665:             1             16  javax.management.JMX (java.management@17.0.5)
2666:             1             16  javax.management.MBeanServerBuilder (java.management@17.0.5)
2667:             1             16  javax.management.NotificationBroadcasterSupport$1 (java.management@17.0.5)
2668:             1             16  javax.management.remote.JMXConnectorServerFactory$$Lambda$878/0x0000000801050350 (java.management@17.0.5)
2669:             1             16  javax.management.remote.rmi.RMIConnectionImpl_Stub (java.management.rmi@17.0.5)
2670:             1             16  javax.management.remote.rmi.RMIServerImpl_Stub (java.management.rmi@17.0.5)
2671:             1             16  javax.security.auth.message.config.AuthConfigFactory$$Lambda$803/0x0000000800fbf158
2672:             1             16  jdk.internal.jimage.ImageReaderFactory$1 (java.base@17.0.5)
2673:             1             16  jdk.internal.jimage.ImageStringsReader (java.base@17.0.5)
2674:             1             16  jdk.internal.jimage.decompressor.Decompressor (java.base@17.0.5)
2675:             1             16  jdk.internal.logger.LazyLoggers$1 (java.base@17.0.5)
2676:             1             16  jdk.internal.logger.LazyLoggers$LazyLoggerFactories (java.base@17.0.5)
2677:             1             16  jdk.internal.math.FloatingDecimal$1 (java.base@17.0.5)
2678:             1             16  jdk.internal.misc.ScopedMemoryAccess (java.base@17.0.5)
2679:             1             16  jdk.internal.misc.TerminatingThreadLocal$1 (java.base@17.0.5)
2680:             1             16  jdk.internal.misc.Unsafe (java.base@17.0.5)
2681:             1             16  jdk.internal.module.ArchivedBootLayer (java.base@17.0.5)
2682:             1             16  jdk.internal.module.ModuleLoaderMap$Mapper (java.base@17.0.5)
2683:             1             16  jdk.internal.module.ModulePatcher (java.base@17.0.5)
2684:             1             16  jdk.internal.module.ModuleTarget (java.base@17.0.5)
2685:             1             16  jdk.internal.perf.Perf (java.base@17.0.5)
2686:             1             16  jdk.internal.reflect.GeneratedConstructorAccessor1 (java.base@17.0.5)
2687:             1             16  jdk.internal.reflect.GeneratedConstructorAccessor10
2688:             1             16  jdk.internal.reflect.GeneratedConstructorAccessor11
2689:             1             16  jdk.internal.reflect.GeneratedConstructorAccessor13
2690:             1             16  jdk.internal.reflect.GeneratedConstructorAccessor14
2691:             1             16  jdk.internal.reflect.GeneratedConstructorAccessor15
2692:             1             16  jdk.internal.reflect.GeneratedConstructorAccessor16
2693:             1             16  jdk.internal.reflect.GeneratedConstructorAccessor17
2694:             1             16  jdk.internal.reflect.GeneratedConstructorAccessor18
2695:             1             16  jdk.internal.reflect.GeneratedConstructorAccessor19
2696:             1             16  jdk.internal.reflect.GeneratedConstructorAccessor2
2697:             1             16  jdk.internal.reflect.GeneratedConstructorAccessor20 (java.base@17.0.5)
2698:             1             16  jdk.internal.reflect.GeneratedConstructorAccessor21
2699:             1             16  jdk.internal.reflect.GeneratedConstructorAccessor22
2700:             1             16  jdk.internal.reflect.GeneratedConstructorAccessor23
2701:             1             16  jdk.internal.reflect.GeneratedConstructorAccessor24
2702:             1             16  jdk.internal.reflect.GeneratedConstructorAccessor25
2703:             1             16  jdk.internal.reflect.GeneratedConstructorAccessor26
2704:             1             16  jdk.internal.reflect.GeneratedConstructorAccessor27
2705:             1             16  jdk.internal.reflect.GeneratedConstructorAccessor28 (java.base@17.0.5)
2706:             1             16  jdk.internal.reflect.GeneratedConstructorAccessor29
2707:             1             16  jdk.internal.reflect.GeneratedConstructorAccessor3 (java.base@17.0.5)
2708:             1             16  jdk.internal.reflect.GeneratedConstructorAccessor30
2709:             1             16  jdk.internal.reflect.GeneratedConstructorAccessor32 (java.base@17.0.5)
2710:             1             16  jdk.internal.reflect.GeneratedConstructorAccessor33 (java.base@17.0.5)
2711:             1             16  jdk.internal.reflect.GeneratedConstructorAccessor34 (java.base@17.0.5)
2712:             1             16  jdk.internal.reflect.GeneratedConstructorAccessor35 (java.base@17.0.5)
2713:             1             16  jdk.internal.reflect.GeneratedConstructorAccessor36 (java.base@17.0.5)
2714:             1             16  jdk.internal.reflect.GeneratedConstructorAccessor37 (java.base@17.0.5)
2715:             1             16  jdk.internal.reflect.GeneratedConstructorAccessor38 (java.base@17.0.5)
2716:             1             16  jdk.internal.reflect.GeneratedConstructorAccessor39 (java.base@17.0.5)
2717:             1             16  jdk.internal.reflect.GeneratedConstructorAccessor4 (java.base@17.0.5)
2718:             1             16  jdk.internal.reflect.GeneratedConstructorAccessor40 (java.base@17.0.5)
2719:             1             16  jdk.internal.reflect.GeneratedConstructorAccessor41 (java.base@17.0.5)
2720:             1             16  jdk.internal.reflect.GeneratedConstructorAccessor42 (java.base@17.0.5)
2721:             1             16  jdk.internal.reflect.GeneratedConstructorAccessor43 (java.base@17.0.5)
2722:             1             16  jdk.internal.reflect.GeneratedMethodAccessor1
2723:             1             16  jdk.internal.reflect.GeneratedMethodAccessor10
2724:             1             16  jdk.internal.reflect.GeneratedMethodAccessor11
2725:             1             16  jdk.internal.reflect.GeneratedMethodAccessor12
2726:             1             16  jdk.internal.reflect.GeneratedMethodAccessor13
2727:             1             16  jdk.internal.reflect.GeneratedMethodAccessor14
2728:             1             16  jdk.internal.reflect.GeneratedMethodAccessor15
2729:             1             16  jdk.internal.reflect.GeneratedMethodAccessor16
2730:             1             16  jdk.internal.reflect.GeneratedMethodAccessor17
2731:             1             16  jdk.internal.reflect.GeneratedMethodAccessor18
2732:             1             16  jdk.internal.reflect.GeneratedMethodAccessor19
2733:             1             16  jdk.internal.reflect.GeneratedMethodAccessor2
2734:             1             16  jdk.internal.reflect.GeneratedMethodAccessor20
2735:             1             16  jdk.internal.reflect.GeneratedMethodAccessor21
2736:             1             16  jdk.internal.reflect.GeneratedMethodAccessor22 (java.base@17.0.5)
2737:             1             16  jdk.internal.reflect.GeneratedMethodAccessor23
2738:             1             16  jdk.internal.reflect.GeneratedMethodAccessor24
2739:             1             16  jdk.internal.reflect.GeneratedMethodAccessor25
2740:             1             16  jdk.internal.reflect.GeneratedMethodAccessor26
2741:             1             16  jdk.internal.reflect.GeneratedMethodAccessor27
2742:             1             16  jdk.internal.reflect.GeneratedMethodAccessor28 (java.base@17.0.5)
2743:             1             16  jdk.internal.reflect.GeneratedMethodAccessor29
2744:             1             16  jdk.internal.reflect.GeneratedMethodAccessor3
2745:             1             16  jdk.internal.reflect.GeneratedMethodAccessor30
2746:             1             16  jdk.internal.reflect.GeneratedMethodAccessor31
2747:             1             16  jdk.internal.reflect.GeneratedMethodAccessor32
2748:             1             16  jdk.internal.reflect.GeneratedMethodAccessor33 (java.base@17.0.5)
2749:             1             16  jdk.internal.reflect.GeneratedMethodAccessor34
2750:             1             16  jdk.internal.reflect.GeneratedMethodAccessor35
2751:             1             16  jdk.internal.reflect.GeneratedMethodAccessor36
2752:             1             16  jdk.internal.reflect.GeneratedMethodAccessor37
2753:             1             16  jdk.internal.reflect.GeneratedMethodAccessor38
2754:             1             16  jdk.internal.reflect.GeneratedMethodAccessor39
2755:             1             16  jdk.internal.reflect.GeneratedMethodAccessor4
2756:             1             16  jdk.internal.reflect.GeneratedMethodAccessor40
2757:             1             16  jdk.internal.reflect.GeneratedMethodAccessor41
2758:             1             16  jdk.internal.reflect.GeneratedMethodAccessor42 (java.base@17.0.5)
2759:             1             16  jdk.internal.reflect.GeneratedMethodAccessor5
2760:             1             16  jdk.internal.reflect.GeneratedMethodAccessor50 (java.base@17.0.5)
2761:             1             16  jdk.internal.reflect.GeneratedMethodAccessor51 (java.base@17.0.5)
2762:             1             16  jdk.internal.reflect.GeneratedMethodAccessor52
2763:             1             16  jdk.internal.reflect.GeneratedMethodAccessor53 (java.base@17.0.5)
2764:             1             16  jdk.internal.reflect.GeneratedMethodAccessor54 (java.base@17.0.5)
2765:             1             16  jdk.internal.reflect.GeneratedMethodAccessor55 (java.base@17.0.5)
2766:             1             16  jdk.internal.reflect.GeneratedMethodAccessor56 (java.base@17.0.5)
2767:             1             16  jdk.internal.reflect.GeneratedMethodAccessor57 (java.base@17.0.5)
2768:             1             16  jdk.internal.reflect.GeneratedMethodAccessor58 (java.base@17.0.5)
2769:             1             16  jdk.internal.reflect.GeneratedMethodAccessor59 (java.base@17.0.5)
2770:             1             16  jdk.internal.reflect.GeneratedMethodAccessor6
2771:             1             16  jdk.internal.reflect.GeneratedMethodAccessor60 (java.base@17.0.5)
2772:             1             16  jdk.internal.reflect.GeneratedMethodAccessor61 (java.base@17.0.5)
2773:             1             16  jdk.internal.reflect.GeneratedMethodAccessor62 (java.base@17.0.5)
2774:             1             16  jdk.internal.reflect.GeneratedMethodAccessor63 (java.base@17.0.5)
2775:             1             16  jdk.internal.reflect.GeneratedMethodAccessor64 (java.base@17.0.5)
2776:             1             16  jdk.internal.reflect.GeneratedMethodAccessor65 (java.base@17.0.5)
2777:             1             16  jdk.internal.reflect.GeneratedMethodAccessor66 (java.base@17.0.5)
2778:             1             16  jdk.internal.reflect.GeneratedMethodAccessor67 (java.base@17.0.5)
2779:             1             16  jdk.internal.reflect.GeneratedMethodAccessor68 (java.base@17.0.5)
2780:             1             16  jdk.internal.reflect.GeneratedMethodAccessor69 (java.base@17.0.5)
2781:             1             16  jdk.internal.reflect.GeneratedMethodAccessor7
2782:             1             16  jdk.internal.reflect.GeneratedMethodAccessor70 (java.base@17.0.5)
2783:             1             16  jdk.internal.reflect.GeneratedMethodAccessor71 (java.base@17.0.5)
2784:             1             16  jdk.internal.reflect.GeneratedMethodAccessor72 (java.base@17.0.5)
2785:             1             16  jdk.internal.reflect.GeneratedMethodAccessor73 (java.base@17.0.5)
2786:             1             16  jdk.internal.reflect.GeneratedMethodAccessor74 (java.base@17.0.5)
2787:             1             16  jdk.internal.reflect.GeneratedMethodAccessor75 (java.base@17.0.5)
2788:             1             16  jdk.internal.reflect.GeneratedMethodAccessor76 (java.base@17.0.5)
2789:             1             16  jdk.internal.reflect.GeneratedMethodAccessor77 (java.base@17.0.5)
2790:             1             16  jdk.internal.reflect.GeneratedMethodAccessor78 (java.base@17.0.5)
2791:             1             16  jdk.internal.reflect.GeneratedMethodAccessor79 (java.base@17.0.5)
2792:             1             16  jdk.internal.reflect.GeneratedMethodAccessor8
2793:             1             16  jdk.internal.reflect.GeneratedMethodAccessor80 (java.base@17.0.5)
2794:             1             16  jdk.internal.reflect.GeneratedMethodAccessor81 (java.base@17.0.5)
2795:             1             16  jdk.internal.reflect.GeneratedMethodAccessor82 (java.base@17.0.5)
2796:             1             16  jdk.internal.reflect.GeneratedMethodAccessor83 (java.base@17.0.5)
2797:             1             16  jdk.internal.reflect.GeneratedMethodAccessor84 (java.base@17.0.5)
2798:             1             16  jdk.internal.reflect.GeneratedMethodAccessor85 (java.base@17.0.5)
2799:             1             16  jdk.internal.reflect.GeneratedMethodAccessor86 (java.base@17.0.5)
2800:             1             16  jdk.internal.reflect.GeneratedMethodAccessor87 (java.base@17.0.5)
2801:             1             16  jdk.internal.reflect.GeneratedMethodAccessor88 (java.base@17.0.5)
2802:             1             16  jdk.internal.reflect.GeneratedMethodAccessor89 (java.base@17.0.5)
2803:             1             16  jdk.internal.reflect.GeneratedMethodAccessor9
2804:             1             16  jdk.internal.reflect.GeneratedMethodAccessor90 (java.base@17.0.5)
2805:             1             16  jdk.internal.reflect.GeneratedMethodAccessor91 (java.base@17.0.5)
2806:             1             16  jdk.internal.reflect.GeneratedMethodAccessor92 (java.base@17.0.5)
2807:             1             16  jdk.internal.reflect.GeneratedMethodAccessor93 (java.base@17.0.5)
2808:             1             16  jdk.internal.reflect.GeneratedMethodAccessor94 (java.base@17.0.5)
2809:             1             16  jdk.internal.reflect.GeneratedMethodAccessor95 (java.base@17.0.5)
2810:             1             16  jdk.internal.reflect.GeneratedSerializationConstructorAccessor10 (java.base@17.0.5)
2811:             1             16  jdk.internal.reflect.GeneratedSerializationConstructorAccessor11 (java.base@17.0.5)
2812:             1             16  jdk.internal.reflect.GeneratedSerializationConstructorAccessor12 (java.base@17.0.5)
2813:             1             16  jdk.internal.reflect.GeneratedSerializationConstructorAccessor13 (java.base@17.0.5)
2814:             1             16  jdk.internal.reflect.GeneratedSerializationConstructorAccessor17 (java.base@17.0.5)
2815:             1             16  jdk.internal.reflect.GeneratedSerializationConstructorAccessor18 (java.base@17.0.5)
2816:             1             16  jdk.internal.reflect.GeneratedSerializationConstructorAccessor21 (java.base@17.0.5)
2817:             1             16  jdk.internal.reflect.GeneratedSerializationConstructorAccessor22 (java.base@17.0.5)
2818:             1             16  jdk.internal.reflect.GeneratedSerializationConstructorAccessor23 (java.base@17.0.5)
2819:             1             16  jdk.internal.reflect.GeneratedSerializationConstructorAccessor24 (java.base@17.0.5)
2820:             1             16  jdk.internal.reflect.GeneratedSerializationConstructorAccessor25 (java.base@17.0.5)
2821:             1             16  jdk.internal.reflect.GeneratedSerializationConstructorAccessor26 (java.base@17.0.5)
2822:             1             16  jdk.internal.reflect.GeneratedSerializationConstructorAccessor27 (java.base@17.0.5)
2823:             1             16  jdk.internal.reflect.GeneratedSerializationConstructorAccessor28 (java.base@17.0.5)
2824:             1             16  jdk.internal.reflect.GeneratedSerializationConstructorAccessor29 (java.base@17.0.5)
2825:             1             16  jdk.internal.reflect.GeneratedSerializationConstructorAccessor5 (java.base@17.0.5)
2826:             1             16  jdk.internal.reflect.GeneratedSerializationConstructorAccessor6 (java.base@17.0.5)
2827:             1             16  jdk.internal.reflect.GeneratedSerializationConstructorAccessor7 (java.base@17.0.5)
2828:             1             16  jdk.internal.reflect.GeneratedSerializationConstructorAccessor9 (java.base@17.0.5)
2829:             1             16  jdk.internal.reflect.ReflectionFactory (java.base@17.0.5)
2830:             1             16  jdk.jfr.FlightRecorder (jdk.jfr@17.0.5)
2831:             1             16  jdk.jfr.FlightRecorderPermission$InternalAccess (jdk.jfr@17.0.5)
2832:             1             16  jdk.jfr.events.ActiveSettingEvent$1 (jdk.jfr@17.0.5)
2833:             1             16  jdk.jfr.internal.JVM (jdk.jfr@17.0.5)
2834:             1             16  jdk.jfr.internal.PlatformRecorder$$Lambda$872/0x0000000800fe5070 (jdk.jfr@17.0.5)
2835:             1             16  jdk.jfr.internal.SecuritySupport$Privileged (jdk.jfr@17.0.5)
2836:             1             16  jdk.jfr.internal.SettingsManager (jdk.jfr@17.0.5)
2837:             1             16  jdk.jfr.internal.ShutdownHook$ExceptionHandler (jdk.jfr@17.0.5)
2838:             1             16  jdk.jfr.internal.TypeLibrary (jdk.jfr@17.0.5)
2839:             1             16  jdk.jfr.internal.TypeLibrary$$Lambda$864/0x0000000800ffad18 (jdk.jfr@17.0.5)
2840:             1             16  jdk.jfr.internal.TypeLibrary$$Lambda$865/0x0000000800ffafa8 (jdk.jfr@17.0.5)
2841:             1             16  jdk.jfr.internal.TypeLibrary$$Lambda$866/0x0000000800ffb1f0 (jdk.jfr@17.0.5)
2842:             1             16  jdk.jfr.internal.TypeLibrary$$Lambda$870/0x0000000801041d68 (jdk.jfr@17.0.5)
2843:             1             16  jdk.jfr.internal.TypeLibrary$$Lambda$871/0x0000000801041fb0 (jdk.jfr@17.0.5)
2844:             1             16  jdk.jfr.internal.consumer.FileAccess$UnPrivileged (jdk.jfr@17.0.5)
2845:             1             16  jdk.jfr.internal.dcmd.AbstractDCmd$$Lambda$877/0x0000000800fec128 (jdk.jfr@17.0.5)
2846:             1             16  jdk.jfr.internal.dcmd.DCmdCheck$$Lambda$789/0x0000000800fd3890 (jdk.jfr@17.0.5)
2847:             1             16  jdk.jfr.internal.dcmd.DCmdDump$$Lambda$788/0x0000000800fd3678 (jdk.jfr@17.0.5)
2848:             1             16  jdk.jfr.internal.dcmd.DCmdStart$$Lambda$787/0x0000000800fd3460 (jdk.jfr@17.0.5)
2849:             1             16  jdk.jfr.internal.dcmd.DCmdStop$$Lambda$786/0x0000000800fd3248 (jdk.jfr@17.0.5)
2850:             1             16  jdk.jfr.internal.instrument.JDKEvents$$Lambda$851/0x0000000800ff37b8 (jdk.jfr@17.0.5)
2851:             1             16  jdk.jfr.internal.instrument.JDKEvents$$Lambda$852/0x0000000800ff39d0 (jdk.jfr@17.0.5)
2852:             1             16  jdk.jfr.internal.instrument.JDKEvents$$Lambda$853/0x0000000800ff3be8 (jdk.jfr@17.0.5)
2853:             1             16  jdk.jfr.internal.instrument.JDKEvents$$Lambda$854/0x0000000800ff3e00 (jdk.jfr@17.0.5)
2854:             1             16  jdk.jfr.internal.instrument.JDKEvents$$Lambda$855/0x0000000800ff4018 (jdk.jfr@17.0.5)
2855:             1             16  jdk.jfr.internal.instrument.JDKEvents$$Lambda$856/0x0000000800ff4230 (jdk.jfr@17.0.5)
2856:             1             16  jdk.jfr.internal.instrument.JDKEvents$$Lambda$857/0x0000000800ff4448 (jdk.jfr@17.0.5)
2857:             1             16  jdk.management.jfr.SettingDescriptorInfo$1 (jdk.management.jfr@17.0.5)
2858:             1             16  jdk.net.ExtendedSocketOptions$PlatformSocketOptions (jdk.net@17.0.5)
2859:             1             16  jdk.proxy1.$Proxy16 (jdk.proxy1)
2860:             1             16  jdk.proxy1.$Proxy96 (jdk.proxy1)
2861:             1             16  jdk.proxy2.$Proxy10 (jdk.proxy2)
2862:             1             16  jdk.proxy2.$Proxy12 (jdk.proxy2)
2863:             1             16  jdk.proxy2.$Proxy14 (jdk.proxy2)
2864:             1             16  jdk.proxy2.$Proxy22 (jdk.proxy2)
2865:             1             16  jdk.proxy2.$Proxy29 (jdk.proxy2)
2866:             1             16  jdk.proxy2.$Proxy39 (jdk.proxy2)
2867:             1             16  jdk.proxy2.$Proxy45 (jdk.proxy2)
2868:             1             16  jdk.proxy2.$Proxy50 (jdk.proxy2)
2869:             1             16  jdk.proxy2.$Proxy58 (jdk.proxy2)
2870:             1             16  jdk.proxy2.$Proxy59 (jdk.proxy2)
2871:             1             16  jdk.proxy2.$Proxy60 (jdk.proxy2)
2872:             1             16  jdk.proxy2.$Proxy66 (jdk.proxy2)
2873:             1             16  jdk.proxy2.$Proxy7 (jdk.proxy2)
2874:             1             16  jdk.proxy2.$Proxy72 (jdk.proxy2)
2875:             1             16  jdk.proxy2.$Proxy9 (jdk.proxy2)
2876:             1             16  jdk.xml.internal.SecuritySupport$$Lambda$193/0x0000000800cebbe0 (java.xml@17.0.5)
2877:             1             16  narif.poc.memoryleaks.controllers.StaticFieldsController
2878:             1             16  org.apache.catalina.connector.CoyoteAdapter
2879:             1             16  org.apache.catalina.connector.CoyoteAdapter$$Lambda$501/0x0000000800ee81f0
2880:             1             16  org.apache.catalina.connector.CoyoteInputStream
2881:             1             16  org.apache.catalina.connector.Request$1
2882:             1             16  org.apache.catalina.connector.Request$2
2883:             1             16  org.apache.catalina.connector.Request$3
2884:             1             16  org.apache.catalina.connector.Request$4
2885:             1             16  org.apache.catalina.connector.Request$5
2886:             1             16  org.apache.catalina.connector.Request$6
2887:             1             16  org.apache.catalina.connector.Request$7
2888:             1             16  org.apache.catalina.connector.Request$8
2889:             1             16  org.apache.catalina.connector.Request$9
2890:             1             16  org.apache.catalina.connector.RequestFacade
2891:             1             16  org.apache.catalina.connector.ResponseFacade
2892:             1             16  org.apache.catalina.core.ContainerBase$ContainerBackgroundProcessor
2893:             1             16  org.apache.catalina.core.ContainerBase$ContainerBackgroundProcessorMonitor
2894:             1             16  org.apache.catalina.core.StandardContext$1
2895:             1             16  org.apache.catalina.core.StandardContext$NoPluggabilityServletContext
2896:             1             16  org.apache.catalina.core.StandardHost$MemoryLeakTrackingListener
2897:             1             16  org.apache.catalina.core.StandardServer$$Lambda$629/0x0000000800f2d390
2898:             1             16  org.apache.catalina.core.StandardServer$$Lambda$630/0x0000000800f2d5b0
2899:             1             16  org.apache.catalina.realm.X509SubjectDnRetriever
2900:             1             16  org.apache.catalina.startup.Tomcat$FixContextListener
2901:             1             16  org.apache.catalina.util.CharsetMapper
2902:             1             16  org.apache.commons.logging.impl.NoOpLog
2903:             1             16  org.apache.coyote.AbstractProtocol$$Lambda$764/0x0000000800f9f4e8
2904:             1             16  org.apache.coyote.AbstractProtocol$$Lambda$766/0x0000000800f9f708
2905:             1             16  org.apache.juli.logging.LogFactory
2906:             1             16  org.apache.tomcat.util.buf.CharsetCache
2907:             1             16  org.apache.tomcat.util.buf.MessageBytes$MessageBytesFactory
2908:             1             16  org.apache.tomcat.util.compat.Jre16Compat
2909:             1             16  org.apache.tomcat.util.http.CookieProcessorBase$$Lambda$503/0x0000000800eec8b8
2910:             1             16  org.apache.tomcat.util.http.Rfc6265CookieProcessor
2911:             1             16  org.apache.tomcat.util.http.parser.MediaTypeCache
2912:             1             16  org.apache.tomcat.util.modeler.NoDescriptorRegistry$NoJmxMBeanServer
2913:             1             16  org.apache.tomcat.util.net.SocketWrapperBase$1
2914:             1             16  org.apache.tomcat.util.net.SocketWrapperBase$2
2915:             1             16  org.apache.tomcat.util.net.SocketWrapperBase$3
2916:             1             16  org.apache.tomcat.util.threads.ScheduledThreadPoolExecutor
2917:             1             16  org.apache.tomcat.util.threads.ThreadPoolExecutor$RejectPolicy
2918:             1             16  org.apache.tomcat.websocket.server.WsContextListener
2919:             1             16  org.apache.tomcat.websocket.server.WsSci
2920:             1             16  org.apache.tomcat.websocket.server.WsSessionListener
2921:             1             16  org.apache.tomcat.websocket.server.WsWriteTimeout$EndpointComparator
2922:             1             16  org.slf4j.helpers.NOPLoggerFactory
2923:             1             16  org.slf4j.impl.StaticMDCBinder
2924:             1             16  org.springframework.aop.framework.adapter.AfterReturningAdviceAdapter
2925:             1             16  org.springframework.aop.framework.adapter.DefaultAdvisorAdapterRegistry
2926:             1             16  org.springframework.aop.framework.adapter.MethodBeforeAdviceAdapter
2927:             1             16  org.springframework.aop.framework.adapter.ThrowsAdviceAdapter
2928:             1             16  org.springframework.beans.ExtendedBeanInfoFactory
2929:             1             16  org.springframework.beans.factory.BeanFactoryUtils$$Lambda$230/0x0000000800d69508
2930:             1             16  org.springframework.beans.factory.annotation.AutowiredAnnotationBeanPostProcessor$$Lambda$634/0x0000000800f330c0
2931:             1             16  org.springframework.beans.factory.config.AutowiredPropertyMarker
2932:             1             16  org.springframework.beans.factory.parsing.FailFastProblemReporter
2933:             1             16  org.springframework.beans.factory.parsing.PassThroughSourceExtractor
2934:             1             16  org.springframework.beans.factory.support.AbstractAutowireCapableBeanFactory$$Lambda$317/0x0000000800de97d8
2935:             1             16  org.springframework.beans.factory.support.AutowireUtils$$Lambda$348/0x0000000800e975e0
2936:             1             16  org.springframework.beans.factory.support.CglibSubclassingInstantiationStrategy
2937:             1             16  org.springframework.beans.factory.support.DefaultBeanNameGenerator
2938:             1             16  org.springframework.beans.factory.support.DefaultListableBeanFactory$$Lambda$354/0x0000000800e9a738
2939:             1             16  org.springframework.beans.factory.support.DefaultListableBeanFactory$$Lambda$615/0x0000000800f1e878
2940:             1             16  org.springframework.beans.factory.support.DefaultSingletonBeanRegistry$$Lambda$234/0x0000000800d7ce28
2941:             1             16  org.springframework.beans.factory.support.DefaultSingletonBeanRegistry$$Lambda$235/0x0000000800d7d060
2942:             1             16  org.springframework.beans.factory.support.SimpleAutowireCandidateResolver
2943:             1             16  org.springframework.boot.ApplicationContextFactory$$Lambda$13/0x0000000800c16c98
2944:             1             16  org.springframework.boot.ClearCachesApplicationListener
2945:             1             16  org.springframework.boot.SpringApplicationShutdownHook$ApplicationContextClosedListener
2946:             1             16  org.springframework.boot.SpringBootBanner
2947:             1             16  org.springframework.boot.StartupInfoLogger$$Lambda$205/0x0000000800d320e0
2948:             1             16  org.springframework.boot.StartupInfoLogger$$Lambda$206/0x0000000800d322f8
2949:             1             16  org.springframework.boot.StartupInfoLogger$$Lambda$207/0x0000000800d32510
2950:             1             16  org.springframework.boot.StartupInfoLogger$$Lambda$208/0x0000000800d32fb8
2951:             1             16  org.springframework.boot.StartupInfoLogger$$Lambda$209/0x0000000800d337a8
2952:             1             16  org.springframework.boot.actuate.autoconfigure.availability.AvailabilityHealthContributorAutoConfiguration
2953:             1             16  org.springframework.boot.actuate.autoconfigure.availability.AvailabilityProbesAutoConfiguration$ProbesCondition
2954:             1             16  org.springframework.boot.actuate.autoconfigure.endpoint.EndpointAutoConfiguration
2955:             1             16  org.springframework.boot.actuate.autoconfigure.endpoint.EndpointIdTimeToLivePropertyFunction
2956:             1             16  org.springframework.boot.actuate.autoconfigure.endpoint.EndpointIdTimeToLivePropertyFunction$$Lambda$724/0x0000000800f8d120
2957:             1             16  org.springframework.boot.actuate.autoconfigure.endpoint.expose.IncludeExcludeEndpointFilter$$Lambda$310/0x0000000800dda000
2958:             1             16  org.springframework.boot.actuate.autoconfigure.endpoint.web.MappingWebEndpointPathMapper
2959:             1             16  org.springframework.boot.actuate.autoconfigure.endpoint.web.ServletEndpointManagementContextConfiguration
2960:             1             16  org.springframework.boot.actuate.autoconfigure.endpoint.web.ServletEndpointManagementContextConfiguration$WebMvcServletEndpointManagementContextConfiguration
2961:             1             16  org.springframework.boot.actuate.autoconfigure.endpoint.web.WebEndpointAutoConfiguration$$Lambda$739/0x0000000800f930b0
2962:             1             16  org.springframework.boot.actuate.autoconfigure.endpoint.web.WebEndpointAutoConfiguration$WebEndpointServletConfiguration
2963:             1             16  org.springframework.boot.actuate.autoconfigure.endpoint.web.WebEndpointProperties$Discovery
2964:             1             16  org.springframework.boot.actuate.autoconfigure.endpoint.web.servlet.WebMvcEndpointManagementContextConfiguration
2965:             1             16  org.springframework.boot.actuate.autoconfigure.health.AutoConfiguredHealthEndpointGroups$$Lambda$707/0x0000000800f86460
2966:             1             16  org.springframework.boot.actuate.autoconfigure.health.HealthContributorAutoConfiguration
2967:             1             16  org.springframework.boot.actuate.autoconfigure.health.HealthEndpointAutoConfiguration
2968:             1             16  org.springframework.boot.actuate.autoconfigure.health.HealthEndpointConfiguration
2969:             1             16  org.springframework.boot.actuate.autoconfigure.health.HealthEndpointConfiguration$HealthEndpointGroupsBeanPostProcessor
2970:             1             16  org.springframework.boot.actuate.autoconfigure.health.HealthEndpointConfiguration$HealthEndpointGroupsBeanPostProcessor$$Lambda$710/0x0000000800f871b0
2971:             1             16  org.springframework.boot.actuate.autoconfigure.health.HealthEndpointWebExtensionConfiguration
2972:             1             16  org.springframework.boot.actuate.autoconfigure.health.HealthEndpointWebExtensionConfiguration$$Lambda$735/0x0000000800f90480
2973:             1             16  org.springframework.boot.actuate.autoconfigure.health.HealthEndpointWebExtensionConfiguration$MvcAdditionalHealthEndpointPathsConfiguration
2974:             1             16  org.springframework.boot.actuate.autoconfigure.info.InfoContributorAutoConfiguration
2975:             1             16  org.springframework.boot.actuate.autoconfigure.info.InfoContributorProperties
2976:             1             16  org.springframework.boot.actuate.autoconfigure.info.InfoContributorProperties$Git
2977:             1             16  org.springframework.boot.actuate.autoconfigure.metrics.CompositeMeterRegistryAutoConfiguration
2978:             1             16  org.springframework.boot.actuate.autoconfigure.metrics.JvmMetricsAutoConfiguration
2979:             1             16  org.springframework.boot.actuate.autoconfigure.metrics.LogbackMetricsAutoConfiguration
2980:             1             16  org.springframework.boot.actuate.autoconfigure.metrics.LogbackMetricsAutoConfiguration$LogbackLoggingCondition
2981:             1             16  org.springframework.boot.actuate.autoconfigure.metrics.MetricsAutoConfiguration
2982:             1             16  org.springframework.boot.actuate.autoconfigure.metrics.MetricsProperties$Data
2983:             1             16  org.springframework.boot.actuate.autoconfigure.metrics.MetricsProperties$System
2984:             1             16  org.springframework.boot.actuate.autoconfigure.metrics.MetricsProperties$System$Diskspace
2985:             1             16  org.springframework.boot.actuate.autoconfigure.metrics.PropertiesMeterFilter$1
2986:             1             16  org.springframework.boot.actuate.autoconfigure.metrics.SystemMetricsAutoConfiguration
2987:             1             16  org.springframework.boot.actuate.autoconfigure.metrics.export.simple.SimpleMetricsExportAutoConfiguration
2988:             1             16  org.springframework.boot.actuate.autoconfigure.metrics.export.simple.SimplePropertiesConfigAdapter
2989:             1             16  org.springframework.boot.actuate.autoconfigure.metrics.export.simple.SimplePropertiesConfigAdapter$$Lambda$534/0x0000000800f00240
2990:             1             16  org.springframework.boot.actuate.autoconfigure.metrics.export.simple.SimplePropertiesConfigAdapter$$Lambda$536/0x0000000800f009e0
2991:             1             16  org.springframework.boot.actuate.autoconfigure.metrics.integration.IntegrationMetricsAutoConfiguration
2992:             1             16  org.springframework.boot.actuate.autoconfigure.metrics.startup.StartupTimeMetricsListenerAutoConfiguration
2993:             1             16  org.springframework.boot.actuate.autoconfigure.metrics.task.TaskExecutorMetricsAutoConfiguration
2994:             1             16  org.springframework.boot.actuate.autoconfigure.metrics.web.client.HttpClientMetricsAutoConfiguration
2995:             1             16  org.springframework.boot.actuate.autoconfigure.metrics.web.client.HttpClientMetricsAutoConfiguration$$Lambda$546/0x0000000800f04410
2996:             1             16  org.springframework.boot.actuate.autoconfigure.metrics.web.client.RestTemplateMetricsConfiguration
2997:             1             16  org.springframework.boot.actuate.autoconfigure.metrics.web.servlet.WebMvcMetricsAutoConfiguration
2998:             1             16  org.springframework.boot.actuate.autoconfigure.metrics.web.servlet.WebMvcMetricsAutoConfiguration$$Lambda$547/0x0000000800f04878
2999:             1             16  org.springframework.boot.actuate.autoconfigure.metrics.web.tomcat.TomcatMetricsAutoConfiguration
3000:             1             16  org.springframework.boot.actuate.autoconfigure.startup.StartupEndpointAutoConfiguration$ApplicationStartupCondition
3001:             1             16  org.springframework.boot.actuate.autoconfigure.system.DiskSpaceHealthContributorAutoConfiguration
3002:             1             16  org.springframework.boot.actuate.autoconfigure.web.server.$Proxy61
3003:             1             16  org.springframework.boot.actuate.autoconfigure.web.server.ManagementContextAutoConfiguration
3004:             1             16  org.springframework.boot.actuate.autoconfigure.web.server.ManagementContextAutoConfiguration$SameManagementContextConfiguration
3005:             1             16  org.springframework.boot.actuate.autoconfigure.web.server.ManagementContextAutoConfiguration$SameManagementContextConfiguration$EnableSameManagementContextConfiguration
3006:             1             16  org.springframework.boot.actuate.autoconfigure.web.servlet.ServletManagementContextAutoConfiguration
3007:             1             16  org.springframework.boot.actuate.autoconfigure.web.servlet.ServletManagementContextAutoConfiguration$$Lambda$705/0x0000000800f82ac8
3008:             1             16  org.springframework.boot.actuate.autoconfigure.web.servlet.ServletManagementContextFactory
3009:             1             16  org.springframework.boot.actuate.endpoint.annotation.DiscoveredOperationsFactory$$Lambda$721/0x0000000800f8c580
3010:             1             16  org.springframework.boot.actuate.endpoint.annotation.EndpointDiscoverer$$Lambda$619/0x0000000800f248b0
3011:             1             16  org.springframework.boot.actuate.endpoint.annotation.EndpointDiscoverer$$Lambda$730/0x0000000800f8f838
3012:             1             16  org.springframework.boot.actuate.endpoint.annotation.EndpointDiscoverer$$Lambda$731/0x0000000800f8fa80
3013:             1             16  org.springframework.boot.actuate.endpoint.annotation.EndpointDiscoverer$$Lambda$733/0x0000000800f90000
3014:             1             16  org.springframework.boot.actuate.endpoint.annotation.EndpointDiscoverer$$Lambda$734/0x0000000800f90248
3015:             1             16  org.springframework.boot.actuate.endpoint.invoke.ParameterValueMapper$$Lambda$614/0x0000000800f1ac20
3016:             1             16  org.springframework.boot.actuate.endpoint.invoke.convert.ConversionServiceParameterValueMapper
3017:             1             16  org.springframework.boot.actuate.endpoint.invoker.cache.CachingOperationInvokerAdvisor
3018:             1             16  org.springframework.boot.actuate.endpoint.web.EndpointLinksResolver
3019:             1             16  org.springframework.boot.actuate.endpoint.web.annotation.RequestPredicateFactory
3020:             1             16  org.springframework.boot.actuate.endpoint.web.annotation.RequestPredicateFactory$$Lambda$726/0x0000000800f8d5a8
3021:             1             16  org.springframework.boot.actuate.endpoint.web.servlet.WebMvcEndpointHandlerMapping$WebMvcLinksHandler
3022:             1             16  org.springframework.boot.actuate.health.HealthContributorNameFactory
3023:             1             16  org.springframework.boot.actuate.health.SimpleHttpCodeStatusMapper
3024:             1             16  org.springframework.boot.actuate.health.SimpleStatusAggregator$$Lambda$706/0x0000000800f835b8
3025:             1             16  org.springframework.boot.actuate.metrics.AutoTimer$$Lambda$525/0x0000000800efd640
3026:             1             16  org.springframework.boot.actuate.metrics.AutoTimer$1
3027:             1             16  org.springframework.boot.actuate.metrics.web.client.DefaultRestTemplateExchangeTagsProvider
3028:             1             16  org.springframework.boot.actuate.metrics.web.client.MetricsRestTemplateCustomizer
3029:             1             16  org.springframework.boot.actuate.metrics.web.servlet.LongTaskTimingHandlerInterceptor$$Lambda$811/0x0000000801005fc0
3030:             1             16  org.springframework.boot.autoconfigure.AutoConfigurationImportSelector$$Lambda$283/0x0000000800dba8d0
3031:             1             16  org.springframework.boot.autoconfigure.AutoConfigurationImportSelector$AutoConfigurationGroup$$Lambda$288/0x0000000800dcd2b8
3032:             1             16  org.springframework.boot.autoconfigure.AutoConfigurationImportSelector$AutoConfigurationGroup$$Lambda$289/0x0000000800dcd4f0
3033:             1             16  org.springframework.boot.autoconfigure.AutoConfigurationImportSelector$AutoConfigurationGroup$$Lambda$290/0x0000000800dcd728
3034:             1             16  org.springframework.boot.autoconfigure.AutoConfigurationImportSelector$AutoConfigurationGroup$$Lambda$291/0x0000000800dcd960
3035:             1             16  org.springframework.boot.autoconfigure.AutoConfigurationImportSelector$AutoConfigurationGroup$$Lambda$292/0x0000000800dcdb98
3036:             1             16  org.springframework.boot.autoconfigure.AutoConfigurationPackages$BasePackagesBeanDefinition$$Lambda$316/0x0000000800deae08
3037:             1             16  org.springframework.boot.autoconfigure.BackgroundPreinitializer
3038:             1             16  org.springframework.boot.autoconfigure.SharedMetadataReaderFactoryContextInitializer$CachingMetadataReaderFactoryPostProcessor
3039:             1             16  org.springframework.boot.autoconfigure.SharedMetadataReaderFactoryContextInitializer$CachingMetadataReaderFactoryPostProcessor$$Lambda$227/0x0000000800d63cb8
3040:             1             16  org.springframework.boot.autoconfigure.SharedMetadataReaderFactoryContextInitializer$SharedMetadataReaderFactoryBean
3041:             1             16  org.springframework.boot.autoconfigure.aop.AopAutoConfiguration
3042:             1             16  org.springframework.boot.autoconfigure.aop.AopAutoConfiguration$ClassProxyingConfiguration
3043:             1             16  org.springframework.boot.autoconfigure.aop.AopAutoConfiguration$ClassProxyingConfiguration$$Lambda$339/0x0000000800e86ba8
3044:             1             16  org.springframework.boot.autoconfigure.availability.ApplicationAvailabilityAutoConfiguration
3045:             1             16  org.springframework.boot.autoconfigure.condition.ConditionEvaluationReport$AncestorsMatchedCondition
3046:             1             16  org.springframework.boot.autoconfigure.condition.OnBeanCondition$Spec$$Lambda$315/0x0000000800defcf0
3047:             1             16  org.springframework.boot.autoconfigure.condition.OnCloudPlatformCondition
3048:             1             16  org.springframework.boot.autoconfigure.condition.OnResourceCondition
3049:             1             16  org.springframework.boot.autoconfigure.context.ConfigurationPropertiesAutoConfiguration
3050:             1             16  org.springframework.boot.autoconfigure.context.LifecycleAutoConfiguration
3051:             1             16  org.springframework.boot.autoconfigure.context.LifecycleProperties
3052:             1             16  org.springframework.boot.autoconfigure.context.MessageSourceAutoConfiguration$ResourceBundleCondition
3053:             1             16  org.springframework.boot.autoconfigure.context.PropertyPlaceholderAutoConfiguration
3054:             1             16  org.springframework.boot.autoconfigure.http.HttpMessageConverters
3055:             1             16  org.springframework.boot.autoconfigure.http.HttpMessageConvertersAutoConfiguration
3056:             1             16  org.springframework.boot.autoconfigure.http.HttpMessageConvertersAutoConfiguration$StringHttpMessageConverterConfiguration
3057:             1             16  org.springframework.boot.autoconfigure.http.JacksonHttpMessageConvertersConfiguration
3058:             1             16  org.springframework.boot.autoconfigure.http.JacksonHttpMessageConvertersConfiguration$MappingJackson2HttpMessageConverterConfiguration
3059:             1             16  org.springframework.boot.autoconfigure.info.ProjectInfoAutoConfiguration
3060:             1             16  org.springframework.boot.autoconfigure.info.ProjectInfoAutoConfiguration$GitResourceAvailableCondition
3061:             1             16  org.springframework.boot.autoconfigure.jackson.JacksonAutoConfiguration
3062:             1             16  org.springframework.boot.autoconfigure.jackson.JacksonAutoConfiguration$Jackson2ObjectMapperBuilderCustomizerConfiguration
3063:             1             16  org.springframework.boot.autoconfigure.jackson.JacksonAutoConfiguration$JacksonObjectMapperBuilderConfiguration
3064:             1             16  org.springframework.boot.autoconfigure.jackson.JacksonAutoConfiguration$JacksonObjectMapperConfiguration
3065:             1             16  org.springframework.boot.autoconfigure.jackson.JacksonAutoConfiguration$ParameterNamesModuleConfiguration
3066:             1             16  org.springframework.boot.autoconfigure.logging.ConditionEvaluationReportLoggingListener$ConditionEvaluationReportListener
3067:             1             16  org.springframework.boot.autoconfigure.mustache.MustacheTemplateAvailabilityProvider
3068:             1             16  org.springframework.boot.autoconfigure.sql.init.SqlInitializationAutoConfiguration
3069:             1             16  org.springframework.boot.autoconfigure.task.ScheduledBeanLazyInitializationExcludeFilter
3070:             1             16  org.springframework.boot.autoconfigure.task.TaskExecutionAutoConfiguration
3071:             1             16  org.springframework.boot.autoconfigure.task.TaskSchedulingAutoConfiguration
3072:             1             16  org.springframework.boot.autoconfigure.task.TaskSchedulingProperties$Pool
3073:             1             16  org.springframework.boot.autoconfigure.template.TemplateAvailabilityProviders$NoTemplateAvailabilityProvider
3074:             1             16  org.springframework.boot.autoconfigure.thymeleaf.ThymeleafTemplateAvailabilityProvider
3075:             1             16  org.springframework.boot.autoconfigure.web.ErrorProperties$Whitelabel
3076:             1             16  org.springframework.boot.autoconfigure.web.OnEnabledResourceChainCondition
3077:             1             16  org.springframework.boot.autoconfigure.web.ServerProperties$Reactive
3078:             1             16  org.springframework.boot.autoconfigure.web.ServerProperties$Tomcat$Mbeanregistry
3079:             1             16  org.springframework.boot.autoconfigure.web.client.RestTemplateAutoConfiguration
3080:             1             16  org.springframework.boot.autoconfigure.web.embedded.EmbeddedWebServerFactoryCustomizerAutoConfiguration
3081:             1             16  org.springframework.boot.autoconfigure.web.embedded.EmbeddedWebServerFactoryCustomizerAutoConfiguration$TomcatWebServerFactoryCustomizerConfiguration
3082:             1             16  org.springframework.boot.autoconfigure.web.embedded.TomcatWebServerFactoryCustomizer$$Lambda$415/0x0000000800eb5220
3083:             1             16  org.springframework.boot.autoconfigure.web.embedded.TomcatWebServerFactoryCustomizer$$Lambda$419/0x0000000800eb5ae8
3084:             1             16  org.springframework.boot.autoconfigure.web.embedded.TomcatWebServerFactoryCustomizer$$Lambda$424/0x0000000800ebc480
3085:             1             16  org.springframework.boot.autoconfigure.web.embedded.TomcatWebServerFactoryCustomizer$$Lambda$428/0x0000000800ebcd38
3086:             1             16  org.springframework.boot.autoconfigure.web.embedded.TomcatWebServerFactoryCustomizer$$Lambda$429/0x0000000800ebcf50
3087:             1             16  org.springframework.boot.autoconfigure.web.embedded.TomcatWebServerFactoryCustomizer$$Lambda$433/0x0000000800ebd840
3088:             1             16  org.springframework.boot.autoconfigure.web.embedded.TomcatWebServerFactoryCustomizer$$Lambda$435/0x0000000800ebdc78
3089:             1             16  org.springframework.boot.autoconfigure.web.embedded.TomcatWebServerFactoryCustomizer$$Lambda$437/0x0000000800ebe0e0
3090:             1             16  org.springframework.boot.autoconfigure.web.embedded.TomcatWebServerFactoryCustomizer$$Lambda$439/0x0000000800ebe518
3091:             1             16  org.springframework.boot.autoconfigure.web.embedded.TomcatWebServerFactoryCustomizer$$Lambda$440/0x0000000800ebe750
3092:             1             16  org.springframework.boot.autoconfigure.web.embedded.TomcatWebServerFactoryCustomizer$$Lambda$442/0x0000000800ebebc8
3093:             1             16  org.springframework.boot.autoconfigure.web.embedded.TomcatWebServerFactoryCustomizer$$Lambda$444/0x0000000800ebf000
3094:             1             16  org.springframework.boot.autoconfigure.web.embedded.TomcatWebServerFactoryCustomizer$$Lambda$453/0x0000000800eba480
3095:             1             16  org.springframework.boot.autoconfigure.web.embedded.TomcatWebServerFactoryCustomizer$$Lambda$457/0x0000000800ebad38
3096:             1             16  org.springframework.boot.autoconfigure.web.embedded.TomcatWebServerFactoryCustomizer$$Lambda$460/0x0000000800ebb3a0
3097:             1             16  org.springframework.boot.autoconfigure.web.embedded.TomcatWebServerFactoryCustomizer$$Lambda$465/0x0000000800eb9000
3098:             1             16  org.springframework.boot.autoconfigure.web.embedded.TomcatWebServerFactoryCustomizer$$Lambda$470/0x0000000800eb9af0
3099:             1             16  org.springframework.boot.autoconfigure.web.embedded.TomcatWebServerFactoryCustomizer$$Lambda$480/0x0000000800ec0000
3100:             1             16  org.springframework.boot.autoconfigure.web.embedded.TomcatWebServerFactoryCustomizer$$Lambda$481/0x0000000800ec0218
3101:             1             16  org.springframework.boot.autoconfigure.web.embedded.TomcatWebServerFactoryCustomizer$$Lambda$482/0x0000000800ec0438
3102:             1             16  org.springframework.boot.autoconfigure.web.servlet.DispatcherServletAutoConfiguration
3103:             1             16  org.springframework.boot.autoconfigure.web.servlet.DispatcherServletAutoConfiguration$DefaultDispatcherServletCondition
3104:             1             16  org.springframework.boot.autoconfigure.web.servlet.DispatcherServletAutoConfiguration$DispatcherServletConfiguration
3105:             1             16  org.springframework.boot.autoconfigure.web.servlet.DispatcherServletAutoConfiguration$DispatcherServletRegistrationCondition
3106:             1             16  org.springframework.boot.autoconfigure.web.servlet.DispatcherServletAutoConfiguration$DispatcherServletRegistrationConfiguration
3107:             1             16  org.springframework.boot.autoconfigure.web.servlet.HttpEncodingAutoConfiguration
3108:             1             16  org.springframework.boot.autoconfigure.web.servlet.HttpEncodingAutoConfiguration$LocaleCharsetMappingsCustomizer
3109:             1             16  org.springframework.boot.autoconfigure.web.servlet.JspTemplateAvailabilityProvider
3110:             1             16  org.springframework.boot.autoconfigure.web.servlet.MultipartAutoConfiguration
3111:             1             16  org.springframework.boot.autoconfigure.web.servlet.ServletWebServerFactoryAutoConfiguration
3112:             1             16  org.springframework.boot.autoconfigure.web.servlet.ServletWebServerFactoryAutoConfiguration$BeanPostProcessorsRegistrar$$Lambda$326/0x0000000800df6450
3113:             1             16  org.springframework.boot.autoconfigure.web.servlet.ServletWebServerFactoryAutoConfiguration$BeanPostProcessorsRegistrar$$Lambda$327/0x0000000800df5b68
3114:             1             16  org.springframework.boot.autoconfigure.web.servlet.ServletWebServerFactoryConfiguration$EmbeddedTomcat
3115:             1             16  org.springframework.boot.autoconfigure.web.servlet.TomcatServletWebServerFactoryCustomizer
3116:             1             16  org.springframework.boot.autoconfigure.web.servlet.TomcatServletWebServerFactoryCustomizer$$Lambda$410/0x0000000800eb7590
3117:             1             16  org.springframework.boot.autoconfigure.web.servlet.TomcatServletWebServerFactoryCustomizer$$Lambda$411/0x0000000800eb77a8
3118:             1             16  org.springframework.boot.autoconfigure.web.servlet.WebMvcAutoConfiguration
3119:             1             16  org.springframework.boot.autoconfigure.web.servlet.WebMvcAutoConfiguration$WebMvcAutoConfigurationAdapter$$Lambda$663/0x0000000800f590c8
3120:             1             16  org.springframework.boot.autoconfigure.web.servlet.WebMvcProperties$Async
3121:             1             16  org.springframework.boot.autoconfigure.web.servlet.error.ErrorMvcAutoConfiguration
3122:             1             16  org.springframework.boot.autoconfigure.web.servlet.error.ErrorMvcAutoConfiguration$ErrorTemplateMissingCondition
3123:             1             16  org.springframework.boot.autoconfigure.web.servlet.error.ErrorMvcAutoConfiguration$PreserveErrorControllerTargetClassPostProcessor
3124:             1             16  org.springframework.boot.autoconfigure.web.servlet.error.ErrorMvcAutoConfiguration$StaticView
3125:             1             16  org.springframework.boot.autoconfigure.web.servlet.error.ErrorMvcAutoConfiguration$WhitelabelErrorViewConfiguration
3126:             1             16  org.springframework.boot.autoconfigure.websocket.servlet.TomcatWebSocketServletWebServerCustomizer
3127:             1             16  org.springframework.boot.autoconfigure.websocket.servlet.TomcatWebSocketServletWebServerCustomizer$$Lambda$380/0x0000000800eb0680
3128:             1             16  org.springframework.boot.autoconfigure.websocket.servlet.WebSocketServletAutoConfiguration
3129:             1             16  org.springframework.boot.autoconfigure.websocket.servlet.WebSocketServletAutoConfiguration$TomcatWebSocketConfiguration
3130:             1             16  org.springframework.boot.context.ConfigurationWarningsApplicationContextInitializer$ComponentScanPackageCheck
3131:             1             16  org.springframework.boot.context.ConfigurationWarningsApplicationContextInitializer$ConfigurationWarningsPostProcessor
3132:             1             16  org.springframework.boot.context.FileEncodingApplicationListener
3133:             1             16  org.springframework.boot.context.config.AnsiOutputApplicationListener
3134:             1             16  org.springframework.boot.context.config.AnsiOutputApplicationListener$$Lambda$158/0x0000000800cc78e0
3135:             1             16  org.springframework.boot.context.config.ConfigDataEnvironment$$Lambda$146/0x0000000800cc46d8
3136:             1             16  org.springframework.boot.context.config.ConfigDataEnvironmentContributor$$Lambda$156/0x0000000800cc7028
3137:             1             16  org.springframework.boot.context.config.ConfigDataEnvironmentContributors$$Lambda$117/0x0000000800cb7230
3138:             1             16  org.springframework.boot.context.config.ConfigDataEnvironmentContributors$$Lambda$143/0x0000000800cc4250
3139:             1             16  org.springframework.boot.context.config.ConfigDataEnvironmentUpdateListener$1
3140:             1             16  org.springframework.boot.context.config.LocationResourceLoader$$Lambda$97/0x0000000800caf518
3141:             1             16  org.springframework.boot.context.config.LocationResourceLoader$$Lambda$99/0x0000000800caf750
3142:             1             16  org.springframework.boot.context.config.Profiles$$Lambda$150/0x0000000800cc5ee8
3143:             1             16  org.springframework.boot.context.config.Profiles$Type$$Lambda$151/0x0000000800cc6348
3144:             1             16  org.springframework.boot.context.config.Profiles$Type$$Lambda$152/0x0000000800cc6580
3145:             1             16  org.springframework.boot.context.config.StandardConfigDataLocationResolver$$Lambda$127/0x0000000800cba300
3146:             1             16  org.springframework.boot.context.config.StandardConfigDataLocationResolver$$Lambda$129/0x0000000800cba788
3147:             1             16  org.springframework.boot.context.config.UseLegacyConfigProcessingException$UseLegacyProcessingBindHandler
3148:             1             16  org.springframework.boot.context.logging.LoggingApplicationListener$$Lambda$173/0x0000000800cdb068
3149:             1             16  org.springframework.boot.context.properties.BoundConfigurationProperties
3150:             1             16  org.springframework.boot.context.properties.BoundConfigurationProperties$$Lambda$320/0x0000000800df2568
3151:             1             16  org.springframework.boot.context.properties.ConfigurationPropertiesBindConstructorProvider
3152:             1             16  org.springframework.boot.context.properties.ConfigurationPropertiesBinder$$Lambda$319/0x0000000800df2128
3153:             1             16  org.springframework.boot.context.properties.ConfigurationPropertiesBinder$$Lambda$365/0x0000000800ea9230
3154:             1             16  org.springframework.boot.context.properties.ConfigurationPropertiesBinder$Factory
3155:             1             16  org.springframework.boot.context.properties.EnableConfigurationPropertiesRegistrar$$Lambda$321/0x0000000800df2978
3156:             1             16  org.springframework.boot.context.properties.EnableConfigurationPropertiesRegistrar$$Lambda$322/0x0000000800df2d98
3157:             1             16  org.springframework.boot.context.properties.EnableConfigurationPropertiesRegistrar$$Lambda$323/0x0000000800df2fd0
3158:             1             16  org.springframework.boot.context.properties.PropertyMapper$$Lambda$381/0x0000000800eb0ca8
3159:             1             16  org.springframework.boot.context.properties.PropertyMapper$Source$$Lambda$384/0x0000000800eb1b88
3160:             1             16  org.springframework.boot.context.properties.PropertyMapper$Source$$Lambda$430/0x0000000800ebd188
3161:             1             16  org.springframework.boot.context.properties.PropertyMapper$Source$$Lambda$468/0x0000000800eb9678
3162:             1             16  org.springframework.boot.context.properties.bind.ArrayBinder$$Lambda$107/0x0000000800cac800
3163:             1             16  org.springframework.boot.context.properties.bind.BindHandler$1
3164:             1             16  org.springframework.boot.context.properties.bind.BindResult
3165:             1             16  org.springframework.boot.context.properties.bind.DefaultBindConstructorProvider
3166:             1             16  org.springframework.boot.context.properties.bind.JavaBeanBinder
3167:             1             16  org.springframework.boot.context.properties.bind.JavaBeanBinder$Bean$$Lambda$366/0x0000000800ea9460
3168:             1             16  org.springframework.boot.context.properties.bind.JavaBeanBinder$Bean$$Lambda$367/0x0000000800ea9698
3169:             1             16  org.springframework.boot.context.properties.bind.JavaBeanBinder$Bean$$Lambda$368/0x0000000800ea98d0
3170:             1             16  org.springframework.boot.context.properties.bind.JavaBeanBinder$Bean$$Lambda$369/0x0000000800ea9b08
3171:             1             16  org.springframework.boot.context.properties.bind.JavaBeanBinder$Bean$$Lambda$370/0x0000000800ea9f90
3172:             1             16  org.springframework.boot.context.properties.bind.JavaBeanBinder$Bean$$Lambda$371/0x0000000800eaa1b8
3173:             1             16  org.springframework.boot.context.properties.bind.JavaBeanBinder$Bean$$Lambda$373/0x0000000800eaa820
3174:             1             16  org.springframework.boot.context.properties.bind.ValueObjectBinder
3175:             1             16  org.springframework.boot.context.properties.source.ConfigurationPropertyName$$Lambda$92/0x0000000800ca2a98
3176:             1             16  org.springframework.boot.context.properties.source.PropertyMapper$$Lambda$81/0x0000000800c9b918
3177:             1             16  org.springframework.boot.context.properties.source.SpringIterableConfigurationPropertySource$$Lambda$109/0x0000000800cb0350
3178:             1             16  org.springframework.boot.context.properties.source.SpringIterableConfigurationPropertySource$Mappings$$Lambda$85/0x0000000800ca0668
3179:             1             16  org.springframework.boot.context.properties.source.SystemEnvironmentPropertyMapper
3180:             1             16  org.springframework.boot.context.properties.source.SystemEnvironmentPropertyMapper$$Lambda$89/0x0000000800ca1160
3181:             1             16  org.springframework.boot.env.EnvironmentPostProcessorApplicationListener$$Lambda$34/0x0000000800c2e190
3182:             1             16  org.springframework.boot.env.SpringApplicationJsonEnvironmentPostProcessor$$Lambda$78/0x0000000800c9a000
3183:             1             16  org.springframework.boot.env.SpringApplicationJsonEnvironmentPostProcessor$$Lambda$79/0x0000000800c9a238
3184:             1             16  org.springframework.boot.logging.DeferredLog$Lines
3185:             1             16  org.springframework.boot.logging.DelegatingLoggingSystemFactory
3186:             1             16  org.springframework.boot.logging.LoggerConfigurationComparator
3187:             1             16  org.springframework.boot.logging.LoggerGroups
3188:             1             16  org.springframework.boot.logging.LoggingSystemFactory$$Lambda$46/0x0000000800c38420
3189:             1             16  org.springframework.boot.logging.LoggingSystemProperties$$Lambda$159/0x0000000800cc2638
3190:             1             16  org.springframework.boot.logging.logback.LogbackLoggingSystem
3191:             1             16  org.springframework.boot.logging.logback.LogbackLoggingSystem$$Lambda$175/0x0000000800cdb4b0
3192:             1             16  org.springframework.boot.rsocket.context.RSocketPortInfoApplicationContextInitializer$Listener
3193:             1             16  org.springframework.boot.sql.init.dependency.BeansOfTypeDetector$$Lambda$337/0x0000000800e85be8
3194:             1             16  org.springframework.boot.sql.init.dependency.DatabaseInitializationDependencyConfigurer
3195:             1             16  org.springframework.boot.sql.init.dependency.DatabaseInitializationDependencyConfigurer$$Lambda$330/0x0000000800e20cf0
3196:             1             16  org.springframework.boot.sql.init.dependency.DatabaseInitializationDependencyConfigurer$DependsOnDatabaseInitializationPostProcessor
3197:             1             16  org.springframework.boot.task.TaskExecutorBuilder$$Lambda$653/0x0000000800f45690
3198:             1             16  org.springframework.boot.task.TaskExecutorBuilder$$Lambda$657/0x0000000800f44800
3199:             1             16  org.springframework.boot.util.Instantiator$$Lambda$70/0x0000000800c97c68
3200:             1             16  org.springframework.boot.util.LambdaSafe$InvocationResult
3201:             1             16  org.springframework.boot.validation.beanvalidation.MethodValidationExcludeFilter$$Lambda$631/0x0000000800f2efc8
3202:             1             16  org.springframework.boot.web.context.ServerPortInfoApplicationContextInitializer
3203:             1             16  org.springframework.boot.web.embedded.tomcat.TomcatEmbeddedContext$$Lambda$767/0x0000000800f9fb48
3204:             1             16  org.springframework.boot.web.embedded.tomcat.TomcatServletWebServerFactory$DisablePersistSessionListener
3205:             1             16  org.springframework.boot.web.embedded.tomcat.TomcatWebServer$$Lambda$771/0x0000000800fa4490
3206:             1             16  org.springframework.boot.web.server.Http2
3207:             1             16  org.springframework.boot.web.servlet.ServletContextInitializerBeans$$Lambda$626/0x0000000800f25598
3208:             1             16  org.springframework.boot.web.servlet.ServletContextInitializerBeans$$Lambda$627/0x0000000800f22420
3209:             1             16  org.springframework.boot.web.servlet.context.ServletWebServerApplicationContext$$Lambda$489/0x0000000800ec8000
3210:             1             16  org.springframework.boot.web.servlet.error.DefaultErrorAttributes
3211:             1             16  org.springframework.boot.web.servlet.server.AbstractServletWebServerFactory$$Lambda$498/0x0000000800ee3ec0
3212:             1             16  org.springframework.boot.web.servlet.server.AbstractServletWebServerFactory$SessionConfiguringInitializer
3213:             1             16  org.springframework.boot.web.servlet.server.AbstractServletWebServerFactory$SessionConfiguringInitializer$$Lambda$523/0x0000000800ef7bf8
3214:             1             16  org.springframework.boot.web.servlet.server.SessionStoreDirectory
3215:             1             16  org.springframework.boot.web.servlet.server.StaticResourceJars
3216:             1             16  org.springframework.boot.web.servlet.server.StaticResourceJars$$Lambda$508/0x0000000800ef1570
3217:             1             16  org.springframework.cglib.core.AbstractClassGenerator$ClassLoaderData$1
3218:             1             16  org.springframework.cglib.core.AbstractClassGenerator$ClassLoaderData$2
3219:             1             16  org.springframework.cglib.core.AbstractClassGenerator$ClassLoaderData$3
3220:             1             16  org.springframework.cglib.core.DefaultGeneratorStrategy
3221:             1             16  org.springframework.cglib.core.DefaultNamingPolicy
3222:             1             16  org.springframework.cglib.core.KeyFactory$1
3223:             1             16  org.springframework.cglib.core.KeyFactory$2
3224:             1             16  org.springframework.cglib.core.KeyFactory$3
3225:             1             16  org.springframework.cglib.core.KeyFactory$4
3226:             1             16  org.springframework.cglib.core.MethodInfoTransformer
3227:             1             16  org.springframework.cglib.core.SpringNamingPolicy
3228:             1             16  org.springframework.cglib.core.internal.LoadingCache$1
3229:             1             16  org.springframework.cglib.proxy.Enhancer$1
3230:             1             16  org.springframework.cglib.proxy.FixedValueGenerator
3231:             1             16  org.springframework.cglib.proxy.InvocationHandlerGenerator
3232:             1             16  org.springframework.cglib.proxy.LazyLoaderGenerator
3233:             1             16  org.springframework.cglib.proxy.MethodInterceptorGenerator
3234:             1             16  org.springframework.cglib.proxy.MethodInterceptorGenerator$1
3235:             1             16  org.springframework.cglib.proxy.NoOp$1
3236:             1             16  org.springframework.cglib.proxy.NoOpGenerator
3237:             1             16  org.springframework.context.annotation.AnnotationBeanNameGenerator
3238:             1             16  org.springframework.context.annotation.ConfigurationClassEnhancer$BeanFactoryAwareGeneratorStrategy
3239:             1             16  org.springframework.context.annotation.ConfigurationClassEnhancer$BeanFactoryAwareMethodInterceptor
3240:             1             16  org.springframework.context.annotation.ConfigurationClassEnhancer$BeanMethodInterceptor
3241:             1             16  org.springframework.context.annotation.ConfigurationClassParser$$Lambda$246/0x0000000800d91bf8
3242:             1             16  org.springframework.context.annotation.ConfigurationClassParser$$Lambda$247/0x0000000800d92438
3243:             1             16  org.springframework.context.annotation.ConfigurationClassPostProcessor$$Lambda$245/0x0000000800d8eb28
3244:             1             16  org.springframework.context.annotation.ConfigurationClassPostProcessor$ImportAwareBeanPostProcessor
3245:             1             16  org.springframework.context.annotation.FullyQualifiedAnnotationBeanNameGenerator
3246:             1             16  org.springframework.context.event.DefaultEventListenerFactory
3247:             1             16  org.springframework.context.event.EventListenerMethodProcessor$$Lambda$753/0x0000000800f9ca40
3248:             1             16  org.springframework.context.expression.BeanExpressionContextAccessor
3249:             1             16  org.springframework.context.expression.BeanFactoryAccessor
3250:             1             16  org.springframework.context.expression.BeanFactoryResolver
3251:             1             16  org.springframework.context.expression.EnvironmentAccessor
3252:             1             16  org.springframework.context.expression.MapAccessor
3253:             1             16  org.springframework.context.expression.StandardBeanExpressionResolver$$Lambda$233/0x0000000800d7bc90
3254:             1             16  org.springframework.context.expression.StandardBeanExpressionResolver$1
3255:             1             16  org.springframework.context.index.CandidateComponentsIndexLoader$$Lambda$199/0x0000000800d2be28
3256:             1             16  org.springframework.context.support.DefaultLifecycleProcessor$$Lambda$756/0x0000000800f9d4f0
3257:             1             16  org.springframework.core.OrderComparator
3258:             1             16  org.springframework.core.ReactiveAdapterRegistry
3259:             1             16  org.springframework.core.ResolvableType$EmptyType
3260:             1             16  org.springframework.core.annotation.AbstractMergedAnnotation$$Lambda$220/0x0000000800d54488
3261:             1             16  org.springframework.core.annotation.AnnotatedElementUtils$$Lambda$665/0x0000000800f5ab80
3262:             1             16  org.springframework.core.annotation.AnnotationAwareOrderComparator
3263:             1             16  org.springframework.core.annotation.AnnotationFilter$1
3264:             1             16  org.springframework.core.annotation.AnnotationFilter$2
3265:             1             16  org.springframework.core.annotation.AnnotationTypeMapping$$Lambda$212/0x0000000800d441c8
3266:             1             16  org.springframework.core.annotation.AnnotationTypeMapping$$Lambda$214/0x0000000800d48618
3267:             1             16  org.springframework.core.annotation.AnnotationTypeMappings$$Lambda$41/0x0000000800c35330
3268:             1             16  org.springframework.core.annotation.AnnotationUtils$$Lambda$376/0x0000000800eab770
3269:             1             16  org.springframework.core.annotation.AnnotationUtils$$Lambda$636/0x0000000800f36000
3270:             1             16  org.springframework.core.annotation.AnnotationUtils$$Lambda$638/0x0000000800f36460
3271:             1             16  org.springframework.core.annotation.AttributeMethods$$Lambda$35/0x0000000800c2ea78
3272:             1             16  org.springframework.core.annotation.AttributeMethods$$Lambda$36/0x0000000800c2ed08
3273:             1             16  org.springframework.core.annotation.MergedAnnotationCollectors$$Lambda$304/0x0000000800dd33d0
3274:             1             16  org.springframework.core.annotation.MergedAnnotationCollectors$$Lambda$306/0x0000000800dd3818
3275:             1             16  org.springframework.core.annotation.MergedAnnotationCollectors$$Lambda$808/0x0000000801005940
3276:             1             16  org.springframework.core.annotation.MergedAnnotationCollectors$$Lambda$809/0x0000000801005b58
3277:             1             16  org.springframework.core.annotation.MergedAnnotationCollectors$$Lambda$810/0x0000000801005d80
3278:             1             16  org.springframework.core.annotation.MergedAnnotationSelectors$FirstDirectlyDeclared
3279:             1             16  org.springframework.core.annotation.MergedAnnotationSelectors$Nearest
3280:             1             16  org.springframework.core.annotation.MissingMergedAnnotation
3281:             1             16  org.springframework.core.annotation.RepeatableContainers$NoRepeatableContainers
3282:             1             16  org.springframework.core.annotation.RepeatableContainers$StandardRepeatableContainers
3283:             1             16  org.springframework.core.annotation.RepeatableContainers$StandardRepeatableContainers$$Lambda$37/0x0000000800c2ef40
3284:             1             16  org.springframework.core.annotation.TypeMappedAnnotation$$Lambda$228/0x0000000800d66e48
3285:             1             16  org.springframework.core.annotation.TypeMappedAnnotation$$Lambda$251/0x0000000800da13f8
3286:             1             16  org.springframework.core.annotation.TypeMappedAnnotation$$Lambda$307/0x0000000800dd3a58
3287:             1             16  org.springframework.core.annotation.TypeMappedAnnotation$$Lambda$42/0x0000000800c35c80
3288:             1             16  org.springframework.core.annotation.TypeMappedAnnotation$$Lambda$637/0x0000000800f36248
3289:             1             16  org.springframework.core.convert.support.GenericConversionService$Converters$$Lambda$63/0x0000000800c82670
3290:             1             16  org.springframework.core.io.DefaultResourceLoader$$Lambda$198/0x0000000800d2b108
3291:             1             16  org.springframework.core.io.support.DefaultPropertySourceFactory
3292:             1             16  org.springframework.core.io.support.PathMatchingResourcePatternResolver$$Lambda$249/0x0000000800d99c38
3293:             1             16  org.springframework.core.io.support.ResourcePropertiesPersister
3294:             1             16  org.springframework.core.io.support.SpringFactoriesLoader$$Lambda$14/0x0000000800c1bcd8
3295:             1             16  org.springframework.core.io.support.SpringFactoriesLoader$$Lambda$15/0x0000000800c1bf10
3296:             1             16  org.springframework.core.io.support.SpringFactoriesLoader$$Lambda$20/0x0000000800c1c138
3297:             1             16  org.springframework.core.log.CompositeLog$$Lambda$180/0x0000000800d0cc90
3298:             1             16  org.springframework.core.log.CompositeLog$$Lambda$181/0x0000000800d0ced8
3299:             1             16  org.springframework.core.log.CompositeLog$$Lambda$182/0x0000000800d0d120
3300:             1             16  org.springframework.core.log.CompositeLog$$Lambda$183/0x0000000800d0d368
3301:             1             16  org.springframework.core.log.CompositeLog$$Lambda$184/0x0000000800d0d5b0
3302:             1             16  org.springframework.core.log.CompositeLog$$Lambda$185/0x0000000800d0d7f8
3303:             1             16  org.springframework.core.metrics.DefaultApplicationStartup
3304:             1             16  org.springframework.core.metrics.DefaultApplicationStartup$DefaultStartupStep
3305:             1             16  org.springframework.core.metrics.DefaultApplicationStartup$DefaultStartupStep$DefaultTags
3306:             1             16  org.springframework.core.type.AnnotatedTypeMetadata$$Lambda$300/0x0000000800dd26c8
3307:             1             16  org.springframework.core.type.AnnotatedTypeMetadata$$Lambda$301/0x0000000800dd2d60
3308:             1             16  org.springframework.core.type.AnnotatedTypeMetadata$$Lambda$302/0x0000000800dd2f98
3309:             1             16  org.springframework.core.type.AnnotationMetadata$$Lambda$216/0x0000000800d51db0
3310:             1             16  org.springframework.core.type.AnnotationMetadata$$Lambda$217/0x0000000800d52660
3311:             1             16  org.springframework.core.type.AnnotationMetadata$$Lambda$218/0x0000000800d52898
3312:             1             16  org.springframework.core.type.AnnotationMetadata$$Lambda$222/0x0000000800d54e28
3313:             1             16  org.springframework.core.type.AnnotationMetadata$$Lambda$223/0x0000000800d55338
3314:             1             16  org.springframework.core.type.AnnotationMetadata$$Lambda$224/0x0000000800d55770
3315:             1             16  org.springframework.core.type.AnnotationMetadata$$Lambda$255/0x0000000800daecb8
3316:             1             16  org.springframework.expression.spel.support.StandardOperatorOverloader
3317:             1             16  org.springframework.expression.spel.support.StandardTypeComparator
3318:             1             16  org.springframework.expression.spel.support.StandardTypeConverter
3319:             1             16  org.springframework.http.MediaType$$Lambda$179/0x0000000800d01038
3320:             1             16  org.springframework.http.MediaType$1
3321:             1             16  org.springframework.http.converter.json.SpringHandlerInstantiator
3322:             1             16  org.springframework.http.converter.xml.SourceHttpMessageConverter$$Lambda$187/0x0000000800d15838
3323:             1             16  org.springframework.http.converter.xml.SourceHttpMessageConverter$$Lambda$188/0x0000000800d15ce0
3324:             1             16  org.springframework.objenesis.strategy.StdInstantiatorStrategy
3325:             1             16  org.springframework.util.ClassUtils$$Lambda$612/0x0000000800f18f28
3326:             1             16  org.springframework.util.ConcurrentReferenceHashMap$EntrySet
3327:             1             16  org.springframework.util.MimeType$SpecificityComparator
3328:             1             16  org.springframework.util.MimeTypeUtils$$Lambda$676/0x0000000800f64048
3329:             1             16  org.springframework.util.MultiValueMapAdapter
3330:             1             16  org.springframework.util.MultiValueMapAdapter$$Lambda$33/0x0000000800c2c780
3331:             1             16  org.springframework.util.ReflectionUtils$$Lambda$23/0x0000000800c24000
3332:             1             16  org.springframework.util.ReflectionUtils$$Lambda$24/0x0000000800c24420
3333:             1             16  org.springframework.web.accept.ContentNegotiationManager$$Lambda$661/0x0000000800f50ea8
3334:             1             16  org.springframework.web.accept.MappingMediaTypeFileExtensionResolver$$Lambda$642/0x0000000800f35000
3335:             1             16  org.springframework.web.bind.support.DefaultSessionAttributeStore
3336:             1             16  org.springframework.web.context.request.SessionScope
3337:             1             16  org.springframework.web.context.request.async.TimeoutCallableProcessingInterceptor
3338:             1             16  org.springframework.web.context.request.async.TimeoutDeferredResultProcessingInterceptor
3339:             1             16  org.springframework.web.context.support.WebApplicationContextUtils$RequestObjectFactory
3340:             1             16  org.springframework.web.context.support.WebApplicationContextUtils$ResponseObjectFactory
3341:             1             16  org.springframework.web.context.support.WebApplicationContextUtils$SessionObjectFactory
3342:             1             16  org.springframework.web.context.support.WebApplicationContextUtils$WebRequestObjectFactory
3343:             1             16  org.springframework.web.method.annotation.ErrorsMethodArgumentResolver
3344:             1             16  org.springframework.web.method.annotation.RequestHeaderMapMethodArgumentResolver
3345:             1             16  org.springframework.web.method.annotation.SessionStatusMethodArgumentResolver
3346:             1             16  org.springframework.web.multipart.support.StandardServletMultipartResolver
3347:             1             16  org.springframework.web.servlet.config.annotation.InterceptorRegistry$$Lambda$666/0x0000000800f5bb28
3348:             1             16  org.springframework.web.servlet.config.annotation.InterceptorRegistry$$Lambda$667/0x0000000800f5e930
3349:             1             16  org.springframework.web.servlet.config.annotation.WebMvcConfigurationSupport$NoOpValidator
3350:             1             16  org.springframework.web.servlet.config.annotation.WebMvcConfigurerComposite
3351:             1             16  org.springframework.web.servlet.function.support.RouterFunctionMapping$$Lambda$682/0x0000000800f67130
3352:             1             16  org.springframework.web.servlet.handler.AbstractHandlerMethodMapping$$Lambda$680/0x0000000800f65510
3353:             1             16  org.springframework.web.servlet.handler.AbstractHandlerMethodMapping$$Lambda$681/0x0000000800f65748
3354:             1             16  org.springframework.web.servlet.handler.AbstractHandlerMethodMapping$EmptyHandler
3355:             1             16  org.springframework.web.servlet.handler.ConversionServiceExposingInterceptor
3356:             1             16  org.springframework.web.servlet.mvc.HttpRequestHandlerAdapter
3357:             1             16  org.springframework.web.servlet.mvc.SimpleControllerHandlerAdapter
3358:             1             16  org.springframework.web.servlet.mvc.condition.ParamsRequestCondition
3359:             1             16  org.springframework.web.servlet.mvc.condition.RequestConditionHolder
3360:             1             16  org.springframework.web.servlet.mvc.method.annotation.AsyncTaskMethodReturnValueHandler
3361:             1             16  org.springframework.web.servlet.mvc.method.annotation.CallableMethodReturnValueHandler
3362:             1             16  org.springframework.web.servlet.mvc.method.annotation.DeferredResultMethodReturnValueHandler
3363:             1             16  org.springframework.web.servlet.mvc.method.annotation.HttpHeadersReturnValueHandler
3364:             1             16  org.springframework.web.servlet.mvc.method.annotation.JsonViewRequestBodyAdvice
3365:             1             16  org.springframework.web.servlet.mvc.method.annotation.RequestMappingHandlerAdapter$$Lambda$643/0x0000000800f38ed0
3366:             1             16  org.springframework.web.servlet.mvc.method.annotation.RequestMappingHandlerAdapter$$Lambda$644/0x0000000800f390f8
3367:             1             16  org.springframework.web.servlet.mvc.method.annotation.StreamingResponseBodyReturnValueHandler
3368:             1             16  org.springframework.web.servlet.mvc.method.annotation.UriComponentsBuilderMethodArgumentResolver
3369:             1             16  org.springframework.web.servlet.resource.ResourceUrlProviderExposingInterceptor
3370:             1             16  org.springframework.web.servlet.theme.FixedThemeResolver
3371:             1             16  org.springframework.web.servlet.view.AbstractCachingViewResolver$$Lambda$704/0x0000000800f81090
3372:             1             16  org.springframework.web.servlet.view.AbstractCachingViewResolver$1
3373:             1             16  org.springframework.web.servlet.view.ContentNegotiatingViewResolver$1
3374:             1             16  org.springframework.web.util.pattern.PathPattern$$Lambda$671/0x0000000800f62118
3375:             1             16  org.springframework.web.util.pattern.PathPattern$$Lambda$672/0x0000000800f62330
3376:             1             16  org.springframework.web.util.pattern.PathPattern$$Lambda$674/0x0000000800f62548
3377:             1             16  org.springframework.web.util.pattern.PathPattern$$Lambda$675/0x0000000800f62760
3378:             1             16  sun.management.ClassLoadingImpl (java.management@17.0.5)
3379:             1             16  sun.management.ManagementFactoryHelper$$Lambda$579/0x0000000800e79ce0 (java.management@17.0.5)
3380:             1             16  sun.management.ManagementFactoryHelper$$Lambda$819/0x0000000800fdbde8 (java.management@17.0.5)
3381:             1             16  sun.management.ManagementFactoryHelper$$Lambda$820/0x0000000800fdc020 (java.management@17.0.5)
3382:             1             16  sun.management.jmxremote.ConnectorBootstrap$PermanentExporter (jdk.management.agent@17.0.5)
3383:             1             16  sun.management.jmxremote.LocalRMIServerSocketFactory (jdk.management.agent@17.0.5)
3384:             1             16  sun.net.DefaultProgressMeteringPolicy (java.base@17.0.5)
3385:             1             16  sun.net.www.protocol.jar.Handler (java.base@17.0.5)
3386:             1             16  sun.net.www.protocol.jar.JarFileFactory (java.base@17.0.5)
3387:             1             16  sun.nio.ch.DefaultSelectorProvider$$Lambda$758/0x0000000800f71ce0 (java.base@17.0.5)
3388:             1             16  sun.nio.ch.ExtendedSocketOption$1 (java.base@17.0.5)
3389:             1             16  sun.nio.ch.FileChannelImpl$1 (java.base@17.0.5)
3390:             1             16  sun.nio.ch.FileChannelImpl$2 (java.base@17.0.5)
3391:             1             16  sun.nio.ch.Net$1 (java.base@17.0.5)
3392:             1             16  sun.nio.ch.NioSocketImpl$1 (java.base@17.0.5)
3393:             1             16  sun.nio.ch.NioSocketImpl$2 (java.base@17.0.5)
3394:             1             16  sun.nio.ch.UnixDomainSocketsUtil$$Lambda$761/0x0000000800f78260 (java.base@17.0.5)
3395:             1             16  sun.nio.ch.Util$1 (java.base@17.0.5)
3396:             1             16  sun.nio.ch.Util$2 (java.base@17.0.5)
3397:             1             16  sun.nio.ch.WEPollSelectorProvider (java.base@17.0.5)
3398:             1             16  sun.nio.fs.NativeBuffers$1 (java.base@17.0.5)
3399:             1             16  sun.nio.fs.WindowsChannelFactory$1 (java.base@17.0.5)
3400:             1             16  sun.nio.fs.WindowsFileSystemProvider (java.base@17.0.5)
3401:             1             16  sun.reflect.generics.tree.BooleanSignature (java.base@17.0.5)
3402:             1             16  sun.reflect.generics.tree.BottomSignature (java.base@17.0.5)
3403:             1             16  sun.reflect.generics.tree.ByteSignature (java.base@17.0.5)
3404:             1             16  sun.reflect.generics.tree.CharSignature (java.base@17.0.5)
3405:             1             16  sun.reflect.generics.tree.LongSignature (java.base@17.0.5)
3406:             1             16  sun.reflect.generics.tree.VoidDescriptor (java.base@17.0.5)
3407:             1             16  sun.rmi.runtime.Log$$Lambda$886/0x0000000801055438 (java.rmi@17.0.5)
3408:             1             16  sun.rmi.runtime.Log$LoggerLogFactory (java.rmi@17.0.5)
3409:             1             16  sun.rmi.runtime.RuntimeUtil (java.rmi@17.0.5)
3410:             1             16  sun.rmi.runtime.RuntimeUtil$$Lambda$904/0x000000080105cb50 (java.rmi@17.0.5)
3411:             1             16  sun.rmi.server.LoaderHandler$$Lambda$917/0x00000008010695b8 (java.rmi@17.0.5)
3412:             1             16  sun.rmi.server.LoaderHandler$$Lambda$918/0x00000008010697d0 (java.rmi@17.0.5)
3413:             1             16  sun.rmi.server.MarshalInputStream$$Lambda$914/0x0000000801066f18 (java.rmi@17.0.5)
3414:             1             16  sun.rmi.server.UnicastRef (java.rmi@17.0.5)
3415:             1             16  sun.rmi.server.UnicastRef$$Lambda$888/0x0000000801056370 (java.rmi@17.0.5)
3416:             1             16  sun.rmi.server.UnicastServerRef$$Lambda$889/0x0000000801056588 (java.rmi@17.0.5)
3417:             1             16  sun.rmi.server.UnicastServerRef$$Lambda$890/0x00000008010567a0 (java.rmi@17.0.5)
3418:             1             16  sun.rmi.server.UnicastServerRef$$Lambda$891/0x00000008010569b8 (java.rmi@17.0.5)
3419:             1             16  sun.rmi.server.UnicastServerRef$HashToMethod_Maps (java.rmi@17.0.5)
3420:             1             16  sun.rmi.server.Util$$Lambda$885/0x0000000801054810 (java.rmi@17.0.5)
3421:             1             16  sun.rmi.server.Util$$Lambda$887/0x0000000801056158 (java.rmi@17.0.5)
3422:             1             16  sun.rmi.transport.DGCAckHandler$$Lambda$919/0x0000000801070bd0 (java.rmi@17.0.5)
3423:             1             16  sun.rmi.transport.DGCImpl$$Lambda$901/0x000000080105c0d8 (java.rmi@17.0.5)
3424:             1             16  sun.rmi.transport.DGCImpl$$Lambda$902/0x000000080105c2f0 (java.rmi@17.0.5)
3425:             1             16  sun.rmi.transport.DGCImpl$$Lambda$903/0x000000080105c508 (java.rmi@17.0.5)
3426:             1             16  sun.rmi.transport.DGCImpl$$Lambda$905/0x000000080105cf90 (java.rmi@17.0.5)
3427:             1             16  sun.rmi.transport.DGCImpl$1 (java.rmi@17.0.5)
3428:             1             16  sun.rmi.transport.DGCImpl$2$$Lambda$906/0x000000080105d5c8 (java.rmi@17.0.5)
3429:             1             16  sun.rmi.transport.DGCImpl_Skel (java.rmi@17.0.5)
3430:             1             16  sun.rmi.transport.DGCImpl_Stub (java.rmi@17.0.5)
3431:             1             16  sun.rmi.transport.ObjectTable$$Lambda$900/0x000000080105baa0 (java.rmi@17.0.5)
3432:             1             16  sun.rmi.transport.Transport$$Lambda$895/0x00000008010585c8 (java.rmi@17.0.5)
3433:             1             16  sun.rmi.transport.tcp.TCPChannel$$Lambda$909/0x0000000801064e30 (java.rmi@17.0.5)
3434:             1             16  sun.rmi.transport.tcp.TCPChannel$$Lambda$910/0x0000000801065048 (java.rmi@17.0.5)
3435:             1             16  sun.rmi.transport.tcp.TCPChannel$$Lambda$911/0x0000000801065260 (java.rmi@17.0.5)
3436:             1             16  sun.rmi.transport.tcp.TCPDirectSocketFactory (java.rmi@17.0.5)
3437:             1             16  sun.rmi.transport.tcp.TCPEndpoint$$Lambda$893/0x0000000801057d10 (java.rmi@17.0.5)
3438:             1             16  sun.rmi.transport.tcp.TCPTransport$$Lambda$896/0x00000008010587e0 (java.rmi@17.0.5)
3439:             1             16  sun.rmi.transport.tcp.TCPTransport$$Lambda$897/0x00000008010589f8 (java.rmi@17.0.5)
3440:             1             16  sun.rmi.transport.tcp.TCPTransport$$Lambda$898/0x0000000801058c10 (java.rmi@17.0.5)
3441:             1             16  sun.rmi.transport.tcp.TCPTransport$$Lambda$899/0x000000080105a250 (java.rmi@17.0.5)
3442:             1             16  sun.rmi.transport.tcp.TCPTransport$1 (java.rmi@17.0.5)
3443:             1             16  sun.rmi.transport.tcp.TCPTransport$ConnectionHandler$$Lambda$908/0x00000008010642a8 (java.rmi@17.0.5)
3444:             1             16  sun.security.jca.ProviderConfig$ProviderLoader (java.base@17.0.5)
3445:             1             16  sun.security.provider.AbstractDrbg$$Lambda$491/0x0000000800e58090 (java.base@17.0.5)
3446:             1             16  sun.security.provider.AbstractDrbg$SeederHolder$$Lambda$494/0x0000000800e60440 (java.base@17.0.5)
3447:             1             16  sun.security.provider.DRBG$$Lambda$490/0x0000000800e56b80 (java.base@17.0.5)
3448:             1             16  sun.security.provider.NativeSeedGenerator (java.base@17.0.5)
3449:             1             16  sun.security.util.ByteArrayLexOrder (java.base@17.0.5)
3450:             1             16  sun.security.util.ByteArrayTagOrder (java.base@17.0.5)
3451:             1             16  sun.util.calendar.Gregorian (java.base@17.0.5)
3452:             1             16  sun.util.cldr.CLDRBaseLocaleDataMetaInfo (java.base@17.0.5)
3453:             1             16  sun.util.cldr.CLDRLocaleProviderAdapter$$Lambda$51/0x800000059 (java.base@17.0.5)
3454:             1             16  sun.util.locale.InternalLocaleBuilder$CaseInsensitiveChar (java.base@17.0.5)
3455:             1             16  sun.util.locale.provider.CalendarDataUtility$CalendarWeekParameterGetter (java.base@17.0.5)
3456:             1             16  sun.util.locale.provider.TimeZoneNameUtility$TimeZoneNameGetter (java.base@17.0.5)
3457:             1             16  sun.util.logging.internal.LoggingProviderImpl (java.logging@17.0.5)
3458:             1             16  sun.util.resources.LocaleData$LocaleDataStrategy (java.base@17.0.5)
3459:             1             16  sun.util.resources.cldr.provider.CLDRLocaleDataMetaInfo (jdk.localedata@17.0.5)
Total      12274308      389926088
